<html>
<body>
<pre>
<h1>µVision Build Log</h1>
<h2>Tool Versions:</h2>
IDE-Version: ¦ÌVision V5.17.0.0
Copyright (C) 2015 ARM Ltd and ARM Germany GmbH. All rights reserved.
License Information: luo Microsoft, Microsoft, LIC=4ZLNN-YFNL7-XA3DC-74L5J-FK8DN-C9BAK
 
Tool Versions:
Toolchain:       MDK-ARM Professional  Version: 5.17
Toolchain Path:  E:\Keil_v5\ARM\ARMCC\Bin
C Compiler:      Armcc.exe V5.06 update 1 (build 61)
Assembler:       Armasm.exe V5.06 update 1 (build 61)
Linker/Locator:  ArmLink.exe V5.06 update 1 (build 61)
Library Manager: ArmAr.exe V5.06 update 1 (build 61)
Hex Converter:   FromElf.exe V5.06 update 1 (build 61)
CPU DLL:         SARMCM3.DLL V5.17
Dialog DLL:      DCM.DLL V1.13.4.0
Target DLL:      Segger\JL2CM3.dll V2.99.16.0
Dialog DLL:      TCM.DLL V1.14.6.0
 
<h2>Project:</h2>
F:\IMU2.0\software\IMU2.0plusFreeRTOS\IMU_V2.0\MDK-ARM\IMU_V20.uvprojx
Project File Date:  12/13/2018

<h2>Output:</h2>
*** Using Compiler 'V5.06 update 1 (build 61)', folder: 'E:\Keil_v5\ARM\ARMCC\Bin'
Build target 'IMU_V2.0'
assembling startup_stm32f405xx.s...
compiling freertos.c...
compiling stm32f4xx_hal_msp.c...
compiling main.c...
compiling stm32f4xx_it.c...
compiling stm32f4xx_hal_timebase_TIM.c...
compiling stm32f4xx_hal_can.c...
compiling stm32f4xx_hal_tim.c...
compiling stm32f4xx_hal_tim_ex.c...
compiling stm32f4xx_hal_rcc_ex.c...
compiling stm32f4xx_hal_uart.c...
compiling stm32f4xx_hal_rcc.c...
compiling stm32f4xx_hal_flash.c...
compiling stm32f4xx_hal_flash_ramfunc.c...
compiling stm32f4xx_hal_flash_ex.c...
compiling stm32f4xx_hal_gpio.c...
compiling stm32f4xx_hal_dma.c...
compiling stm32f4xx_hal_dma_ex.c...
compiling stm32f4xx_hal_cortex.c...
compiling stm32f4xx_hal_pwr_ex.c...
compiling stm32f4xx_hal_pwr.c...
compiling heap_4.c...
compiling port.c...
compiling croutine.c...
compiling event_groups.c...
compiling list.c...
compiling system_stm32f4xx.c...
compiling queue.c...
compiling stm32f4xx_hal.c...
compiling timers.c...
compiling tasks.c...
compiling cmsis_os.c...
compiling iic.c...
compiling delay.c...
compiling sys.c...
compiling usart.c...
compiling inv_mpu_dmp_motion_driver.c...
compiling inv_mpu.c...
..\Peripherals\eMPL\inv_mpu.c(1686): warning:  #177-D: variable "user_ctrl" was declared but never referenced
      unsigned char user_ctrl;
..\Peripherals\eMPL\inv_mpu.c(2072): warning:  #177-D: variable "data" was declared but never referenced
      short data;
..\Peripherals\eMPL\inv_mpu.c: 2 warnings, 0 errors
compiling mpu9250.c...
compiling TestSlave.c...
..\Peripherals\CANopen301\driver\TestSlave.c(922): warning:  #68-D: integer conversion resulted in a change of sign
  CO_Data TestSlave_Data = 
ANOPEN_NODE_DATA_INITIALIZER( TestSlave, CAN_NUM1, CAN_PORT1, TIM2);
..\Peripherals\CANopen301\driver\TestSlave.c(922): warning:  #68-D: integer conversion resulted in a change of sign
  CO_Data TestSlave_Data = 
ANOPEN_NODE_DATA_INITIALIZER( TestSlave, CAN_NUM1, CAN_PORT1, TIM2);
..\Peripherals\CANopen301\driver\TestSlave.c(922): warning:  #68-D: integer conversion resulted in a change of sign
  CO_Data TestSlave_Data = 
ANOPEN_NODE_DATA_INITIALIZER( TestSlave, CAN_NUM1, CAN_PORT1, TIM2);
..\Peripherals\CANopen301\driver\TestSlave.c(922): warning:  #68-D: integer conversion resulted in a change of sign
  CO_Data TestSlave_Data = 
ANOPEN_NODE_DATA_INITIALIZER( TestSlave, CAN_NUM1, CAN_PORT1, TIM2);
..\Peripherals\CANopen301\driver\TestSlave.c(922): warning:  #68-D: integer conversion resulted in a change of sign
  CO_Data TestSlave_Data = 
ANOPEN_NODE_DATA_INITIALIZER( TestSlave, CAN_NUM1, CAN_PORT1, TIM2);
..\Peripherals\CANopen301\driver\TestSlave.c(922): warning:  #68-D: integer conversion resulted in a change of sign
  CO_Data TestSlave_Data = 
ANOPEN_NODE_DATA_INITIALIZER( TestSlave, CAN_NUM1, CAN_PORT1, TIM2);
..\Peripherals\CANopen301\driver\TestSlave.c(922): warning:  #68-D: integer conversion resulted in a change of sign
  CO_Data TestSlave_Data = 
ANOPEN_NODE_DATA_INITIALIZER( TestSlave, CAN_NUM1, CAN_PORT1, TIM2);
..\Peripherals\CANopen301\driver\TestSlave.c(922): warning:  #68-D: integer conversion resulted in a change of sign
  CO_Data TestSlave_Data = 
ANOPEN_NODE_DATA_INITIALIZER( TestSlave, CAN_NUM1, CAN_PORT1, TIM2);
..\Peripherals\CANopen301\driver\TestSlave.c(922): warning:  #68-D: integer conversion resulted in a change of sign
  CO_Data TestSlave_Data = 
ANOPEN_NODE_DATA_INITIALIZER( TestSlave, CAN_NUM1, CAN_PORT1, TIM2);
..\Peripherals\CANopen301\driver\TestSlave.c(922): warning:  #68-D: integer conversion resulted in a change of sign
  CO_Data TestSlave_Data = 
ANOPEN_NODE_DATA_INITIALIZER( TestSlave, CAN_NUM1, CAN_PORT1, TIM2);
..\Peripherals\CANopen301\driver\TestSlave.c(922): warning:  #68-D: integer conversion resulted in a change of sign
  CO_Data TestSlave_Data = 
ANOPEN_NODE_DATA_INITIALIZER( TestSlave, CAN_NUM1, CAN_PORT1, TIM2);
..\Peripherals\CANopen301\driver\TestSlave.c(922): warning:  #68-D: integer conversion resulted in a change of sign
  CO_Data TestSlave_Data = 
ANOPEN_NODE_DATA_INITIALIZER( TestSlave, CAN_NUM1, CAN_PORT1, TIM2);
..\Peripherals\CANopen301\driver\TestSlave.c(922): warning:  #68-D: integer conversion resulted in a change of sign
  CO_Data TestSlave_Data = 
ANOPEN_NODE_DATA_INITIALIZER( TestSlave, CAN_NUM1, CAN_PORT1, TIM2);
..\Peripherals\CANopen301\driver\TestSlave.c(922): warning:  #68-D: integer conversion resulted in a change of sign
  CO_Data TestSlave_Data = 
ANOPEN_NODE_DATA_INITIALIZER( TestSlave, CAN_NUM1, CAN_PORT1, TIM2);
..\Peripherals\CANopen301\driver\TestSlave.c(922): warning:  #68-D: integer conversion resulted in a change of sign
  CO_Data TestSlave_Data = 
ANOPEN_NODE_DATA_INITIALIZER( TestSlave, CAN_NUM1, CAN_PORT1, TIM2);
..\Peripherals\CANopen301\driver\TestSlave.c(922): warning:  #68-D: integer conversion resulted in a change of sign
  CO_Data TestSlave_Data = 
ANOPEN_NODE_DATA_INITIALIZER( TestSlave, CAN_NUM1, CAN_PORT1, TIM2);
..\Peripherals\CANopen301\driver\TestSlave.c(922): warning:  #188-D: enumerated type mixed with another type
  CO_Data TestSlave_Data = 
ANOPEN_NODE_DATA_INITIALIZER( TestSlave, CAN_NUM1, CAN_PORT1, TIM2);
..\Peripherals\CANopen301\driver\TestSlave.c: 17 warnings, 0 errors
compiling can.c...
compiling nmtMaster.c...
compiling emcy.c...
compiling lifegrd.c...
compiling nmtSlave.c...
compiling objacces.c...
..\Peripherals\CANopen301\src\objacces.c(220): warning:  #177-D: variable "Callback" was declared but never referenced
    ODCallback_t *Callback;
..\Peripherals\CANopen301\src\objacces.c: 1 warning, 0 errors
compiling ObjectDictionary.c...
..\Peripherals\CANopen301\src\ObjectDictionary.c(68): warning:  #940-D: missing return statement at end of non-void function "find_object"
  }
..\Peripherals\CANopen301\src\ObjectDictionary.c: 1 warning, 0 errors
compiling states.c...
compiling pdo.c...
..\Peripherals\CANopen301\src\pdo.c(213): warning:  #550-D: variable "cob_id" was set but never used
    UNS32 cob_id = 0;
..\Peripherals\CANopen301\src\pdo.c(918): warning:  #177-D: variable "errorCode" was declared but never referenced
          UNS32 errorCode;
..\Peripherals\CANopen301\src\pdo.c: 2 warnings, 0 errors
compiling sdo.c...
..\Peripherals\CANopen301\src\sdo.c(147): warning:  #550-D: variable "nodeId" was set but never used
  	UNS8 nodeId;
..\Peripherals\CANopen301\src\sdo.c(468): warning:  #550-D: variable "nodeId" was set but never used
      UNS8 nodeId;
..\Peripherals\CANopen301\src\sdo.c(2157): warning:  #111-D: statement is unreachable
  			return 0xFF;
..\Peripherals\CANopen301\src\sdo.c: 3 warnings, 0 errors
compiling CANopenInit.c...
compiling sync.c...
compiling timer.c...
linking...
Program Size: Code=42480 RO-data=8556 RW-data=12060 ZI-data=17068  
FromELF: creating hex file...
"IMU_V2.0\IMU_V2.0" - 0 Error(s), 26 Warning(s).

<h2>Software Packages used:</h2>

Package Vendor: ARM
                http://www.keil.com/pack/ARM.CMSIS.4.5.0.pack
                ARM::CMSIS:CORE:4.3.0
                CMSIS (Cortex Microcontroller Software Interface Standard)
   * Component: CORE Version: 4.3.0

<h2>Collection of Component include folders:</h2>
  F:\IMU2.0\software\IMU2.0plusFreeRTOS\IMU_V2.0\MDK-ARM\RTE
  E:\Keil_v5\ARM\PACK\ARM\CMSIS\4.5.0\CMSIS\Include
  E:\Keil_v5\ARM\PACK\Keil\STM32F4xx_DFP\2.7.0\Drivers\CMSIS\Device\ST\STM32F4xx\Include

<h2>Collection of Component Files used:</h2>

   * Component: ARM::CMSIS:CORE:4.3.0
Build Time Elapsed:  00:00:54
</pre>
</body>
</html>
