Component: ARM Compiler 5.06 update 1 (build 61) Tool: armlink [4d35a8]

==============================================================================

Section Cross References

    startup_stm32f405xx.o(RESET) refers to startup_stm32f405xx.o(STACK) for __initial_sp
    startup_stm32f405xx.o(RESET) refers to startup_stm32f405xx.o(.text) for Reset_Handler
    startup_stm32f405xx.o(RESET) refers to stm32f4xx_it.o(i.NMI_Handler) for NMI_Handler
    startup_stm32f405xx.o(RESET) refers to stm32f4xx_it.o(i.HardFault_Handler) for HardFault_Handler
    startup_stm32f405xx.o(RESET) refers to stm32f4xx_it.o(i.MemManage_Handler) for MemManage_Handler
    startup_stm32f405xx.o(RESET) refers to stm32f4xx_it.o(i.BusFault_Handler) for BusFault_Handler
    startup_stm32f405xx.o(RESET) refers to stm32f4xx_it.o(i.UsageFault_Handler) for UsageFault_Handler
    startup_stm32f405xx.o(RESET) refers to port.o(.emb_text) for SVC_Handler
    startup_stm32f405xx.o(RESET) refers to stm32f4xx_it.o(i.DebugMon_Handler) for DebugMon_Handler
    startup_stm32f405xx.o(RESET) refers to stm32f4xx_it.o(i.SysTick_Handler) for SysTick_Handler
    startup_stm32f405xx.o(RESET) refers to stm32f4xx_it.o(i.CAN1_RX0_IRQHandler) for CAN1_RX0_IRQHandler
    startup_stm32f405xx.o(RESET) refers to stm32f4xx_it.o(i.TIM1_UP_TIM10_IRQHandler) for TIM1_UP_TIM10_IRQHandler
    startup_stm32f405xx.o(RESET) refers to stm32f4xx_it.o(i.TIM2_IRQHandler) for TIM2_IRQHandler
    startup_stm32f405xx.o(.text) refers to system_stm32f4xx.o(i.SystemInit) for SystemInit
    startup_stm32f405xx.o(.text) refers to entry.o(.ARM.Collect$$$$00000000) for __main
    main.o(i.CAN1_Init) refers to stm32f4xx_hal_can.o(i.HAL_CAN_Init) for HAL_CAN_Init
    main.o(i.CAN1_Init) refers to stm32f4xx_hal_can.o(i.HAL_CAN_ConfigFilter) for HAL_CAN_ConfigFilter
    main.o(i.CAN1_Init) refers to stm32f4xx_hal_can.o(i.HAL_CAN_Start) for HAL_CAN_Start
    main.o(i.CAN1_Init) refers to main.o(.bss) for .bss
    main.o(i.Freertos_Init) refers to cmsis_os.o(i.osSemaphoreCreate) for osSemaphoreCreate
    main.o(i.Freertos_Init) refers to memcpy.o(.text) for __aeabi_memcpy4
    main.o(i.Freertos_Init) refers to cmsis_os.o(i.osThreadCreate) for osThreadCreate
    main.o(i.Freertos_Init) refers to cmsis_os.o(i.osMessageCreate) for osMessageCreate
    main.o(i.Freertos_Init) refers to main.o(.data) for .data
    main.o(i.Freertos_Init) refers to main.o(.constdata) for .constdata
    main.o(i.Freertos_Init) refers to testslave.o(.bss) for EULER
    main.o(i.FunctionCANRx) refers to queue.o(i.xQueueGenericReceive) for xQueueGenericReceive
    main.o(i.FunctionCANRx) refers to states.o(i.canDispatch) for canDispatch
    main.o(i.FunctionCANRx) refers to main.o(.data) for .data
    main.o(i.FunctionCANRx) refers to testslave.o(.data) for TestSlave_Data
    main.o(i.FunctionCANopenUpdate) refers to queue.o(i.xQueueGenericReceive) for xQueueGenericReceive
    main.o(i.FunctionCANopenUpdate) refers to main.o(.data) for .data
    main.o(i.FunctionIMUdata) refers to port.o(i.vPortEnterCritical) for vPortEnterCritical
    main.o(i.FunctionIMUdata) refers to inv_mpu.o(i.mpu_dmp_get_data) for mpu_dmp_get_data
    main.o(i.FunctionIMUdata) refers to mpu9250.o(i.MPU_Get_Temperature) for MPU_Get_Temperature
    main.o(i.FunctionIMUdata) refers to mpu9250.o(i.MPU_Get_Gyroscope) for MPU_Get_Gyroscope
    main.o(i.FunctionIMUdata) refers to mpu9250.o(i.MPU_Get_Accelerometer) for MPU_Get_Accelerometer
    main.o(i.FunctionIMUdata) refers to mpu9250.o(i.MPU_Get_Heading) for MPU_Get_Heading
    main.o(i.FunctionIMUdata) refers to queue.o(i.xQueueGenericSend) for xQueueGenericSend
    main.o(i.FunctionIMUdata) refers to stm32f4xx_hal_gpio.o(i.HAL_GPIO_TogglePin) for HAL_GPIO_TogglePin
    main.o(i.FunctionIMUdata) refers to port.o(i.vPortExitCritical) for vPortExitCritical
    main.o(i.FunctionIMUdata) refers to cmsis_os.o(i.osDelay) for osDelay
    main.o(i.FunctionIMUdata) refers to main.o(.data) for .data
    main.o(i.FunctionTimeDispatch) refers to main.o(i.MX_TIM2_Init) for MX_TIM2_Init
    main.o(i.FunctionTimeDispatch) refers to queue.o(i.xQueueGenericReceive) for xQueueGenericReceive
    main.o(i.FunctionTimeDispatch) refers to timer.o(i.CANopen_slave_node) for CANopen_slave_node
    main.o(i.FunctionTimeDispatch) refers to main.o(.data) for .data
    main.o(i.FunctionUSARTTx) refers to queue.o(i.xQueueGenericReceive) for xQueueGenericReceive
    main.o(i.FunctionUSARTTx) refers to memcpy.o(.text) for __aeabi_memcpy4
    main.o(i.FunctionUSARTTx) refers to usart.o(i.mpu9250_send_rawdata) for mpu9250_send_rawdata
    main.o(i.FunctionUSARTTx) refers to usart.o(i.usart1_report_imu) for usart1_report_imu
    main.o(i.FunctionUSARTTx) refers to main.o(.data) for .data
    main.o(i.GPIO_Init) refers to stm32f4xx_hal_gpio.o(i.HAL_GPIO_WritePin) for HAL_GPIO_WritePin
    main.o(i.GPIO_Init) refers to stm32f4xx_hal_gpio.o(i.HAL_GPIO_Init) for HAL_GPIO_Init
[...]
    PDOInhibitTimerAlarm                     0x08002b8d   Thumb Code    42  pdo.o(i.PDOInhibitTimerAlarm)
    PDOInit                                  0x08002bb9   Thumb Code   156  pdo.o(i.PDOInit)
    PDOStop                                  0x08002c61   Thumb Code   154  pdo.o(i.PDOStop)
    ProducerHeartbeatAlarm                   0x08002d09   Thumb Code    86  lifegrd.o(i.ProducerHeartbeatAlarm)
    RegisterSetODentryCallBack               0x08002d5f   Thumb Code    24  objacces.o(i.RegisterSetODentryCallBack)
    SDOTimeoutAlarm                          0x08002d79   Thumb Code   234  sdo.o(i.SDOTimeoutAlarm)
    SDOlineToObjdict                         0x08002e75   Thumb Code    52  sdo.o(i.SDOlineToObjdict)
    SDOtoLine                                0x08002ea9   Thumb Code    58  sdo.o(i.SDOtoLine)
    SetAlarm                                 0x08002ee5   Thumb Code   152  timer.o(i.SetAlarm)
    SyncAlarm                                0x08002f7d   Thumb Code     4  sync.o(i.SyncAlarm)
    SysTick_Handler                          0x08002f81   Thumb Code    14  stm32f4xx_it.o(i.SysTick_Handler)
    SystemClock_Config                       0x08002f91   Thumb Code   152  main.o(i.SystemClock_Config)
    SystemInit                               0x08003031   Thumb Code    66  system_stm32f4xx.o(i.SystemInit)
    TIM1_UP_TIM10_IRQHandler                 0x08003085   Thumb Code     6  stm32f4xx_it.o(i.TIM1_UP_TIM10_IRQHandler)
    TIM2_IRQHandler                          0x08003091   Thumb Code     6  stm32f4xx_it.o(i.TIM2_IRQHandler)
    TIM_Base_SetConfig                       0x0800309d   Thumb Code   148  stm32f4xx_hal_tim.o(i.TIM_Base_SetConfig)
    TPDO_Communication_Parameter_Callback    0x080031c9   Thumb Code   144  pdo.o(i.TPDO_Communication_Parameter_Callback)
    TestSlave_initialisation                 0x08003261   Thumb Code   594  states.o(i.TestSlave_initialisation)
    TestSlave_valueRangeTest                 0x080034d1   Thumb Code    16  testslave.o(i.TestSlave_valueRangeTest)
    TimeDispatch                             0x080034e5   Thumb Code   184  timer.o(i.TimeDispatch)
    UsageFault_Handler                       0x080038ad   Thumb Code     2  stm32f4xx_it.o(i.UsageFault_Handler)
    _RxPDO_EventTimers_Handler               0x080038af   Thumb Code     2  pdo.o(i._RxPDO_EventTimers_Handler)
    __0printf                                0x080038b1   Thumb Code    22  printfa.o(i.__0printf)
    __1printf                                0x080038b1   Thumb Code     0  printfa.o(i.__0printf)
    __2printf                                0x080038b1   Thumb Code     0  printfa.o(i.__0printf)
    __c89printf                              0x080038b1   Thumb Code     0  printfa.o(i.__0printf)
    printf                                   0x080038b1   Thumb Code     0  printfa.o(i.__0printf)
    __ARM_fpclassify                         0x080038d1   Thumb Code    48  fpclassify.o(i.__ARM_fpclassify)
    __hardfp_asin                            0x08003901   Thumb Code   770  asin.o(i.__hardfp_asin)
    __hardfp_atan                            0x08003c61   Thumb Code   622  atan.o(i.__hardfp_atan)
    __hardfp_atan2                           0x08003f39   Thumb Code   432  atan2.o(i.__hardfp_atan2)
    __kernel_poly                            0x08004129   Thumb Code   248  poly.o(i.__kernel_poly)
    __mathlib_dbl_infnan                     0x08004221   Thumb Code    20  dunder.o(i.__mathlib_dbl_infnan)
    __mathlib_dbl_infnan2                    0x08004235   Thumb Code    20  dunder.o(i.__mathlib_dbl_infnan2)
    __mathlib_dbl_invalid                    0x08004249   Thumb Code    24  dunder.o(i.__mathlib_dbl_invalid)
    __mathlib_dbl_underflow                  0x08004269   Thumb Code    24  dunder.o(i.__mathlib_dbl_underflow)
    __scatterload_copy                       0x08004289   Thumb Code    14  handlers.o(i.__scatterload_copy)
    __scatterload_null                       0x08004297   Thumb Code     2  handlers.o(i.__scatterload_null)
    __scatterload_zeroinit                   0x08004299   Thumb Code    14  handlers.o(i.__scatterload_zeroinit)
    __set_errno                              0x080042a9   Thumb Code     6  errno.o(i.__set_errno)
    _getODentry                              0x08004419   Thumb Code   162  objacces.o(i._getODentry)
    _heartbeatError                          0x080044c5   Thumb Code     2  lifegrd.o(i._heartbeatError)
    _nodeguardError                          0x080044c7   Thumb Code     2  lifegrd.o(i._nodeguardError)
    _operational                             0x080044c9   Thumb Code     2  states.o(i._operational)
    _post_SlaveBootup                        0x080044cb   Thumb Code     2  lifegrd.o(i._post_SlaveBootup)
    _post_SlaveStateChange                   0x080044cd   Thumb Code     2  lifegrd.o(i._post_SlaveStateChange)
    _post_TPDO                               0x080044cf   Thumb Code     2  sync.o(i._post_TPDO)
    _post_emcy                               0x080044d1   Thumb Code     2  emcy.o(i._post_emcy)
    _post_sync                               0x080044d3   Thumb Code     2  sync.o(i._post_sync)
    _preOperational                          0x080044d5   Thumb Code    16  states.o(i._preOperational)
    _sendPDOevent                            0x08004c15   Thumb Code   344  pdo.o(i._sendPDOevent)
    _setODentry                              0x08004d75   Thumb Code   178  objacces.o(i._setODentry)
    _stopped                                 0x08004e35   Thumb Code     2  states.o(i._stopped)
    _storeODSubIndex                         0x08004e37   Thumb Code     2  objacces.o(i._storeODSubIndex)
    atan                                     0x08004e39   Thumb Code    16  atan.o(i.atan)
    buildPDO                                 0x08004e49   Thumb Code   268  pdo.o(i.buildPDO)
    canDispatch                              0x08004f59   Thumb Code   146  states.o(i.canDispatch)
    canSend                                  0x08004fed   Thumb Code   120  can.o(i.canSend)
    data_length                              0x0800506d   Thumb Code    70  objectdictionary.o(i.data_length)
    delay_init                               0x080050bd   Thumb Code    10  delay.o(i.delay_init)
    delay_ms                                 0x080050cd   Thumb Code    52  delay.o(i.delay_ms)
    delay_us                                 0x08005105   Thumb Code    48  delay.o(i.delay_us)
    dmp_enable_6x_lp_quat                    0x08005139   Thumb Code    58  inv_mpu_dmp_motion_driver.o(i.dmp_enable_6x_lp_quat)
    dmp_enable_feature                       0x08005175   Thumb Code   464  inv_mpu_dmp_motion_driver.o(i.dmp_enable_feature)
    dmp_enable_gyro_cal                      0x0800534d   Thumb Code    34  inv_mpu_dmp_motion_driver.o(i.dmp_enable_gyro_cal)
    dmp_enable_lp_quat                       0x08005389   Thumb Code    58  inv_mpu_dmp_motion_driver.o(i.dmp_enable_lp_quat)
    dmp_load_motion_driver_firmware          0x080053c5   Thumb Code    16  inv_mpu_dmp_motion_driver.o(i.dmp_load_motion_driver_firmware)
    dmp_read_fifo                            0x080053d9   Thumb Code   324  inv_mpu_dmp_motion_driver.o(i.dmp_read_fifo)
    dmp_set_fifo_rate                        0x08005521   Thumb Code    82  inv_mpu_dmp_motion_driver.o(i.dmp_set_fifo_rate)
    dmp_set_gyro_bias                        0x08005585   Thumb Code   196  inv_mpu_dmp_motion_driver.o(i.dmp_set_gyro_bias)
    dmp_set_orientation                      0x08005651   Thumb Code   246  inv_mpu_dmp_motion_driver.o(i.dmp_set_orientation)
    dmp_set_shake_reject_thresh              0x0800575d   Thumb Code    48  inv_mpu_dmp_motion_driver.o(i.dmp_set_shake_reject_thresh)
    dmp_set_shake_reject_time                0x0800578d   Thumb Code    32  inv_mpu_dmp_motion_driver.o(i.dmp_set_shake_reject_time)
    dmp_set_shake_reject_timeout             0x080057ad   Thumb Code    32  inv_mpu_dmp_motion_driver.o(i.dmp_set_shake_reject_timeout)
    dmp_set_tap_axes                         0x080057cd   Thumb Code    64  inv_mpu_dmp_motion_driver.o(i.dmp_set_tap_axes)
    dmp_set_tap_count                        0x0800580d   Thumb Code    34  inv_mpu_dmp_motion_driver.o(i.dmp_set_tap_count)
    dmp_set_tap_thresh                       0x08005831   Thumb Code   314  inv_mpu_dmp_motion_driver.o(i.dmp_set_tap_thresh)
    dmp_set_tap_time                         0x08005991   Thumb Code    32  inv_mpu_dmp_motion_driver.o(i.dmp_set_tap_time)
    dmp_set_tap_time_multi                   0x080059b1   Thumb Code    32  inv_mpu_dmp_motion_driver.o(i.dmp_set_tap_time_multi)
    emergencyInit                            0x080059d1   Thumb Code    22  emcy.o(i.emergencyInit)
    emergencyStop                            0x080059f1   Thumb Code     2  emcy.o(i.emergencyStop)
    fabs                                     0x080059f3   Thumb Code    24  fabs.o(i.fabs)
    failedSDO                                0x08005a0d   Thumb Code   202  sdo.o(i.failedSDO)
    find_object                              0x08005ae5   Thumb Code   174  objectdictionary.o(i.find_object)
    fputc                                    0x08005b9d   Thumb Code    18  fputc.o(i.fputc)
    getElapsedTime                           0x08005baf   Thumb Code    44  timer.o(i.getElapsedTime)
    getNodeId                                0x08005bdb   Thumb Code     6  states.o(i.getNodeId)
    getSDOfreeLine                           0x08005be1   Thumb Code    56  sdo.o(i.getSDOfreeLine)
    getSDOlineOnUse                          0x08005c19   Thumb Code    62  sdo.o(i.getSDOlineOnUse)
    getSDOlineRestBytes                      0x08005c57   Thumb Code    26  sdo.o(i.getSDOlineRestBytes)
    heartbeatInit                            0x08005f85   Thumb Code   136  lifegrd.o(i.heartbeatInit)
    heartbeatStop                            0x0800601d   Thumb Code    88  lifegrd.o(i.heartbeatStop)
    index_Partition                          0x0800607d   Thumb Code    78  objectdictionary.o(i.index_Partition)
    initSDOline                              0x080060cd   Thumb Code   156  sdo.o(i.initSDOline)
    inv_orientation_matrix_to_scalar         0x08006171   Thumb Code    34  inv_mpu.o(i.inv_orientation_matrix_to_scalar)
    inv_row_2_scale                          0x08006193   Thumb Code    72  inv_mpu.o(i.inv_row_2_scale)
    lifeGuardInit                            0x080061db   Thumb Code    18  lifegrd.o(i.lifeGuardInit)
    lifeGuardStop                            0x080061ed   Thumb Code    18  lifegrd.o(i.lifeGuardStop)
    lineToSDO                                0x080061ff   Thumb Code    64  sdo.o(i.lineToSDO)
    main                                     0x08006241   Thumb Code    88  main.o(i.main)
    masterSendNMTnodeguard                   0x080062b1   Thumb Code    30  nmtmaster.o(i.masterSendNMTnodeguard)
    masterSendNMTstateChange                 0x080062cf   Thumb Code    34  nmtmaster.o(i.masterSendNMTstateChange)
    mget_ms                                  0x080062f1   Thumb Code     2  inv_mpu.o(i.mget_ms)
    mpu9250_send_rawdata                     0x080062f3   Thumb Code    80  usart.o(i.mpu9250_send_rawdata)
    mpu_configure_fifo                       0x08006345   Thumb Code    78  inv_mpu.o(i.mpu_configure_fifo)
    mpu_dmp_get_data                         0x08006399   Thumb Code   344  inv_mpu.o(i.mpu_dmp_get_data)
    mpu_dmp_init                             0x080064fd   Thumb Code   160  inv_mpu.o(i.mpu_dmp_init)
    mpu_get_accel_fsr                        0x080065a1   Thumb Code    54  inv_mpu.o(i.mpu_get_accel_fsr)
    mpu_get_compass_reg                      0x080065dd   Thumb Code   124  inv_mpu.o(i.mpu_get_compass_reg)
    mpu_get_gyro_fsr                         0x0800665d   Thumb Code    48  inv_mpu.o(i.mpu_get_gyro_fsr)
    mpu_get_gyro_sens                        0x08006691   Thumb Code    54  inv_mpu.o(i.mpu_get_gyro_sens)
    mpu_get_lpf                              0x080066dd   Thumb Code    52  inv_mpu.o(i.mpu_get_lpf)
    mpu_get_sample_rate                      0x08006715   Thumb Code    22  inv_mpu.o(i.mpu_get_sample_rate)
    mpu_init                                 0x08006731   Thumb Code   214  inv_mpu.o(i.mpu_init)
    mpu_load_firmware                        0x0800680d   Thumb Code   154  inv_mpu.o(i.mpu_load_firmware)
    mpu_lp_accel_mode                        0x080068ad   Thumb Code   180  inv_mpu.o(i.mpu_lp_accel_mode)
    mpu_read_fifo_stream                     0x08006965   Thumb Code   144  inv_mpu.o(i.mpu_read_fifo_stream)
    mpu_read_mem                             0x080069f9   Thumb Code    80  inv_mpu.o(i.mpu_read_mem)
    mpu_reset_fifo                           0x08006a4d   Thumb Code   346  inv_mpu.o(i.mpu_reset_fifo)
    mpu_run_self_test                        0x08006bad   Thumb Code   152  inv_mpu.o(i.mpu_run_self_test)
    mpu_set_accel_fsr                        0x08006c49   Thumb Code    98  inv_mpu.o(i.mpu_set_accel_fsr)
    mpu_set_bypass                           0x08006cb1   Thumb Code   214  inv_mpu.o(i.mpu_set_bypass)
    mpu_set_compass_sample_rate              0x08006d8d   Thumb Code    72  inv_mpu.o(i.mpu_set_compass_sample_rate)
    mpu_set_dmp_state                        0x08006dd9   Thumb Code   114  inv_mpu.o(i.mpu_set_dmp_state)
    mpu_set_gyro_fsr                         0x08006e51   Thumb Code   104  inv_mpu.o(i.mpu_set_gyro_fsr)
    mpu_set_int_latched                      0x08006ebd   Thumb Code    94  inv_mpu.o(i.mpu_set_int_latched)
    mpu_set_lpf                              0x08006f21   Thumb Code   102  inv_mpu.o(i.mpu_set_lpf)
    mpu_set_sample_rate                      0x08006f8d   Thumb Code   138  inv_mpu.o(i.mpu_set_sample_rate)
    mpu_set_sensors                          0x0800701d   Thumb Code   304  inv_mpu.o(i.mpu_set_sensors)
    mpu_write_mem                            0x08007151   Thumb Code    80  inv_mpu.o(i.mpu_write_mem)
    name_Partition                           0x080071a5   Thumb Code    94  objectdictionary.o(i.name_Partition)
    nodeguardInit                            0x08007205   Thumb Code   116  lifegrd.o(i.nodeguardInit)
    nodeguardStop                            0x08007289   Thumb Code    34  lifegrd.o(i.nodeguardStop)
    objdictToSDOline                         0x080072b1   Thumb Code    64  sdo.o(i.objdictToSDOline)
    osDelay                                  0x080072f1   Thumb Code    14  cmsis_os.o(i.osDelay)
    osKernelStart                            0x080072ff   Thumb Code    10  cmsis_os.o(i.osKernelStart)
    osMessageCreate                          0x08007309   Thumb Code     8  cmsis_os.o(i.osMessageCreate)
    osSemaphoreCreate                        0x08007311   Thumb Code    38  cmsis_os.o(i.osSemaphoreCreate)
    osSystickHandler                         0x08007337   Thumb Code    20  cmsis_os.o(i.osSystickHandler)
    osThreadCreate                           0x0800734b   Thumb Code    46  cmsis_os.o(i.osThreadCreate)
    proceedEMCY                              0x08007379   Thumb Code    34  emcy.o(i.proceedEMCY)
    proceedNMTstateChange                    0x0800739b   Thumb Code   150  nmtslave.o(i.proceedNMTstateChange)
    proceedNODE_GUARD                        0x08007431   Thumb Code   272  lifegrd.o(i.proceedNODE_GUARD)
    proceedPDO                               0x08007545   Thumb Code   708  pdo.o(i.proceedPDO)
    proceedSDO                               0x0800781d   Thumb Code  5912  sdo.o(i.proceedSDO)
    proceedSYNC                              0x08008f35   Thumb Code    40  sync.o(i.proceedSYNC)
    pvPortMalloc                             0x080093b5   Thumb Code   210  heap_4.o(i.pvPortMalloc)
    pvTaskIncrementMutexHeldCount            0x0800948d   Thumb Code    18  tasks.o(i.pvTaskIncrementMutexHeldCount)
    pxPortInitialiseStack                    0x080094a5   Thumb Code    40  port.o(i.pxPortInitialiseStack)
    resetSDO                                 0x080094d1   Thumb Code    24  sdo.o(i.resetSDO)
    resetSDOline                             0x080094e9   Thumb Code    58  sdo.o(i.resetSDOline)
    run_self_test                            0x08009523   Thumb Code   102  inv_mpu.o(i.run_self_test)
    sendOnePDOevent                          0x08009589   Thumb Code   346  pdo.o(i.sendOnePDOevent)
    sendSDO                                  0x08009739   Thumb Code   180  sdo.o(i.sendSDO)
    sendSDOabort                             0x080097f9   Thumb Code    56  sdo.o(i.sendSDOabort)
    sendSYNC                                 0x08009831   Thumb Code    34  sync.o(i.sendSYNC)
    sendSYNCMessage                          0x08009855   Thumb Code    60  sync.o(i.sendSYNCMessage)
    setNodeId                                0x08009895   Thumb Code   432  states.o(i.setNodeId)
    setSDOlineRestBytes                      0x08009a59   Thumb Code    26  sdo.o(i.setSDOlineRestBytes)
    setState                                 0x08009a75   Thumb Code   166  states.o(i.setState)
    setTimer                                 0x08009b21   Thumb Code    24  timer.o(i.setTimer)
    slaveSendBootUp                          0x08009d69   Thumb Code    38  nmtslave.o(i.slaveSendBootUp)
    sort_by_index                            0x08009d8f   Thumb Code    38  objectdictionary.o(i.sort_by_index)
    sort_by_name                             0x08009db5   Thumb Code    42  objectdictionary.o(i.sort_by_name)
    sqrt                                     0x08009ddf   Thumb Code   110  sqrt.o(i.sqrt)
    startSYNC                                0x08009e4d   Thumb Code    88  sync.o(i.startSYNC)
    stopSYNC                                 0x08009eb5   Thumb Code    52  sync.o(i.stopSYNC)
    swap                                     0x08009ef5   Thumb Code    20  objectdictionary.o(i.swap)
    switchCommunicationState                 0x08009f09   Thumb Code   234  states.o(i.switchCommunicationState)
    usart1_niming_report                     0x08009ff3   Thumb Code    96  usart.o(i.usart1_niming_report)
    usart1_report_imu                        0x0800a053   Thumb Code   136  usart.o(i.usart1_report_imu)
    usart1_send_char                         0x0800a0dd   Thumb Code    30  usart.o(i.usart1_send_char)
    uxListRemove                             0x0800a101   Thumb Code    36  list.o(i.uxListRemove)
    vListInitialise                          0x0800a125   Thumb Code    22  list.o(i.vListInitialise)
    vListInitialiseItem                      0x0800a13b   Thumb Code     6  list.o(i.vListInitialiseItem)
    vListInsert                              0x0800a141   Thumb Code    48  list.o(i.vListInsert)
    vListInsertEnd                           0x0800a171   Thumb Code    24  list.o(i.vListInsertEnd)
    vPortEnterCritical                       0x0800a189   Thumb Code    54  port.o(i.vPortEnterCritical)
    vPortExitCritical                        0x0800a1c9   Thumb Code    34  port.o(i.vPortExitCritical)
    vPortFree                                0x0800a1f1   Thumb Code    88  heap_4.o(i.vPortFree)
    vPortSetupTimerInterrupt                 0x0800a24d   Thumb Code    26  port.o(i.vPortSetupTimerInterrupt)
    vPortValidateInterruptPriority           0x0800a26d   Thumb Code    74  port.o(i.vPortValidateInterruptPriority)
    vTaskDelay                               0x0800a2c1   Thumb Code    66  tasks.o(i.vTaskDelay)
    vTaskMissedYield                         0x0800a30d   Thumb Code     8  tasks.o(i.vTaskMissedYield)
    vTaskPlaceOnEventList                    0x0800a319   Thumb Code    44  tasks.o(i.vTaskPlaceOnEventList)
    vTaskPriorityInherit                     0x0800a349   Thumb Code   124  tasks.o(i.vTaskPriorityInherit)
    vTaskSetTimeOutState                     0x0800a3cd   Thumb Code    30  tasks.o(i.vTaskSetTimeOutState)
    vTaskStartScheduler                      0x0800a3f1   Thumb Code    86  tasks.o(i.vTaskStartScheduler)
    vTaskSuspendAll                          0x0800a459   Thumb Code    10  tasks.o(i.vTaskSuspendAll)
    vTaskSwitchContext                       0x0800a469   Thumb Code    82  tasks.o(i.vTaskSwitchContext)
    xPortStartScheduler                      0x0800a4c5   Thumb Code   202  port.o(i.xPortStartScheduler)
    xPortSysTickHandler                      0x0800a5a5   Thumb Code    38  port.o(i.xPortSysTickHandler)
    xQueueGenericCreate                      0x0800a5d1   Thumb Code    72  queue.o(i.xQueueGenericCreate)
    xQueueGenericReceive                     0x0800a619   Thumb Code   360  queue.o(i.xQueueGenericReceive)
    xQueueGenericReset                       0x0800a785   Thumb Code   132  queue.o(i.xQueueGenericReset)
    xQueueGenericSend                        0x0800a80d   Thumb Code   346  queue.o(i.xQueueGenericSend)
    xQueueGenericSendFromISR                 0x0800a96d   Thumb Code   188  queue.o(i.xQueueGenericSendFromISR)
    xQueueGiveFromISR                        0x0800aa29   Thumb Code   156  queue.o(i.xQueueGiveFromISR)
    xTaskCheckForTimeOut                     0x0800aac5   Thumb Code   102  tasks.o(i.xTaskCheckForTimeOut)
    xTaskCreate                              0x0800ab31   Thumb Code    86  tasks.o(i.xTaskCreate)
    xTaskGetSchedulerState                   0x0800ab89   Thumb Code    22  tasks.o(i.xTaskGetSchedulerState)
    xTaskIncrementTick                       0x0800aba5   Thumb Code   192  tasks.o(i.xTaskIncrementTick)
    xTaskPriorityDisinherit                  0x0800ac6d   Thumb Code   144  tasks.o(i.xTaskPriorityDisinherit)
    xTaskRemoveFromEventList                 0x0800ad05   Thumb Code   108  tasks.o(i.xTaskRemoveFromEventList)
    xTaskResumeAll                           0x0800ad79   Thumb Code   182  tasks.o(i.xTaskResumeAll)
    AHBPrescTable                            0x0800aeb8   Data          16  system_stm32f4xx.o(.constdata)
    APBPrescTable                            0x0800aec8   Data           8  system_stm32f4xx.o(.constdata)
    reg                                      0x0800aed0   Data          42  inv_mpu.o(.constdata)
    hw                                       0x0800aefa   Data          14  inv_mpu.o(.constdata)
    test                                     0x0800af08   Data          48  inv_mpu.o(.constdata)
    __mathlib_zero                           0x0800bc58   Data           8  qnan.o(.constdata)
    Region$$Table$$Base                      0x0800cdfc   Number         0  anon$$obj.o(Region$$Table)
    Region$$Table$$Limit                     0x0800ce1c   Number         0  anon$$obj.o(Region$$Table)
    TaskIMUdataHandle                        0x20000000   Data           4  main.o(.data)
    TaskUSARTTxHandle                        0x20000004   Data           4  main.o(.data)
    TaskCANopenUpdateHandle                  0x20000008   Data           4  main.o(.data)
    TaskCANRxHandle                          0x2000000c   Data           4  main.o(.data)
    TaskTimeDispatchHandle                   0x20000010   Data           4  main.o(.data)
    QueueUSARTTxHandle                       0x20000014   Data           4  main.o(.data)
    QueueCANopenUpdateHandle                 0x20000018   Data           4  main.o(.data)
    QueueCANRxHandle                         0x2000001c   Data           4  main.o(.data)
    SemphoreTimeDispatchHandle               0x20000020   Data           4  main.o(.data)
    PITCH                                    0x20000024   Data           4  main.o(.data)
    ROLL                                     0x20000028   Data           4  main.o(.data)
    YAW                                      0x2000002c   Data           4  main.o(.data)
    uwTickFreq                               0x20000030   Data           1  stm32f4xx_hal.o(.data)
    uwTickPrio                               0x20000034   Data           4  stm32f4xx_hal.o(.data)
    uwTick                                   0x20000038   Data           4  stm32f4xx_hal.o(.data)
    SystemCoreClock                          0x2000003c   Data           4  system_stm32f4xx.o(.data)
    pxCurrentTCB                             0x20000064   Data           4  tasks.o(.data)
    cnt                                      0x200000a8   Data           4  inv_mpu.o(.data)
    TestSlave_bDeviceNodeId                  0x200000ee   Data           2  testslave.o(.data)
    TestSlave_iam_a_slave                    0x200000f0   Data           2  testslave.o(.data)
    TestSlave_heartBeatTimers                0x200000f2   Data           8  testslave.o(.data)
    TestSlave_obj1000                        0x200000fc   Data           4  testslave.o(.data)
    TestSlave_obj1001                        0x20000100   Data           1  testslave.o(.data)
    TestSlave_highestSubIndex_obj1003        0x20000101   Data           1  testslave.o(.data)
    Error_Field                              0x20000104   Data         252  testslave.o(.data)
    TestSlave_obj1005                        0x20000200   Data           4  testslave.o(.data)
    TestSlave_obj1006                        0x20000204   Data           4  testslave.o(.data)
    TestSlave_obj100C                        0x20000208   Data           2  testslave.o(.data)
    TestSlave_obj100D                        0x2000020a   Data           1  testslave.o(.data)
    TestSlave_highestSubIndex_obj1010        0x2000020b   Data           1  testslave.o(.data)
    Store_parameters                         0x2000020c   Data         168  testslave.o(.data)
    TestSlave_highestSubIndex_obj1011        0x200002b4   Data           1  testslave.o(.data)
    Restore_Default_Parameters               0x200002b8   Data         168  testslave.o(.data)
    TestSlave_obj1014                        0x20000360   Data           4  testslave.o(.data)
    TestSlave_highestSubIndex_obj1016        0x20000364   Data           1  testslave.o(.data)
    Consumer_Heartbeat_Time                  0x20000368   Data         140  testslave.o(.data)
    TestSlave_obj1017                        0x200003f4   Data           2  testslave.o(.data)
    TestSlave_highestSubIndex_obj1018        0x200003f6   Data           1  testslave.o(.data)
    Identity                                 0x200003f8   Data         140  testslave.o(.data)
    TestSlave_highestSubIndex_obj1200        0x20000484   Data           1  testslave.o(.data)
    TestSlave_obj1200                        0x20000488   Data          12  testslave.o(.data)
    Server_SDO_Parameter                     0x20000494   Data         112  testslave.o(.data)
    TestSlave_highestSubIndex_obj1280        0x20000504   Data           1  testslave.o(.data)
    TestSlave_obj1280                        0x20000508   Data          12  testslave.o(.data)
    Client_SDO_Parameter                     0x20000514   Data         112  testslave.o(.data)
    TestSlave_highestSubIndex_obj1400        0x20000584   Data           1  testslave.o(.data)
    TestSlave_obj1400                        0x20000588   Data          20  testslave.o(.data)
    Receive_PDO_1_Parameter                  0x2000059c   Data         168  testslave.o(.data)
    TestSlave_highestSubIndex_obj1401        0x20000644   Data           1  testslave.o(.data)
    TestSlave_obj1401                        0x20000648   Data          20  testslave.o(.data)
    Receive_PDO_2_Parameter                  0x2000065c   Data         168  testslave.o(.data)
    TestSlave_highestSubIndex_obj1402        0x20000704   Data           1  testslave.o(.data)
    TestSlave_obj1402                        0x20000708   Data          20  testslave.o(.data)
    Receive_PDO_3_Parameter                  0x2000071c   Data         168  testslave.o(.data)
    TestSlave_highestSubIndex_obj1403        0x200007c4   Data           1  testslave.o(.data)
    TestSlave_obj1403                        0x200007c8   Data          20  testslave.o(.data)
    Receive_PDO_4_Parameter                  0x200007dc   Data         168  testslave.o(.data)
    TestSlave_highestSubIndex_obj1404        0x20000884   Data           1  testslave.o(.data)
    TestSlave_obj1404                        0x20000888   Data          20  testslave.o(.data)
    Receive_PDO_5_Parameter                  0x2000089c   Data         168  testslave.o(.data)
    TestSlave_highestSubIndex_obj1600        0x20000944   Data           1  testslave.o(.data)
    Receive_PDO_1_Mapping                    0x20000948   Data         140  testslave.o(.data)
    TestSlave_highestSubIndex_obj1601        0x200009d4   Data           1  testslave.o(.data)
    Receive_PDO_2_Mapping                    0x200009d8   Data         252  testslave.o(.data)
    TestSlave_highestSubIndex_obj1602        0x20000ad4   Data           1  testslave.o(.data)
    Receive_PDO_3_Mapping                    0x20000ad8   Data         140  testslave.o(.data)
    TestSlave_highestSubIndex_obj1603        0x20000b64   Data           1  testslave.o(.data)
    TestSlave_obj1603                        0x20000b68   Data           4  testslave.o(.data)
    Receive_PDO_4_Mapping                    0x20000b6c   Data          56  testslave.o(.data)
    TestSlave_highestSubIndex_obj1604        0x20000ba4   Data           1  testslave.o(.data)
    TestSlave_obj1604                        0x20000ba8   Data           4  testslave.o(.data)
    Receive_PDO_5_Mapping                    0x20000bac   Data          56  testslave.o(.data)
    TestSlave_highestSubIndex_obj1800        0x20000be4   Data           1  testslave.o(.data)
    TestSlave_obj1800                        0x20000be8   Data          20  testslave.o(.data)
    Transmit_PDO_1_Parameter                 0x20000bfc   Data         168  testslave.o(.data)
    TestSlave_highestSubIndex_obj1A00        0x20000ca4   Data           1  testslave.o(.data)
    TestSlave_obj1A00                        0x20000ca8   Data           8  testslave.o(.data)
    Transmit_PDO_1_Mapping                   0x20000cb0   Data          84  testslave.o(.data)
    TestSlave_Obj2000                        0x20000d04   Data          56  testslave.o(.data)
    TPDO1DATA1                               0x20000d3c   Data           4  testslave.o(.data)
    TPDO1DATA2                               0x20000d40   Data           4  testslave.o(.data)
    TestSlave_Obj2002                        0x20000d44   Data          56  testslave.o(.data)
    TPDO2DATA1                               0x20000d7c   Data           4  testslave.o(.data)
    TPDO2DATA2                               0x20000d80   Data           4  testslave.o(.data)
    TPDO2DATA3                               0x20000d84   Data           4  testslave.o(.data)
    TPDO2DATA4                               0x20000d88   Data           4  testslave.o(.data)
    TPDO2DATA5                               0x20000d8c   Data           4  testslave.o(.data)
    TPDO2DATA6                               0x20000d90   Data           4  testslave.o(.data)
    TPDO2DATA7                               0x20000d94   Data           4  testslave.o(.data)
    TPDO2DATA8                               0x20000d98   Data           4  testslave.o(.data)
    TestSlave_Obj2003                        0x20000d9c   Data         224  testslave.o(.data)
    timetest1                                0x20000e7c   Data          28  testslave.o(.data)
    Timelength                               0x20000e98   Data           4  testslave.o(.data)
    timetest2                                0x20000e9c   Data          28  testslave.o(.data)
    cost1                                    0x20000eb8   Data          36  testslave.o(.data)
    Costlength                               0x20000edc   Data           4  testslave.o(.data)
    IMU_Data                                 0x20000ee0   Data          84  testslave.o(.data)
    TestSlave_objdict                        0x20000f34   Data         952  testslave.o(.data)
    TestSlave_PDO_status                     0x200012ec   Data          90  testslave.o(.data)
    TestSlave_ObjdictSize                    0x20001346   Data           2  testslave.o(.data)
    TestSlave_Data                           0x20001348   Data        7064  testslave.o(.data)
    RPDO1DATA1                               0x20002ee0   Data           4  testslave.o(.data)
    RPDO1DATA2                               0x20002ee4   Data           4  testslave.o(.data)
    master_send_faild                        0x20002ee8   Data           4  can.o(.data)
    slave_send_faild                         0x20002eec   Data           4  can.o(.data)
    xin                                      0x20002ef0   Data           4  objectdictionary.o(.data)
    testbreakpoint                           0x20002ef4   Data           4  pdo.o(.data)
    breakpoints                              0x20002ef8   Data           4  sdo.o(.data)
    flag                                     0x20002efc   Data           4  sdo.o(.data)
    sizeUNS8                                 0x20002f00   Data           4  states.o(.data)
    sizeUNS16                                0x20002f04   Data           4  states.o(.data)
    sizeUNS32                                0x20002f08   Data           4  states.o(.data)
    test_sync_slave                          0x20002f0c   Data           4  sync.o(.data)
    test_sync_master                         0x20002f10   Data           4  sync.o(.data)
    __stdout                                 0x20002f14   Data           4  stdout.o(.data)
    hcan1                                    0x20002f1c   Data          40  main.o(.bss)
    htim2                                    0x20002f44   Data          60  main.o(.bss)
    huart1                                   0x20002f80   Data          64  main.o(.bss)
    htim1                                    0x20002fc0   Data          60  stm32f4xx_hal_timebase_tim.o(.bss)
    TestSlave_obj1003                        0x20006cfc   Data          32  testslave.o(.bss)
    TestSlave_obj1010                        0x20006d1c   Data          16  testslave.o(.bss)
    TestSlave_obj1011                        0x20006d2c   Data          20  testslave.o(.bss)
    TestSlave_obj1016                        0x20006d40   Data          16  testslave.o(.bss)
    TestSlave_obj1018                        0x20006d50   Data          16  testslave.o(.bss)
    TestSlave_obj1600                        0x20006d60   Data          16  testslave.o(.bss)
    TestSlave_obj1601                        0x20006d70   Data          32  testslave.o(.bss)
    TestSlave_obj1602                        0x20006d90   Data          16  testslave.o(.bss)
    EULER                                    0x20006da0   Data          12  testslave.o(.bss)
    NULL_OBJ                                 0x20006dac   Data          28  objectdictionary.o(.bss)
    __initial_sp                             0x200071c8   Data           0  startup_stm32f405xx.o(STACK)



==============================================================================

Memory Map of the image

  Image Entry point : 0x08000189

  Load Region LR_IROM1 (Base: 0x08000000, Size: 0x0000fd38, Max: 0x00100000, ABSOLUTE, COMPRESSED[0x0000d6cc])

    Execution Region ER_IROM1 (Base: 0x08000000, Size: 0x0000ce1c, Max: 0x00100000, ABSOLUTE)

    Base Addr    Size         Type   Attr      Idx    E Section Name        Object

    0x08000000   0x00000188   Data   RO            3    RESET               startup_stm32f405xx.o
    0x08000188   0x00000000   Code   RO         6392  * .ARM.Collect$$$$00000000  mc_w.l(entry.o)
    0x08000188   0x00000004   Code   RO         6737    .ARM.Collect$$$$00000001  mc_w.l(entry2.o)
    0x0800018c   0x00000004   Code   RO         6740    .ARM.Collect$$$$00000004  mc_w.l(entry5.o)
    0x08000190   0x00000000   Code   RO         6742    .ARM.Collect$$$$00000008  mc_w.l(entry7b.o)
    0x08000190   0x00000000   Code   RO         6744    .ARM.Collect$$$$0000000A  mc_w.l(entry8b.o)
    0x08000190   0x00000008   Code   RO         6745    .ARM.Collect$$$$0000000B  mc_w.l(entry9a.o)
    0x08000198   0x00000000   Code   RO         6747    .ARM.Collect$$$$0000000D  mc_w.l(entry10a.o)
    0x08000198   0x00000000   Code   RO         6749    .ARM.Collect$$$$0000000F  mc_w.l(entry11a.o)
    0x08000198   0x00000004   Code   RO         6738    .ARM.Collect$$$$00002712  mc_w.l(entry2.o)
    0x0800019c   0x000000ba   Code   RO         3130    .emb_text           port.o
    0x08000256   0x00000002   PAD
    0x08000258   0x00000024   Code   RO            4    .text               startup_stm32f405xx.o
    0x0800027c   0x00000062   Code   RO         6395    .text               mc_w.l(uldiv.o)
    0x080002de   0x00000062   Code   RO         6397    .text               mc_w.l(ldiv.o)
    0x08000340   0x00000028   Code   RO         6399    .text               mc_w.l(memcpy.o)
    0x08000368   0x00000024   Code   RO         6403    .text               mc_w.l(memseta.o)
    0x0800038c   0x0000001c   Code   RO         6405    .text               mc_w.l(strcmp.o)
    0x080003a8   0x0000001a   Code   RO         6407    .text               mc_w.l(memcmp.o)
    0x080003c2   0x0000014e   Code   RO         6674    .text               mf_w.l(dadd.o)
    0x08000510   0x000000e4   Code   RO         6676    .text               mf_w.l(dmul.o)
    0x080005f4   0x000000de   Code   RO         6678    .text               mf_w.l(ddiv.o)
    0x080006d2   0x00000022   Code   RO         6680    .text               mf_w.l(dflti.o)
    0x080006f4   0x00000026   Code   RO         6682    .text               mf_w.l(f2d.o)
    0x0800071a   0x00000038   Code   RO         6684    .text               mf_w.l(d2f.o)
    0x08000752   0x0000002c   Code   RO         6754    .text               mc_w.l(uidiv.o)
    0x0800077e   0x0000001e   Code   RO         6756    .text               mc_w.l(llshl.o)
    0x0800079c   0x00000020   Code   RO         6758    .text               mc_w.l(llushr.o)
    0x080007bc   0x00000024   Code   RO         6760    .text               mc_w.l(llsshr.o)
    0x080007e0   0x00000000   Code   RO         6769    .text               mc_w.l(iusefp.o)
    0x080007e0   0x0000006e   Code   RO         6770    .text               mf_w.l(fepilogue.o)
    0x0800084e   0x000000ba   Code   RO         6772    .text               mf_w.l(depilogue.o)
    0x08000908   0x00000030   Code   RO         6776    .text               mf_w.l(dfixul.o)
    0x08000938   0x00000030   Code   RO         6778    .text               mf_w.l(cdrcmple.o)
    0x08000968   0x00000024   Code   RO         6780    .text               mc_w.l(init.o)
    0x0800098c   0x00000000   Code   RO         6782    .text               mc_w.l(semi.o)
    0x0800098c   0x00000000   Code   RO         6783    .text               mc_w.l(iusesemip.o)
    0x0800098c   0x000000a2   Code   RO         6784    .text               mf_w.l(dsqrt.o)
    0x08000a2e   0x00000056   Code   RO         6796    .text               mc_w.l(__dczerorl2.o)
    0x08000a84   0x00000002   Code   RO          368    i.BusFault_Handler  stm32f4xx_it.o
    0x08000a86   0x00000002   PAD
    0x08000a88   0x00000064   Code   RO           13    i.CAN1_Init         main.o
    0x08000aec   0x0000000c   Code   RO          369    i.CAN1_RX0_IRQHandler  stm32f4xx_it.o
    0x08000af8   0x00000050   Code   RO         6331    i.CANopenSlaveInit  canopeninit.o
    0x08000b48   0x0000001c   Code   RO         6250    i.CANopen_slave_node  timer.o
    0x08000b64   0x00000004   Code   RO         6332    i.CanopenInit       canopeninit.o
    0x08000b68   0x0000002c   Code   RO         5385    i.ConsumerHeartbeatAlarm  lifegrd.o
    0x08000b94   0x0000009e   Code   RO         5726    i.CopyBits          pdo.o
    0x08000c32   0x00000002   Code   RO          370    i.DebugMon_Handler  stm32f4xx_it.o
    0x08000c34   0x00000032   Code   RO         6251    i.DelAlarm          timer.o
    0x08000c66   0x00000002   PAD
    0x08000c68   0x000000cc   Code   RO           14    i.Freertos_Init     main.o
    0x08000d34   0x0000002c   Code   RO           15    i.FunctionCANRx     main.o
    0x08000d60   0x0000006c   Code   RO           16    i.FunctionCANopenUpdate  main.o
    0x08000dcc   0x00000090   Code   RO           17    i.FunctionIMUdata   main.o
    0x08000e5c   0x00000024   Code   RO           18    i.FunctionTimeDispatch  main.o
    0x08000e80   0x000000a0   Code   RO           19    i.FunctionUSARTTx   main.o
    0x08000f20   0x000000a0   Code   RO           20    i.GPIO_Init         main.o
    0x08000fc0   0x00000074   Code   RO         5386    i.GuardTimeAlarm    lifegrd.o
    0x08001034   0x000000c8   Code   RO          552    i.HAL_CAN_AddTxMessage  stm32f4xx_hal_can.o
    0x080010fc   0x0000010c   Code   RO          553    i.HAL_CAN_ConfigFilter  stm32f4xx_hal_can.o
    0x08001208   0x00000002   Code   RO          556    i.HAL_CAN_ErrorCallback  stm32f4xx_hal_can.o
    0x0800120a   0x000000fa   Code   RO          559    i.HAL_CAN_GetRxMessage  stm32f4xx_hal_can.o
    0x08001304   0x000001fc   Code   RO          563    i.HAL_CAN_IRQHandler  stm32f4xx_hal_can.o
    0x08001500   0x0000011a   Code   RO          564    i.HAL_CAN_Init      stm32f4xx_hal_can.o
    0x0800161a   0x00000002   PAD
    0x0800161c   0x0000005c   Code   RO          451    i.HAL_CAN_MspInit   stm32f4xx_hal_msp.o
    0x08001678   0x00000002   Code   RO          571    i.HAL_CAN_RxFifo0FullCallback  stm32f4xx_hal_can.o
    0x0800167a   0x00000002   PAD
    0x0800167c   0x00000060   Code   RO           21    i.HAL_CAN_RxFifo0MsgPendingCallback  main.o
    0x080016dc   0x00000002   Code   RO          573    i.HAL_CAN_RxFifo1FullCallback  stm32f4xx_hal_can.o
    0x080016de   0x00000002   Code   RO          574    i.HAL_CAN_RxFifo1MsgPendingCallback  stm32f4xx_hal_can.o
    0x080016e0   0x00000002   Code   RO          575    i.HAL_CAN_SleepCallback  stm32f4xx_hal_can.o
    0x080016e2   0x00000002   PAD
    0x080016e4   0x00000058   Code   RO          576    i.HAL_CAN_Start     stm32f4xx_hal_can.o
    0x0800173c   0x00000002   Code   RO          578    i.HAL_CAN_TxMailbox0AbortCallback  stm32f4xx_hal_can.o
    0x0800173e   0x00000002   Code   RO          579    i.HAL_CAN_TxMailbox0CompleteCallback  stm32f4xx_hal_can.o
    0x08001740   0x00000002   Code   RO          580    i.HAL_CAN_TxMailbox1AbortCallback  stm32f4xx_hal_can.o
    0x08001742   0x00000002   Code   RO          581    i.HAL_CAN_TxMailbox1CompleteCallback  stm32f4xx_hal_can.o
    0x08001744   0x00000002   Code   RO          582    i.HAL_CAN_TxMailbox2AbortCallback  stm32f4xx_hal_can.o
    0x08001746   0x00000002   Code   RO          583    i.HAL_CAN_TxMailbox2CompleteCallback  stm32f4xx_hal_can.o
    0x08001748   0x00000002   Code   RO          585    i.HAL_CAN_WakeUpFromRxMsgCallback  stm32f4xx_hal_can.o
    0x0800174a   0x00000002   PAD
    0x0800174c   0x000001b0   Code   RO         2335    i.HAL_GPIO_Init     stm32f4xx_hal_gpio.o
    0x080018fc   0x00000008   Code   RO         2338    i.HAL_GPIO_TogglePin  stm32f4xx_hal_gpio.o
    0x08001904   0x0000000a   Code   RO         2339    i.HAL_GPIO_WritePin  stm32f4xx_hal_gpio.o
    0x0800190e   0x00000002   PAD
    0x08001910   0x0000000c   Code   RO         2867    i.HAL_GetTick       stm32f4xx_hal.o
    0x0800191c   0x00000010   Code   RO         2871    i.HAL_IncTick       stm32f4xx_hal.o
    0x0800192c   0x00000034   Code   RO         2872    i.HAL_Init          stm32f4xx_hal.o
    0x08001960   0x00000074   Code   RO          510    i.HAL_InitTick      stm32f4xx_hal_timebase_tim.o
    0x080019d4   0x00000084   Code   RO          452    i.HAL_MspInit       stm32f4xx_hal_msp.o
    0x08001a58   0x00000016   Code   RO         2724    i.HAL_NVIC_EnableIRQ  stm32f4xx_hal_cortex.o
    0x08001a6e   0x00000002   PAD
    0x08001a70   0x00000040   Code   RO         2730    i.HAL_NVIC_SetPriority  stm32f4xx_hal_cortex.o
    0x08001ab0   0x00000024   Code   RO         2731    i.HAL_NVIC_SetPriorityGrouping  stm32f4xx_hal_cortex.o
    0x08001ad4   0x00000130   Code   RO         1981    i.HAL_RCC_ClockConfig  stm32f4xx_hal_rcc.o
    0x08001c04   0x00000040   Code   RO         1985    i.HAL_RCC_GetClockConfig  stm32f4xx_hal_rcc.o
    0x08001c44   0x0000000c   Code   RO         1986    i.HAL_RCC_GetHCLKFreq  stm32f4xx_hal_rcc.o
    0x08001c50   0x00000020   Code   RO         1988    i.HAL_RCC_GetPCLK1Freq  stm32f4xx_hal_rcc.o
    0x08001c70   0x00000020   Code   RO         1989    i.HAL_RCC_GetPCLK2Freq  stm32f4xx_hal_rcc.o
    0x08001c90   0x00000060   Code   RO         1990    i.HAL_RCC_GetSysClockFreq  stm32f4xx_hal_rcc.o
    0x08001cf0   0x0000031c   Code   RO         1993    i.HAL_RCC_OscConfig  stm32f4xx_hal_rcc.o
    0x0800200c   0x00000018   Code   RO         2733    i.HAL_SYSTICK_CLKSourceConfig  stm32f4xx_hal_cortex.o
    0x08002024   0x00000028   Code   RO         2735    i.HAL_SYSTICK_Config  stm32f4xx_hal_cortex.o
    0x0800204c   0x00000002   Code   RO         1415    i.HAL_TIMEx_BreakCallback  stm32f4xx_hal_tim_ex.o
    0x0800204e   0x00000002   Code   RO         1416    i.HAL_TIMEx_CommutationCallback  stm32f4xx_hal_tim_ex.o
    0x08002050   0x00000050   Code   RO         1432    i.HAL_TIMEx_MasterConfigSynchronization  stm32f4xx_hal_tim_ex.o
    0x080020a0   0x00000036   Code   RO          786    i.HAL_TIM_Base_Init  stm32f4xx_hal_tim.o
    0x080020d6   0x00000002   PAD
    0x080020d8   0x00000038   Code   RO          454    i.HAL_TIM_Base_MspInit  stm32f4xx_hal_msp.o
    0x08002110   0x00000018   Code   RO          791    i.HAL_TIM_Base_Start_IT  stm32f4xx_hal_tim.o
    0x08002128   0x000000f2   Code   RO          795    i.HAL_TIM_ConfigClockSource  stm32f4xx_hal_tim.o
    0x0800221a   0x00000002   Code   RO          815    i.HAL_TIM_IC_CaptureCallback  stm32f4xx_hal_tim.o
    0x0800221c   0x00000166   Code   RO          828    i.HAL_TIM_IRQHandler  stm32f4xx_hal_tim.o
    0x08002382   0x00000002   Code   RO          831    i.HAL_TIM_OC_DelayElapsedCallback  stm32f4xx_hal_tim.o
    0x08002384   0x00000002   Code   RO          858    i.HAL_TIM_PWM_PulseFinishedCallback  stm32f4xx_hal_tim.o
    0x08002386   0x00000002   PAD
    0x08002388   0x00000030   Code   RO           22    i.HAL_TIM_PeriodElapsedCallback  main.o
    0x080023b8   0x00000002   Code   RO          869    i.HAL_TIM_TriggerCallback  stm32f4xx_hal_tim.o
    0x080023ba   0x00000062   Code   RO         1679    i.HAL_UART_Init     stm32f4xx_hal_uart.o
    0x0800241c   0x0000004c   Code   RO          456    i.HAL_UART_MspInit  stm32f4xx_hal_msp.o
    0x08002468   0x000000ba   Code   RO         1687    i.HAL_UART_Transmit  stm32f4xx_hal_uart.o
    0x08002522   0x00000002   Code   RO          371    i.HardFault_Handler  stm32f4xx_it.o
    0x08002524   0x00000040   Code   RO         4204    i.IIC_Ack           iic.o
    0x08002564   0x00000014   Code   RO         4205    i.IIC_Init          iic.o
    0x08002578   0x00000040   Code   RO         4206    i.IIC_NAck          iic.o
    0x080025b8   0x00000068   Code   RO         4207    i.IIC_Read_Byte     iic.o
    0x08002620   0x00000060   Code   RO         4208    i.IIC_Send_Byte     iic.o
    0x08002680   0x00000040   Code   RO         4209    i.IIC_Start         iic.o
    0x080026c0   0x00000044   Code   RO         4210    i.IIC_Stop          iic.o
    0x08002704   0x00000054   Code   RO         4211    i.IIC_Wait_Ack      iic.o
    0x08002758   0x00000032   Code   RO         4884    i.MPU_Get_Accelerometer  mpu9250.o
    0x0800278a   0x00000032   Code   RO         4885    i.MPU_Get_Gyroscope  mpu9250.o
    0x080027bc   0x000000d8   Code   RO         4886    i.MPU_Get_Heading   mpu9250.o
    0x08002894   0x00000064   Code   RO         4887    i.MPU_Get_Temperature  mpu9250.o
    0x080028f8   0x0000006c   Code   RO         4890    i.MPU_Read_Len      mpu9250.o
    0x08002964   0x00000052   Code   RO         4892    i.MPU_Write_Len     mpu9250.o
    0x080029b6   0x00000002   PAD
    0x080029b8   0x00000054   Code   RO           23    i.MX_TIM2_Init      main.o
    0x08002a0c   0x00000002   Code   RO          372    i.MemManage_Handler  stm32f4xx_it.o
    0x08002a0e   0x00000002   Code   RO          373    i.NMI_Handler       stm32f4xx_it.o
    0x08002a10   0x00000020   Code   RO         2737    i.NVIC_SetPriority  stm32f4xx_hal_cortex.o
    0x08002a30   0x00000068   Code   RO         5622    i.OD_OI_Reg         objectdictionary.o
    0x08002a98   0x00000074   Code   RO         5623    i.OI_Recursion_Add  objectdictionary.o
    0x08002b0c   0x0000000a   Code   RO         6176    i.OnCOB_ID_SyncUpdate  sync.o
    0x08002b16   0x00000012   Code   RO         5387    i.OnHeartbeatProducerUpdate  lifegrd.o
    0x08002b28   0x00000012   Code   RO         5388    i.OnNodeGuardUpdate  lifegrd.o
    0x08002b3a   0x00000002   PAD
    0x08002b3c   0x00000028   Code   RO         5318    i.OnNumberOfErrorsUpdate  emcy.o
    0x08002b64   0x00000028   Code   RO         5727    i.PDOEventTimerAlarm  pdo.o
    0x08002b8c   0x0000002a   Code   RO         5728    i.PDOInhibitTimerAlarm  pdo.o
    0x08002bb6   0x00000002   PAD
    0x08002bb8   0x000000a8   Code   RO         5729    i.PDOInit           pdo.o
    0x08002c60   0x000000a8   Code   RO         5730    i.PDOStop           pdo.o
    0x08002d08   0x00000056   Code   RO         5389    i.ProducerHeartbeatAlarm  lifegrd.o
    0x08002d5e   0x00000018   Code   RO         5574    i.RegisterSetODentryCallBack  objacces.o
    0x08002d76   0x00000002   PAD
    0x08002d78   0x000000fc   Code   RO         5831    i.SDOTimeoutAlarm   sdo.o
    0x08002e74   0x00000034   Code   RO         5832    i.SDOlineToObjdict  sdo.o
    0x08002ea8   0x0000003a   Code   RO         5833    i.SDOtoLine         sdo.o
    0x08002ee2   0x00000002   PAD
    0x08002ee4   0x00000098   Code   RO         6252    i.SetAlarm          timer.o
    0x08002f7c   0x00000004   Code   RO         6177    i.SyncAlarm         sync.o
    0x08002f80   0x0000000e   Code   RO          374    i.SysTick_Handler   stm32f4xx_it.o
    0x08002f8e   0x00000002   PAD
    0x08002f90   0x000000a0   Code   RO           24    i.SystemClock_Config  main.o
    0x08003030   0x00000054   Code   RO         3026    i.SystemInit        system_stm32f4xx.o
    0x08003084   0x0000000c   Code   RO          375    i.TIM1_UP_TIM10_IRQHandler  stm32f4xx_it.o
    0x08003090   0x0000000c   Code   RO          376    i.TIM2_IRQHandler   stm32f4xx_it.o
    0x0800309c   0x000000c0   Code   RO          870    i.TIM_Base_SetConfig  stm32f4xx_hal_tim.o
    0x0800315c   0x00000014   Code   RO          877    i.TIM_ETR_SetConfig  stm32f4xx_hal_tim.o
    0x08003170   0x00000010   Code   RO          878    i.TIM_ITRx_SetConfig  stm32f4xx_hal_tim.o
    0x08003180   0x00000022   Code   RO          884    i.TIM_TI1_ConfigInputStage  stm32f4xx_hal_tim.o
    0x080031a2   0x00000024   Code   RO          886    i.TIM_TI2_ConfigInputStage  stm32f4xx_hal_tim.o
    0x080031c6   0x00000002   PAD
    0x080031c8   0x00000098   Code   RO         5731    i.TPDO_Communication_Parameter_Callback  pdo.o
    0x08003260   0x00000270   Code   RO         6064    i.TestSlave_initialisation  states.o
    0x080034d0   0x00000014   Code   RO         4957    i.TestSlave_valueRangeTest  testslave.o
    0x080034e4   0x000000b8   Code   RO         6253    i.TimeDispatch      timer.o
    0x0800359c   0x000002ac   Code   RO         1705    i.UART_SetConfig    stm32f4xx_hal_uart.o
    0x08003848   0x00000064   Code   RO         1707    i.UART_WaitOnFlagUntilTimeout  stm32f4xx_hal_uart.o
    0x080038ac   0x00000002   Code   RO          377    i.UsageFault_Handler  stm32f4xx_it.o
    0x080038ae   0x00000002   Code   RO         5732    i._RxPDO_EventTimers_Handler  pdo.o
    0x080038b0   0x00000020   Code   RO         6646    i.__0printf         mc_w.l(printfa.o)
    0x080038d0   0x00000030   Code   RO         6720    i.__ARM_fpclassify  m_wm.l(fpclassify.o)
    0x08003900   0x00000360   Code   RO         6366    i.__hardfp_asin     m_wm.l(asin.o)
    0x08003c60   0x000002d8   Code   RO         6686    i.__hardfp_atan     m_wm.l(atan.o)
    0x08003f38   0x000001f0   Code   RO         6380    i.__hardfp_atan2    m_wm.l(atan2.o)
    0x08004128   0x000000f8   Code   RO         6722    i.__kernel_poly     m_wm.l(poly.o)
    0x08004220   0x00000014   Code   RO         6701    i.__mathlib_dbl_infnan  m_wm.l(dunder.o)
    0x08004234   0x00000014   Code   RO         6702    i.__mathlib_dbl_infnan2  m_wm.l(dunder.o)
    0x08004248   0x00000020   Code   RO         6703    i.__mathlib_dbl_invalid  m_wm.l(dunder.o)
    0x08004268   0x00000020   Code   RO         6706    i.__mathlib_dbl_underflow  m_wm.l(dunder.o)
    0x08004288   0x0000000e   Code   RO         6790    i.__scatterload_copy  mc_w.l(handlers.o)
    0x08004296   0x00000002   Code   RO         6791    i.__scatterload_null  mc_w.l(handlers.o)
    0x08004298   0x0000000e   Code   RO         6792    i.__scatterload_zeroinit  mc_w.l(handlers.o)
    0x080042a6   0x00000002   PAD
    0x080042a8   0x0000000c   Code   RO         6764    i.__set_errno       mc_w.l(errno.o)
    0x080042b4   0x00000164   Code   RO         6653    i._fp_digits        mc_w.l(printfa.o)
    0x08004418   0x000000ac   Code   RO         5575    i._getODentry       objacces.o
    0x080044c4   0x00000002   Code   RO         5390    i._heartbeatError   lifegrd.o
    0x080044c6   0x00000002   Code   RO         5391    i._nodeguardError   lifegrd.o
    0x080044c8   0x00000002   Code   RO         6065    i._operational      states.o
    0x080044ca   0x00000002   Code   RO         5392    i._post_SlaveBootup  lifegrd.o
    0x080044cc   0x00000002   Code   RO         5393    i._post_SlaveStateChange  lifegrd.o
    0x080044ce   0x00000002   Code   RO         6178    i._post_TPDO        sync.o
    0x080044d0   0x00000002   Code   RO         5319    i._post_emcy        emcy.o
    0x080044d2   0x00000002   Code   RO         6179    i._post_sync        sync.o
    0x080044d4   0x00000010   Code   RO         6066    i._preOperational   states.o
    0x080044e4   0x000006dc   Code   RO         6654    i._printf_core      mc_w.l(printfa.o)
    0x08004bc0   0x00000024   Code   RO         6655    i._printf_post_padding  mc_w.l(printfa.o)
    0x08004be4   0x0000002e   Code   RO         6656    i._printf_pre_padding  mc_w.l(printfa.o)
    0x08004c12   0x00000002   PAD
    0x08004c14   0x00000160   Code   RO         5733    i._sendPDOevent     pdo.o
    0x08004d74   0x000000c0   Code   RO         5576    i._setODentry       objacces.o
    0x08004e34   0x00000002   Code   RO         6067    i._stopped          states.o
    0x08004e36   0x00000002   Code   RO         5577    i._storeODSubIndex  objacces.o
    0x08004e38   0x00000010   Code   RO         6688    i.atan              m_wm.l(atan.o)
    0x08004e48   0x00000110   Code   RO         5734    i.buildPDO          pdo.o
    0x08004f58   0x00000092   Code   RO         6068    i.canDispatch       states.o
    0x08004fea   0x00000002   PAD
    0x08004fec   0x00000080   Code   RO         5243    i.canSend           can.o
    0x0800506c   0x00000050   Code   RO         5624    i.data_length       objectdictionary.o
    0x080050bc   0x00000010   Code   RO         4138    i.delay_init        delay.o
    0x080050cc   0x00000038   Code   RO         4139    i.delay_ms          delay.o
    0x08005104   0x00000034   Code   RO         4140    i.delay_us          delay.o
    0x08005138   0x0000003a   Code   RO         4695    i.dmp_enable_6x_lp_quat  inv_mpu_dmp_motion_driver.o
    0x08005172   0x00000002   PAD
    0x08005174   0x000001d8   Code   RO         4696    i.dmp_enable_feature  inv_mpu_dmp_motion_driver.o
    0x0800534c   0x0000003c   Code   RO         4697    i.dmp_enable_gyro_cal  inv_mpu_dmp_motion_driver.o
    0x08005388   0x0000003a   Code   RO         4698    i.dmp_enable_lp_quat  inv_mpu_dmp_motion_driver.o
    0x080053c2   0x00000002   PAD
    0x080053c4   0x00000014   Code   RO         4703    i.dmp_load_motion_driver_firmware  inv_mpu_dmp_motion_driver.o
    0x080053d8   0x00000148   Code   RO         4704    i.dmp_read_fifo     inv_mpu_dmp_motion_driver.o
    0x08005520   0x00000064   Code   RO         4708    i.dmp_set_fifo_rate  inv_mpu_dmp_motion_driver.o
    0x08005584   0x000000cc   Code   RO         4709    i.dmp_set_gyro_bias  inv_mpu_dmp_motion_driver.o
    0x08005650   0x0000010c   Code   RO         4711    i.dmp_set_orientation  inv_mpu_dmp_motion_driver.o
    0x0800575c   0x00000030   Code   RO         4714    i.dmp_set_shake_reject_thresh  inv_mpu_dmp_motion_driver.o
    0x0800578c   0x00000020   Code   RO         4715    i.dmp_set_shake_reject_time  inv_mpu_dmp_motion_driver.o
    0x080057ac   0x00000020   Code   RO         4716    i.dmp_set_shake_reject_timeout  inv_mpu_dmp_motion_driver.o
    0x080057cc   0x00000040   Code   RO         4717    i.dmp_set_tap_axes  inv_mpu_dmp_motion_driver.o
    0x0800580c   0x00000022   Code   RO         4718    i.dmp_set_tap_count  inv_mpu_dmp_motion_driver.o
    0x0800582e   0x00000002   PAD
    0x08005830   0x00000160   Code   RO         4719    i.dmp_set_tap_thresh  inv_mpu_dmp_motion_driver.o
    0x08005990   0x00000020   Code   RO         4720    i.dmp_set_tap_time  inv_mpu_dmp_motion_driver.o
    0x080059b0   0x00000020   Code   RO         4721    i.dmp_set_tap_time_multi  inv_mpu_dmp_motion_driver.o
    0x080059d0   0x00000020   Code   RO         5320    i.emergencyInit     emcy.o
    0x080059f0   0x00000002   Code   RO         5321    i.emergencyStop     emcy.o
    0x080059f2   0x00000018   Code   RO         6716    i.fabs              m_wm.l(fabs.o)
    0x08005a0a   0x00000002   PAD
    0x08005a0c   0x000000d8   Code   RO         5837    i.failedSDO         sdo.o
    0x08005ae4   0x000000b8   Code   RO         5625    i.find_object       objectdictionary.o
    0x08005b9c   0x00000012   Code   RO         6751    i.fputc             mc_w.l(fputc.o)
    0x08005bae   0x0000002c   Code   RO         6254    i.getElapsedTime    timer.o
    0x08005bda   0x00000006   Code   RO         6069    i.getNodeId         states.o
    0x08005be0   0x00000038   Code   RO         5839    i.getSDOfreeLine    sdo.o
    0x08005c18   0x0000003e   Code   RO         5840    i.getSDOlineOnUse   sdo.o
    0x08005c56   0x0000001a   Code   RO         5841    i.getSDOlineRestBytes  sdo.o
    0x08005c70   0x00000314   Code   RO         4319    i.get_st_biases     inv_mpu.o
    0x08005f84   0x00000098   Code   RO         5395    i.heartbeatInit     lifegrd.o
    0x0800601c   0x00000060   Code   RO         5396    i.heartbeatStop     lifegrd.o
    0x0800607c   0x0000004e   Code   RO         5626    i.index_Partition   objectdictionary.o
    0x080060ca   0x00000002   PAD
    0x080060cc   0x000000a4   Code   RO         5844    i.initSDOline       sdo.o
    0x08006170   0x00000022   Code   RO         4321    i.inv_orientation_matrix_to_scalar  inv_mpu.o
    0x08006192   0x00000048   Code   RO         4322    i.inv_row_2_scale   inv_mpu.o
    0x080061da   0x00000012   Code   RO         5397    i.lifeGuardInit     lifegrd.o
    0x080061ec   0x00000012   Code   RO         5398    i.lifeGuardStop     lifegrd.o
    0x080061fe   0x00000040   Code   RO         5845    i.lineToSDO         sdo.o
    0x0800623e   0x00000002   PAD
    0x08006240   0x00000064   Code   RO           26    i.main              main.o
    0x080062a4   0x0000000c   Code   RO         3762    i.makeFreeRtosPriority  cmsis_os.o
    0x080062b0   0x0000001e   Code   RO         5506    i.masterSendNMTnodeguard  nmtmaster.o
    0x080062ce   0x00000022   Code   RO         5507    i.masterSendNMTstateChange  nmtmaster.o
    0x080062f0   0x00000002   Code   RO         4323    i.mget_ms           inv_mpu.o
    0x080062f2   0x00000050   Code   RO         4270    i.mpu9250_send_rawdata  usart.o
    0x08006342   0x00000002   PAD
    0x08006344   0x00000054   Code   RO         4324    i.mpu_configure_fifo  inv_mpu.o
    0x08006398   0x00000164   Code   RO         4325    i.mpu_dmp_get_data  inv_mpu.o
    0x080064fc   0x000000a4   Code   RO         4326    i.mpu_dmp_init      inv_mpu.o
    0x080065a0   0x0000003c   Code   RO         4327    i.mpu_get_accel_fsr  inv_mpu.o
    0x080065dc   0x00000080   Code   RO         4331    i.mpu_get_compass_reg  inv_mpu.o
    0x0800665c   0x00000034   Code   RO         4335    i.mpu_get_gyro_fsr  inv_mpu.o
    0x08006690   0x0000004c   Code   RO         4337    i.mpu_get_gyro_sens  inv_mpu.o
    0x080066dc   0x00000038   Code   RO         4339    i.mpu_get_lpf       inv_mpu.o
    0x08006714   0x0000001c   Code   RO         4341    i.mpu_get_sample_rate  inv_mpu.o
    0x08006730   0x000000dc   Code   RO         4343    i.mpu_init          inv_mpu.o
    0x0800680c   0x000000a0   Code   RO         4344    i.mpu_load_firmware  inv_mpu.o
    0x080068ac   0x000000b8   Code   RO         4345    i.mpu_lp_accel_mode  inv_mpu.o
    0x08006964   0x00000094   Code   RO         4351    i.mpu_read_fifo_stream  inv_mpu.o
    0x080069f8   0x00000054   Code   RO         4352    i.mpu_read_mem      inv_mpu.o
    0x08006a4c   0x00000160   Code   RO         4355    i.mpu_reset_fifo    inv_mpu.o
    0x08006bac   0x0000009c   Code   RO         4357    i.mpu_run_self_test  inv_mpu.o
    0x08006c48   0x00000068   Code   RO         4360    i.mpu_set_accel_fsr  inv_mpu.o
    0x08006cb0   0x000000dc   Code   RO         4361    i.mpu_set_bypass    inv_mpu.o
    0x08006d8c   0x0000004c   Code   RO         4362    i.mpu_set_compass_sample_rate  inv_mpu.o
    0x08006dd8   0x00000078   Code   RO         4363    i.mpu_set_dmp_state  inv_mpu.o
    0x08006e50   0x0000006c   Code   RO         4365    i.mpu_set_gyro_fsr  inv_mpu.o
    0x08006ebc   0x00000064   Code   RO         4366    i.mpu_set_int_latched  inv_mpu.o
    0x08006f20   0x0000006c   Code   RO         4368    i.mpu_set_lpf       inv_mpu.o
    0x08006f8c   0x00000090   Code   RO         4369    i.mpu_set_sample_rate  inv_mpu.o
    0x0800701c   0x00000134   Code   RO         4370    i.mpu_set_sensors   inv_mpu.o
    0x08007150   0x00000054   Code   RO         4371    i.mpu_write_mem     inv_mpu.o
    0x080071a4   0x0000005e   Code   RO         5627    i.name_Partition    objectdictionary.o
    0x08007202   0x00000002   PAD
    0x08007204   0x00000084   Code   RO         5399    i.nodeguardInit     lifegrd.o
    0x08007288   0x00000028   Code   RO         5400    i.nodeguardStop     lifegrd.o
    0x080072b0   0x00000040   Code   RO         5846    i.objdictToSDOline  sdo.o
    0x080072f0   0x0000000e   Code   RO         3764    i.osDelay           cmsis_os.o
    0x080072fe   0x0000000a   Code   RO         3767    i.osKernelStart     cmsis_os.o
    0x08007308   0x00000008   Code   RO         3776    i.osMessageCreate   cmsis_os.o
    0x08007310   0x00000026   Code   RO         3793    i.osSemaphoreCreate  cmsis_os.o
    0x08007336   0x00000014   Code   RO         3800    i.osSystickHandler  cmsis_os.o
    0x0800734a   0x0000002e   Code   RO         3801    i.osThreadCreate    cmsis_os.o
    0x08007378   0x00000022   Code   RO         5322    i.proceedEMCY       emcy.o
    0x0800739a   0x00000096   Code   RO         5541    i.proceedNMTstateChange  nmtslave.o
    0x08007430   0x00000114   Code   RO         5401    i.proceedNODE_GUARD  lifegrd.o
    0x08007544   0x000002d8   Code   RO         5735    i.proceedPDO        pdo.o
    0x0800781c   0x00001718   Code   RO         5847    i.proceedSDO        sdo.o
    0x08008f34   0x00000028   Code   RO         6180    i.proceedSYNC       sync.o
    0x08008f5c   0x00000070   Code   RO         3473    i.prvAddCurrentTaskToDelayedList  tasks.o
    0x08008fcc   0x000000d0   Code   RO         3474    i.prvAddNewTaskToReadyList  tasks.o
    0x0800909c   0x00000050   Code   RO         3475    i.prvCheckTasksWaitingTermination  tasks.o
    0x080090ec   0x00000026   Code   RO         3333    i.prvCopyDataFromQueue  queue.o
    0x08009112   0x0000006c   Code   RO         3334    i.prvCopyDataToQueue  queue.o
    0x0800917e   0x00000014   Code   RO         3476    i.prvDeleteTCB      tasks.o
    0x08009192   0x00000002   PAD
    0x08009194   0x0000004c   Code   RO         3060    i.prvHeapInit       heap_4.o
    0x080091e0   0x00000028   Code   RO         3477    i.prvIdleTask       tasks.o
    0x08009208   0x0000008e   Code   RO         3478    i.prvInitialiseNewTask  tasks.o
    0x08009296   0x00000002   PAD
    0x08009298   0x0000004c   Code   RO         3061    i.prvInsertBlockIntoFreeList  heap_4.o
    0x080092e4   0x0000001c   Code   RO         3335    i.prvIsQueueEmpty   queue.o
    0x08009300   0x00000020   Code   RO         3479    i.prvResetNextTaskUnblockTime  tasks.o
    0x08009320   0x00000028   Code   RO         3131    i.prvTaskExitError  port.o
    0x08009348   0x0000006a   Code   RO         3336    i.prvUnlockQueue    queue.o
    0x080093b2   0x00000002   PAD
    0x080093b4   0x000000d8   Code   RO         3062    i.pvPortMalloc      heap_4.o
    0x0800948c   0x00000018   Code   RO         3481    i.pvTaskIncrementMutexHeldCount  tasks.o
    0x080094a4   0x0000002c   Code   RO         3132    i.pxPortInitialiseStack  port.o
    0x080094d0   0x00000018   Code   RO         5851    i.resetSDO          sdo.o
    0x080094e8   0x0000003a   Code   RO         5852    i.resetSDOline      sdo.o
    0x08009522   0x00000066   Code   RO         4372    i.run_self_test     inv_mpu.o
    0x08009588   0x0000016c   Code   RO         5736    i.sendOnePDOevent   pdo.o
    0x080096f4   0x00000042   Code   RO         5739    i.sendPdo           pdo.o
    0x08009736   0x00000002   PAD
    0x08009738   0x000000c0   Code   RO         5853    i.sendSDO           sdo.o
    0x080097f8   0x00000038   Code   RO         5854    i.sendSDOabort      sdo.o
    0x08009830   0x00000022   Code   RO         6181    i.sendSYNC          sync.o
    0x08009852   0x00000002   PAD
    0x08009854   0x00000040   Code   RO         6182    i.sendSYNCMessage   sync.o
    0x08009894   0x000001c4   Code   RO         6071    i.setNodeId         states.o
    0x08009a58   0x0000001a   Code   RO         5855    i.setSDOlineRestBytes  sdo.o
    0x08009a72   0x00000002   PAD
    0x08009a74   0x000000ac   Code   RO         6072    i.setState          states.o
    0x08009b20   0x00000018   Code   RO         6255    i.setTimer          timer.o
    0x08009b38   0x00000058   Code   RO         4373    i.set_int_enable    inv_mpu.o
    0x08009b90   0x000001d8   Code   RO         4374    i.setup_compass     inv_mpu.o
    0x08009d68   0x00000026   Code   RO         5542    i.slaveSendBootUp   nmtslave.o
    0x08009d8e   0x00000026   Code   RO         5628    i.sort_by_index     objectdictionary.o
    0x08009db4   0x0000002a   Code   RO         5629    i.sort_by_name      objectdictionary.o
    0x08009dde   0x0000006e   Code   RO         6727    i.sqrt              m_wm.l(sqrt.o)
    0x08009e4c   0x00000068   Code   RO         6183    i.startSYNC         sync.o
    0x08009eb4   0x00000040   Code   RO         6184    i.stopSYNC          sync.o
    0x08009ef4   0x00000014   Code   RO         5630    i.swap              objectdictionary.o
    0x08009f08   0x000000ea   Code   RO         6073    i.switchCommunicationState  states.o
    0x08009ff2   0x00000060   Code   RO         4271    i.usart1_niming_report  usart.o
    0x0800a052   0x00000088   Code   RO         4272    i.usart1_report_imu  usart.o
    0x0800a0da   0x00000002   PAD
    0x0800a0dc   0x00000024   Code   RO         4273    i.usart1_send_char  usart.o
    0x0800a100   0x00000024   Code   RO         3296    i.uxListRemove      list.o
    0x0800a124   0x00000016   Code   RO         3297    i.vListInitialise   list.o
    0x0800a13a   0x00000006   Code   RO         3298    i.vListInitialiseItem  list.o
    0x0800a140   0x00000030   Code   RO         3299    i.vListInsert       list.o
    0x0800a170   0x00000018   Code   RO         3300    i.vListInsertEnd    list.o
    0x0800a188   0x00000040   Code   RO         3134    i.vPortEnterCritical  port.o
    0x0800a1c8   0x00000028   Code   RO         3135    i.vPortExitCritical  port.o
    0x0800a1f0   0x0000005c   Code   RO         3063    i.vPortFree         heap_4.o
    0x0800a24c   0x00000020   Code   RO         3136    i.vPortSetupTimerInterrupt  port.o
    0x0800a26c   0x00000054   Code   RO         3137    i.vPortValidateInterruptPriority  port.o
    0x0800a2c0   0x0000004c   Code   RO         3487    i.vTaskDelay        tasks.o
    0x0800a30c   0x0000000c   Code   RO         3490    i.vTaskMissedYield  tasks.o
    0x0800a318   0x00000030   Code   RO         3492    i.vTaskPlaceOnEventList  tasks.o
    0x0800a348   0x00000084   Code   RO         3494    i.vTaskPriorityInherit  tasks.o
    0x0800a3cc   0x00000024   Code   RO         3497    i.vTaskSetTimeOutState  tasks.o
    0x0800a3f0   0x00000068   Code   RO         3498    i.vTaskStartScheduler  tasks.o
    0x0800a458   0x00000010   Code   RO         3500    i.vTaskSuspendAll   tasks.o
    0x0800a468   0x0000005c   Code   RO         3501    i.vTaskSwitchContext  tasks.o
    0x0800a4c4   0x000000e0   Code   RO         3138    i.xPortStartScheduler  port.o
    0x0800a5a4   0x0000002c   Code   RO         3139    i.xPortSysTickHandler  port.o
    0x0800a5d0   0x00000048   Code   RO         3344    i.xQueueGenericCreate  queue.o
    0x0800a618   0x0000016c   Code   RO         3345    i.xQueueGenericReceive  queue.o
    0x0800a784   0x00000088   Code   RO         3346    i.xQueueGenericReset  queue.o
    0x0800a80c   0x00000160   Code   RO         3347    i.xQueueGenericSend  queue.o
    0x0800a96c   0x000000bc   Code   RO         3348    i.xQueueGenericSendFromISR  queue.o
    0x0800aa28   0x0000009c   Code   RO         3349    i.xQueueGiveFromISR  queue.o
    0x0800aac4   0x0000006c   Code   RO         3502    i.xTaskCheckForTimeOut  tasks.o
    0x0800ab30   0x00000056   Code   RO         3503    i.xTaskCreate       tasks.o
    0x0800ab86   0x00000002   PAD
    0x0800ab88   0x0000001c   Code   RO         3507    i.xTaskGetSchedulerState  tasks.o
    0x0800aba4   0x000000c8   Code   RO         3510    i.xTaskIncrementTick  tasks.o
    0x0800ac6c   0x00000098   Code   RO         3513    i.xTaskPriorityDisinherit  tasks.o
    0x0800ad04   0x00000074   Code   RO         3514    i.xTaskRemoveFromEventList  tasks.o
    0x0800ad78   0x000000c4   Code   RO         3516    i.xTaskResumeAll    tasks.o
    0x0800ae3c   0x0000007c   Data   RO           28    .constdata          main.o
    0x0800aeb8   0x00000010   Data   RO         3027    .constdata          system_stm32f4xx.o
    0x0800aec8   0x00000008   Data   RO         3028    .constdata          system_stm32f4xx.o
    0x0800aed0   0x0000002a   Data   RO         4375    .constdata          inv_mpu.o
    0x0800aefa   0x0000000e   Data   RO         4376    .constdata          inv_mpu.o
    0x0800af08   0x00000030   Data   RO         4377    .constdata          inv_mpu.o
    0x0800af38   0x00000bf6   Data   RO         4723    .constdata          inv_mpu_dmp_motion_driver.o
    0x0800bb2e   0x00000002   PAD
    0x0800bb30   0x00000040   Data   RO         6074    .constdata          states.o
    0x0800bb70   0x00000050   Data   RO         6369    .constdata          m_wm.l(asin.o)
    0x0800bbc0   0x00000098   Data   RO         6689    .constdata          m_wm.l(atan.o)
    0x0800bc58   0x00000008   Data   RO         6724    .constdata          m_wm.l(qnan.o)
    0x0800bc60   0x0000004c   Data   RO           29    .conststring        main.o
    0x0800bcac   0x00000117   Data   RO         4978    .conststring        testslave.o
    0x0800bdc3   0x00000001   PAD
    0x0800bdc4   0x000000f5   Data   RO         4984    .conststring        testslave.o
    0x0800beb9   0x00000003   PAD
    0x0800bebc   0x0000010b   Data   RO         4986    .conststring        testslave.o
    0x0800bfc7   0x00000001   PAD
    0x0800bfc8   0x000000d8   Data   RO         4989    .conststring        testslave.o
    0x0800c0a0   0x00000073   Data   RO         4992    .conststring        testslave.o
    0x0800c113   0x00000001   PAD
    0x0800c114   0x000000a6   Data   RO         4994    .conststring        testslave.o
    0x0800c1ba   0x00000002   PAD
    0x0800c1bc   0x00000076   Data   RO         4996    .conststring        testslave.o
    0x0800c232   0x00000002   PAD
    0x0800c234   0x000000d9   Data   RO         4998    .conststring        testslave.o
    0x0800c30d   0x00000003   PAD
    0x0800c310   0x00000086   Data   RO         5000    .conststring        testslave.o
    0x0800c396   0x00000002   PAD
    0x0800c398   0x00000086   Data   RO         5002    .conststring        testslave.o
    0x0800c41e   0x00000002   PAD
    0x0800c420   0x00000086   Data   RO         5004    .conststring        testslave.o
    0x0800c4a6   0x00000002   PAD
    0x0800c4a8   0x00000086   Data   RO         5006    .conststring        testslave.o
    0x0800c52e   0x00000002   PAD
    0x0800c530   0x000000b3   Data   RO         5008    .conststring        testslave.o
    0x0800c5e3   0x00000001   PAD
    0x0800c5e4   0x000000ab   Data   RO         5010    .conststring        testslave.o
    0x0800c68f   0x00000001   PAD
    0x0800c690   0x00000053   Data   RO         5012    .conststring        testslave.o
    0x0800c6e3   0x00000001   PAD
    0x0800c6e4   0x0000003b   Data   RO         5014    .conststring        testslave.o
    0x0800c71f   0x00000001   PAD
    0x0800c720   0x00000023   Data   RO         5016    .conststring        testslave.o
    0x0800c743   0x00000001   PAD
    0x0800c744   0x00000086   Data   RO         5018    .conststring        testslave.o
    0x0800c7ca   0x00000002   PAD
    0x0800c7cc   0x00000033   Data   RO         5020    .conststring        testslave.o
    0x0800c7ff   0x00000001   PAD
    0x0800c800   0x0000006e   Data   RO         5022    .conststring        testslave.o
    0x0800c86e   0x00000002   PAD
    0x0800c870   0x00000037   Data   RO         5024    .conststring        testslave.o
    0x0800c8a7   0x00000001   PAD
    0x0800c8a8   0x000001be   Data   RO         5026    .conststring        testslave.o
    0x0800ca66   0x00000002   PAD
    0x0800ca68   0x0000003b   Data   RO         5031    .conststring        testslave.o
    0x0800caa3   0x00000001   PAD
    0x0800caa4   0x00000356   Data   RO         5032    .conststring        testslave.o
    0x0800cdfa   0x00000002   PAD
    0x0800cdfc   0x00000020   Data   RO         6788    Region$$Table       anon$$obj.o


    Execution Region RW_IRAM1 (Base: 0x20000000, Size: 0x000071c8, Max: 0x00020000, ABSOLUTE, COMPRESSED[0x000008b0])

    Base Addr    Size         Type   Attr      Idx    E Section Name        Object

    0x20000000   0x00000030   Data   RW           30    .data               main.o
    0x20000030   0x0000000c   Data   RW         2879    .data               stm32f4xx_hal.o
    0x2000003c   0x00000004   Data   RW         3029    .data               system_stm32f4xx.o
    0x20000040   0x00000018   Data   RW         3068    .data               heap_4.o
    0x20000058   0x0000000c   Data   RW         3140    .data               port.o
    0x20000064   0x0000003c   Data   RW         3519    .data               tasks.o
    0x200000a0   0x00000008   Data   RW         4142    .data               delay.o
    0x200000a8   0x00000045   Data   RW         4379    .data               inv_mpu.o
    0x200000ed   0x00000001   PAD
    0x200000ee   0x00000002   Data   RW         5046    .data               testslave.o
    0x200000f0   0x00000002   Data   RW         5047    .data               testslave.o
    0x200000f2   0x00000008   Data   RW         5048    .data               testslave.o
    0x200000fa   0x00000002   PAD
    0x200000fc   0x00000004   Data   RW         5049    .data               testslave.o
    0x20000100   0x00000001   Data   RW         5051    .data               testslave.o
    0x20000101   0x00000001   Data   RW         5053    .data               testslave.o
    0x20000102   0x00000002   PAD
    0x20000104   0x000000fc   Data   RW         5056    .data               testslave.o
    0x20000200   0x00000004   Data   RW         5057    .data               testslave.o
    0x20000204   0x00000004   Data   RW         5060    .data               testslave.o
    0x20000208   0x00000002   Data   RW         5063    .data               testslave.o
    0x2000020a   0x00000001   Data   RW         5066    .data               testslave.o
    0x2000020b   0x00000001   Data   RW         5069    .data               testslave.o
    0x2000020c   0x000000a8   Data   RW         5071    .data               testslave.o
    0x200002b4   0x00000001   Data   RW         5072    .data               testslave.o
    0x200002b5   0x00000003   PAD
    0x200002b8   0x000000a8   Data   RW         5074    .data               testslave.o
    0x20000360   0x00000004   Data   RW         5075    .data               testslave.o
    0x20000364   0x00000001   Data   RW         5077    .data               testslave.o
    0x20000365   0x00000003   PAD
    0x20000368   0x0000008c   Data   RW         5079    .data               testslave.o
    0x200003f4   0x00000002   Data   RW         5080    .data               testslave.o
    0x200003f6   0x00000001   Data   RW         5083    .data               testslave.o
    0x200003f7   0x00000001   PAD
    0x200003f8   0x0000008c   Data   RW         5085    .data               testslave.o
    0x20000484   0x00000001   Data   RW         5086    .data               testslave.o
    0x20000485   0x00000003   PAD
    0x20000488   0x0000000c   Data   RW         5087    .data               testslave.o
    0x20000494   0x00000070   Data   RW         5089    .data               testslave.o
    0x20000504   0x00000001   Data   RW         5090    .data               testslave.o
    0x20000505   0x00000003   PAD
    0x20000508   0x0000000c   Data   RW         5091    .data               testslave.o
    0x20000514   0x00000070   Data   RW         5093    .data               testslave.o
    0x20000584   0x00000001   Data   RW         5094    .data               testslave.o
    0x20000585   0x00000003   PAD
    0x20000588   0x00000014   Data   RW         5095    .data               testslave.o
    0x2000059c   0x000000a8   Data   RW         5097    .data               testslave.o
    0x20000644   0x00000001   Data   RW         5098    .data               testslave.o
    0x20000645   0x00000003   PAD
    0x20000648   0x00000014   Data   RW         5099    .data               testslave.o
    0x2000065c   0x000000a8   Data   RW         5101    .data               testslave.o
    0x20000704   0x00000001   Data   RW         5102    .data               testslave.o
    0x20000705   0x00000003   PAD
    0x20000708   0x00000014   Data   RW         5103    .data               testslave.o
    0x2000071c   0x000000a8   Data   RW         5105    .data               testslave.o
    0x200007c4   0x00000001   Data   RW         5106    .data               testslave.o
    0x200007c5   0x00000003   PAD
    0x200007c8   0x00000014   Data   RW         5107    .data               testslave.o
    0x200007dc   0x000000a8   Data   RW         5109    .data               testslave.o
    0x20000884   0x00000001   Data   RW         5110    .data               testslave.o
    0x20000885   0x00000003   PAD
    0x20000888   0x00000014   Data   RW         5111    .data               testslave.o
    0x2000089c   0x000000a8   Data   RW         5113    .data               testslave.o
    0x20000944   0x00000001   Data   RW         5114    .data               testslave.o
    0x20000945   0x00000003   PAD
    0x20000948   0x0000008c   Data   RW         5116    .data               testslave.o
    0x200009d4   0x00000001   Data   RW         5117    .data               testslave.o
    0x200009d5   0x00000003   PAD
    0x200009d8   0x000000fc   Data   RW         5119    .data               testslave.o
    0x20000ad4   0x00000001   Data   RW         5120    .data               testslave.o
    0x20000ad5   0x00000003   PAD
    0x20000ad8   0x0000008c   Data   RW         5122    .data               testslave.o
    0x20000b64   0x00000001   Data   RW         5123    .data               testslave.o
    0x20000b65   0x00000003   PAD
    0x20000b68   0x00000004   Data   RW         5124    .data               testslave.o
    0x20000b6c   0x00000038   Data   RW         5126    .data               testslave.o
    0x20000ba4   0x00000001   Data   RW         5127    .data               testslave.o
    0x20000ba5   0x00000003   PAD
    0x20000ba8   0x00000004   Data   RW         5128    .data               testslave.o
    0x20000bac   0x00000038   Data   RW         5130    .data               testslave.o
    0x20000be4   0x00000001   Data   RW         5131    .data               testslave.o
    0x20000be5   0x00000003   PAD
    0x20000be8   0x00000014   Data   RW         5132    .data               testslave.o
    0x20000bfc   0x000000a8   Data   RW         5134    .data               testslave.o
    0x20000ca4   0x00000001   Data   RW         5135    .data               testslave.o
    0x20000ca5   0x00000003   PAD
    0x20000ca8   0x00000008   Data   RW         5136    .data               testslave.o
    0x20000cb0   0x00000054   Data   RW         5138    .data               testslave.o
    0x20000d04   0x00000038   Data   RW         5140    .data               testslave.o
    0x20000d3c   0x00000004   Data   RW         5141    .data               testslave.o
    0x20000d40   0x00000004   Data   RW         5142    .data               testslave.o
    0x20000d44   0x00000038   Data   RW         5144    .data               testslave.o
    0x20000d7c   0x00000004   Data   RW         5145    .data               testslave.o
    0x20000d80   0x00000004   Data   RW         5146    .data               testslave.o
    0x20000d84   0x00000004   Data   RW         5147    .data               testslave.o
    0x20000d88   0x00000004   Data   RW         5148    .data               testslave.o
    0x20000d8c   0x00000004   Data   RW         5149    .data               testslave.o
    0x20000d90   0x00000004   Data   RW         5150    .data               testslave.o
    0x20000d94   0x00000004   Data   RW         5151    .data               testslave.o
    0x20000d98   0x00000004   Data   RW         5152    .data               testslave.o
    0x20000d9c   0x000000e0   Data   RW         5154    .data               testslave.o
    0x20000e7c   0x0000001c   Data   RW         5155    .data               testslave.o
    0x20000e98   0x00000004   Data   RW         5156    .data               testslave.o
    0x20000e9c   0x0000001c   Data   RW         5158    .data               testslave.o
    0x20000eb8   0x00000024   Data   RW         5160    .data               testslave.o
    0x20000edc   0x00000004   Data   RW         5161    .data               testslave.o
    0x20000ee0   0x00000054   Data   RW         5164    .data               testslave.o
    0x20000f34   0x000003b8   Data   RW         5165    .data               testslave.o
    0x200012ec   0x0000005a   Data   RW         5166    .data               testslave.o
    0x20001346   0x00000002   Data   RW         5167    .data               testslave.o
    0x20001348   0x00001b98   Data   RW         5168    .data               testslave.o
    0x20002ee0   0x00000004   Data   RW         5169    .data               testslave.o
    0x20002ee4   0x00000004   Data   RW         5170    .data               testslave.o
    0x20002ee8   0x00000008   Data   RW         5245    .data               can.o
    0x20002ef0   0x00000004   Data   RW         5632    .data               objectdictionary.o
    0x20002ef4   0x00000004   Data   RW         5740    .data               pdo.o
    0x20002ef8   0x00000008   Data   RW         5859    .data               sdo.o
    0x20002f00   0x0000000c   Data   RW         6075    .data               states.o
    0x20002f0c   0x00000008   Data   RW         6185    .data               sync.o
    0x20002f14   0x00000004   Data   RW         6753    .data               mc_w.l(stdout.o)
    0x20002f18   0x00000004   Data   RW         6765    .data               mc_w.l(errno.o)
    0x20002f1c   0x000000a4   Zero   RW           27    .bss                main.o
    0x20002fc0   0x0000003c   Zero   RW          513    .bss                stm32f4xx_hal_timebase_tim.o
    0x20002ffc   0x00003c00   Zero   RW         3067    .bss                heap_4.o
    0x20006bfc   0x000000f0   Zero   RW         3518    .bss                tasks.o
    0x20006cec   0x00000010   Zero   RW         4722    .bss                inv_mpu_dmp_motion_driver.o
    0x20006cfc   0x00000020   Zero   RW         4958    .bss                testslave.o
    0x20006d1c   0x00000010   Zero   RW         4959    .bss                testslave.o
    0x20006d2c   0x00000014   Zero   RW         4961    .bss                testslave.o
    0x20006d40   0x00000010   Zero   RW         4963    .bss                testslave.o
    0x20006d50   0x00000010   Zero   RW         4964    .bss                testslave.o
    0x20006d60   0x00000010   Zero   RW         4970    .bss                testslave.o
    0x20006d70   0x00000020   Zero   RW         4971    .bss                testslave.o
    0x20006d90   0x00000010   Zero   RW         4972    .bss                testslave.o
    0x20006da0   0x0000000c   Zero   RW         4974    .bss                testslave.o
    0x20006dac   0x0000001c   Zero   RW         5631    .bss                objectdictionary.o
    0x20006dc8   0x00000400   Zero   RW            1    STACK               startup_stm32f405xx.o


==============================================================================

Image component sizes


      Code (inc. data)   RO Data    RW Data    ZI Data      Debug   Object Name

       128          8          0          8          0      15454   can.o
        84          8          0          0          0       1181   canopeninit.o
       148          0          0          0          0      14834   cmsis_os.o
       124         14          0          8          0       1971   delay.o
       110         10          0          0          0       3152   emcy.o
         0          0          0          0          0       8092   event_groups.o
       460         24          0         24      15360       8903   heap_4.o
       564         68          0          0          0       4746   iic.o
      5238        194        104         69          0      32209   inv_mpu.o
      2194        128       3062          0         16      19729   inv_mpu_dmp_motion_driver.o
      1022         50          0          0          0      11260   lifegrd.o
       136          0          0          0          0       3626   list.o
      1444        122        200         48        164     675292   main.o
       606         44          0          0          0       5483   mpu9250.o
        64          0          0          0          0       1876   nmtmaster.o
       188          0          0          0          0       1562   nmtslave.o
       390         24          0          0          0       4516   objacces.o
       756         32          0          4         28      21980   objectdictionary.o
      2512         84          0          4          0      12319   pdo.o
       758         84          0         12          0      12061   port.o
      1548         14          0          0          0      13921   queue.o
      7282        128          0          8          0      34452   sdo.o
        36          8        392          0       1024        848   startup_stm32f405xx.o
      1654         72         64         12          0      22549   states.o
        80         14          0         12          0       3318   stm32f4xx_hal.o
      1620          6          0          0          0      13540   stm32f4xx_hal_can.o
       218         14          0          0          0      31133   stm32f4xx_hal_cortex.o
       450         44          0          0          0       3093   stm32f4xx_hal_gpio.o
       356         36          0          0          0       2962   stm32f4xx_hal_msp.o
      1336         92          0          0          0       6405   stm32f4xx_hal_rcc.o
       984         44          0          0          0      10063   stm32f4xx_hal_tim.o
        84          0          0          0          0       2470   stm32f4xx_hal_tim_ex.o
       116         16          0          0         60       1488   stm32f4xx_hal_timebase_tim.o
      1068          8          0          0          0       4196   stm32f4xx_hal_uart.o
        62         18          0          0          0       4762   stm32f4xx_it.o
       324         32          0          8          0       6147   sync.o
        84         18         24          4          0       1203   system_stm32f4xx.o
      2060        172          0         60        240      22725   tasks.o
        20          4       4395      11717        176      27472   testslave.o
       482          8          0          0          0       5132   timer.o
       348          6          0          0          0       3197   usart.o

    ----------------------------------------------------------------------
     37206       1648       8312      12052      17068    1081322   Object Totals
         0          0         32          0          0          0   (incl. Generated)
        68          0         39         54          0          0   (incl. Padding)

    ----------------------------------------------------------------------

      Code (inc. data)   RO Data    RW Data    ZI Data      Debug   Library Member Name

       864         94         80          0          0        280   asin.o
       744        106        152          0          0        352   atan.o
       496         64          0          0          0        192   atan2.o
       104         16          0          0          0        496   dunder.o
        24          0          0          0          0        124   fabs.o
        48          0          0          0          0        124   fpclassify.o
       248          0          0          0          0        152   poly.o
         0          0          8          0          0          0   qnan.o
       110          0          0          0          0        148   sqrt.o
        86          0          0          0          0          0   __dczerorl2.o
         0          0          0          0          0          0   entry.o
         0          0          0          0          0          0   entry10a.o
         0          0          0          0          0          0   entry11a.o
         8          4          0          0          0          0   entry2.o
         4          0          0          0          0          0   entry5.o
         0          0          0          0          0          0   entry7b.o
         0          0          0          0          0          0   entry8b.o
         8          4          0          0          0          0   entry9a.o
        12          6          0          4          0         68   errno.o
        18          0          0          0          0         80   fputc.o
        30          0          0          0          0          0   handlers.o
        36          8          0          0          0         68   init.o
         0          0          0          0          0          0   iusefp.o
         0          0          0          0          0          0   iusesemip.o
        98          0          0          0          0         84   ldiv.o
        30          0          0          0          0         68   llshl.o
        36          0          0          0          0         68   llsshr.o
        32          0          0          0          0         68   llushr.o
        26          0          0          0          0         80   memcmp.o
        40          0          0          0          0         76   memcpy.o
        36          0          0          0          0        108   memseta.o
      2226         90          0          0          0        444   printfa.o
         0          0          0          0          0          0   semi.o
         0          0          0          4          0          0   stdout.o
        28          0          0          0          0         76   strcmp.o
        44          0          0          0          0         80   uidiv.o
        98          0          0          0          0         92   uldiv.o
        48          0          0          0          0         68   cdrcmple.o
        56          0          0          0          0         88   d2f.o
       334          0          0          0          0        148   dadd.o
       222          0          0          0          0        100   ddiv.o
       186          0          0          0          0        176   depilogue.o
        48          0          0          0          0         68   dfixul.o
        34          0          0          0          0         76   dflti.o
       228          0          0          0          0         96   dmul.o
       162          0          0          0          0        100   dsqrt.o
        38          0          0          0          0         68   f2d.o
       110          0          0          0          0        168   fepilogue.o

    ----------------------------------------------------------------------
      7006        392        240          8          0       4484   Library Totals
         6          0          0          0          0          0   (incl. Padding)

    ----------------------------------------------------------------------

      Code (inc. data)   RO Data    RW Data    ZI Data      Debug   Library Name

      2638        280        240          0          0       1868   m_wm.l
      2896        112          0          8          0       1460   mc_w.l
      1466          0          0          0          0       1156   mf_w.l

    ----------------------------------------------------------------------
      7006        392        240          8          0       4484   Library Totals

    ----------------------------------------------------------------------

==============================================================================


      Code (inc. data)   RO Data    RW Data    ZI Data      Debug   

     44212       2040       8552      12060      17068    1053438   Grand Totals
     44212       2040       8552       2224      17068    1053438   ELF Image Totals (compressed)
     44212       2040       8552       2224          0          0   ROM Totals

==============================================================================

    Total RO  Size (Code + RO Data)                52764 (  51.53kB)
    Total RW  Size (RW Data + ZI Data)             29128 (  28.45kB)
    Total ROM Size (Code + RO Data + RW Data)      54988 (  53.70kB)

==============================================================================

