Component: ARM Compiler 5.06 update 1 (build 61) Tool: armlink [4d35a8]

==============================================================================

Section Cross References

    startup_stm32f405xx.o(RESET) refers to startup_stm32f405xx.o(STACK) for __initial_sp
    startup_stm32f405xx.o(RESET) refers to startup_stm32f405xx.o(.text) for Reset_Handler
    startup_stm32f405xx.o(RESET) refers to stm32f4xx_it.o(i.NMI_Handler) for NMI_Handler
    startup_stm32f405xx.o(RESET) refers to stm32f4xx_it.o(i.HardFault_Handler) for HardFault_Handler
    startup_stm32f405xx.o(RESET) refers to stm32f4xx_it.o(i.MemManage_Handler) for MemManage_Handler
    startup_stm32f405xx.o(RESET) refers to stm32f4xx_it.o(i.BusFault_Handler) for BusFault_Handler
    startup_stm32f405xx.o(RESET) refers to stm32f4xx_it.o(i.UsageFault_Handler) for UsageFault_Handler
    startup_stm32f405xx.o(RESET) refers to port.o(.emb_text) for SVC_Handler
    startup_stm32f405xx.o(RESET) refers to stm32f4xx_it.o(i.DebugMon_Handler) for DebugMon_Handler
    startup_stm32f405xx.o(RESET) refers to stm32f4xx_it.o(i.SysTick_Handler) for SysTick_Handler
    startup_stm32f405xx.o(RESET) refers to stm32f4xx_it.o(i.CAN1_RX0_IRQHandler) for CAN1_RX0_IRQHandler
    startup_stm32f405xx.o(RESET) refers to stm32f4xx_it.o(i.TIM1_UP_TIM10_IRQHandler) for TIM1_UP_TIM10_IRQHandler
    startup_stm32f405xx.o(RESET) refers to stm32f4xx_it.o(i.TIM2_IRQHandler) for TIM2_IRQHandler
    startup_stm32f405xx.o(.text) refers to system_stm32f4xx.o(i.SystemInit) for SystemInit
    startup_stm32f405xx.o(.text) refers to entry.o(.ARM.Collect$$$$00000000) for __main
    main.o(i.FunctionCANRx) refers to cmsis_os.o(i.osDelay) for osDelay
    main.o(i.FunctionCANTx) refers to cmsis_os.o(i.osDelay) for osDelay
    main.o(i.FunctionIMUdata) refers to inv_mpu.o(i.mpu_dmp_get_data) for mpu_dmp_get_data
    main.o(i.FunctionIMUdata) refers to mpu6500.o(i.MPU_Get_Temperature) for MPU_Get_Temperature
    main.o(i.FunctionIMUdata) refers to mpu6500.o(i.MPU_Get_Gyroscope) for MPU_Get_Gyroscope
    main.o(i.FunctionIMUdata) refers to mpu6500.o(i.MPU_Get_Accelerometer) for MPU_Get_Accelerometer
    main.o(i.FunctionIMUdata) refers to queue.o(i.xQueueGenericSend) for xQueueGenericSend
    main.o(i.FunctionIMUdata) refers to stm32f4xx_hal_gpio.o(i.HAL_GPIO_TogglePin) for HAL_GPIO_TogglePin
    main.o(i.FunctionIMUdata) refers to cmsis_os.o(i.osDelay) for osDelay
    main.o(i.FunctionIMUdata) refers to main.o(.data) for .data
    main.o(i.FunctionUSARTTx) refers to queue.o(i.xQueueGenericReceive) for xQueueGenericReceive
    main.o(i.FunctionUSARTTx) refers to memcpya.o(.text) for __aeabi_memcpy4
    main.o(i.FunctionUSARTTx) refers to usart.o(i.mpu9250_send_rawdata) for mpu9250_send_rawdata
    main.o(i.FunctionUSARTTx) refers to usart.o(i.usart1_report_imu) for usart1_report_imu
    main.o(i.FunctionUSARTTx) refers to main.o(.data) for .data
    main.o(i.HAL_TIM_PeriodElapsedCallback) refers to stm32f4xx_hal.o(i.HAL_IncTick) for HAL_IncTick
    main.o(i.MX_CAN1_Init) refers to stm32f4xx_hal_can.o(i.HAL_CAN_Init) for HAL_CAN_Init
    main.o(i.MX_CAN1_Init) refers to main.o(.bss) for .bss
    main.o(i.MX_GPIO_Init) refers to stm32f4xx_hal_gpio.o(i.HAL_GPIO_WritePin) for HAL_GPIO_WritePin
    main.o(i.MX_GPIO_Init) refers to stm32f4xx_hal_gpio.o(i.HAL_GPIO_Init) for HAL_GPIO_Init
    main.o(i.MX_TIM2_Init) refers to stm32f4xx_hal_tim.o(i.HAL_TIM_Base_Init) for HAL_TIM_Base_Init
    main.o(i.MX_TIM2_Init) refers to stm32f4xx_hal_tim.o(i.HAL_TIM_ConfigClockSource) for HAL_TIM_ConfigClockSource
    main.o(i.MX_TIM2_Init) refers to stm32f4xx_hal_tim_ex.o(i.HAL_TIMEx_MasterConfigSynchronization) for HAL_TIMEx_MasterConfigSynchronization
    main.o(i.MX_TIM2_Init) refers to main.o(.bss) for .bss
    main.o(i.SystemClock_Config) refers to stm32f4xx_hal_rcc.o(i.HAL_RCC_OscConfig) for HAL_RCC_OscConfig
    main.o(i.SystemClock_Config) refers to stm32f4xx_hal_rcc.o(i.HAL_RCC_ClockConfig) for HAL_RCC_ClockConfig
    main.o(i.SystemClock_Config) refers to stm32f4xx_hal_rcc.o(i.HAL_RCC_GetHCLKFreq) for HAL_RCC_GetHCLKFreq
    main.o(i.SystemClock_Config) refers to stm32f4xx_hal_cortex.o(i.HAL_SYSTICK_Config) for HAL_SYSTICK_Config
    main.o(i.SystemClock_Config) refers to stm32f4xx_hal_cortex.o(i.HAL_SYSTICK_CLKSourceConfig) for HAL_SYSTICK_CLKSourceConfig
    main.o(i.SystemClock_Config) refers to stm32f4xx_hal_cortex.o(i.HAL_NVIC_SetPriority) for HAL_NVIC_SetPriority
    main.o(i.main) refers to stm32f4xx_hal.o(i.HAL_Init) for HAL_Init
    main.o(i.main) refers to main.o(i.SystemClock_Config) for SystemClock_Config
    main.o(i.main) refers to delay.o(i.delay_init) for delay_init
    main.o(i.main) refers to delay.o(i.delay_ms) for delay_ms
    main.o(i.main) refers to main.o(i.MX_GPIO_Init) for MX_GPIO_Init
    main.o(i.main) refers to main.o(i.MX_CAN1_Init) for MX_CAN1_Init
    main.o(i.main) refers to main.o(i.MX_TIM2_Init) for MX_TIM2_Init
[...]
    i.__hardfp_atan2                         0x08002c80   Section        0  atan2.o(i.__hardfp_atan2)
    i.__kernel_poly                          0x08002e70   Section        0  poly.o(i.__kernel_poly)
    i.__mathlib_dbl_infnan                   0x08002f68   Section        0  dunder.o(i.__mathlib_dbl_infnan)
    i.__mathlib_dbl_infnan2                  0x08002f7c   Section        0  dunder.o(i.__mathlib_dbl_infnan2)
    i.__mathlib_dbl_invalid                  0x08002f90   Section        0  dunder.o(i.__mathlib_dbl_invalid)
    i.__mathlib_dbl_underflow                0x08002fb0   Section        0  dunder.o(i.__mathlib_dbl_underflow)
    i.__scatterload_copy                     0x08002fd0   Section       14  handlers.o(i.__scatterload_copy)
    i.__scatterload_null                     0x08002fde   Section        2  handlers.o(i.__scatterload_null)
    i.__scatterload_zeroinit                 0x08002fe0   Section       14  handlers.o(i.__scatterload_zeroinit)
    i.__set_errno                            0x08002ff0   Section        0  errno.o(i.__set_errno)
    i.atan                                   0x08002ffc   Section        0  atan.o(i.atan)
    i.delay_init                             0x0800300c   Section        0  delay.o(i.delay_init)
    i.delay_ms                               0x08003044   Section        0  delay.o(i.delay_ms)
    i.delay_us                               0x0800307c   Section        0  delay.o(i.delay_us)
    i.dmp_enable_6x_lp_quat                  0x080030b0   Section        0  inv_mpu_dmp_motion_driver.o(i.dmp_enable_6x_lp_quat)
    i.dmp_enable_feature                     0x080030ec   Section        0  inv_mpu_dmp_motion_driver.o(i.dmp_enable_feature)
    i.dmp_enable_gyro_cal                    0x080032c4   Section        0  inv_mpu_dmp_motion_driver.o(i.dmp_enable_gyro_cal)
    i.dmp_enable_lp_quat                     0x08003300   Section        0  inv_mpu_dmp_motion_driver.o(i.dmp_enable_lp_quat)
    i.dmp_load_motion_driver_firmware        0x0800333c   Section        0  inv_mpu_dmp_motion_driver.o(i.dmp_load_motion_driver_firmware)
    i.dmp_read_fifo                          0x08003350   Section        0  inv_mpu_dmp_motion_driver.o(i.dmp_read_fifo)
    i.dmp_set_fifo_rate                      0x08003498   Section        0  inv_mpu_dmp_motion_driver.o(i.dmp_set_fifo_rate)
    i.dmp_set_orientation                    0x080034fc   Section        0  inv_mpu_dmp_motion_driver.o(i.dmp_set_orientation)
    i.dmp_set_shake_reject_thresh            0x08003608   Section        0  inv_mpu_dmp_motion_driver.o(i.dmp_set_shake_reject_thresh)
    i.dmp_set_shake_reject_time              0x08003638   Section        0  inv_mpu_dmp_motion_driver.o(i.dmp_set_shake_reject_time)
    i.dmp_set_shake_reject_timeout           0x08003658   Section        0  inv_mpu_dmp_motion_driver.o(i.dmp_set_shake_reject_timeout)
    i.dmp_set_tap_axes                       0x08003678   Section        0  inv_mpu_dmp_motion_driver.o(i.dmp_set_tap_axes)
    i.dmp_set_tap_count                      0x080036b8   Section        0  inv_mpu_dmp_motion_driver.o(i.dmp_set_tap_count)
    i.dmp_set_tap_thresh                     0x080036dc   Section        0  inv_mpu_dmp_motion_driver.o(i.dmp_set_tap_thresh)
    i.dmp_set_tap_time                       0x0800383c   Section        0  inv_mpu_dmp_motion_driver.o(i.dmp_set_tap_time)
    i.dmp_set_tap_time_multi                 0x0800385c   Section        0  inv_mpu_dmp_motion_driver.o(i.dmp_set_tap_time_multi)
    i.fabs                                   0x0800387c   Section        0  fabs.o(i.fabs)
    i.inv_orientation_matrix_to_scalar       0x08003894   Section        0  inv_mpu.o(i.inv_orientation_matrix_to_scalar)
    i.inv_row_2_scale                        0x080038b6   Section        0  inv_mpu.o(i.inv_row_2_scale)
    i.main                                   0x08003900   Section        0  main.o(i.main)
    i.makeFreeRtosPriority                   0x08003a10   Section        0  cmsis_os.o(i.makeFreeRtosPriority)
    makeFreeRtosPriority                     0x08003a11   Thumb Code    12  cmsis_os.o(i.makeFreeRtosPriority)
    i.mget_ms                                0x08003a1c   Section        0  inv_mpu.o(i.mget_ms)
    i.mpu9250_send_rawdata                   0x08003a1e   Section        0  usart.o(i.mpu9250_send_rawdata)
    i.mpu_configure_fifo                     0x08003a70   Section        0  inv_mpu.o(i.mpu_configure_fifo)
    i.mpu_dmp_get_data                       0x08003ac4   Section        0  inv_mpu.o(i.mpu_dmp_get_data)
    i.mpu_dmp_init                           0x08003c28   Section        0  inv_mpu.o(i.mpu_dmp_init)
    i.mpu_get_accel_fsr                      0x08003cc4   Section        0  inv_mpu.o(i.mpu_get_accel_fsr)
    i.mpu_init                               0x08003d00   Section        0  inv_mpu.o(i.mpu_init)
    i.mpu_load_firmware                      0x08003dd4   Section        0  inv_mpu.o(i.mpu_load_firmware)
    i.mpu_lp_accel_mode                      0x08003e74   Section        0  inv_mpu.o(i.mpu_lp_accel_mode)
    i.mpu_read_fifo_stream                   0x08003f2c   Section        0  inv_mpu.o(i.mpu_read_fifo_stream)
    i.mpu_read_mem                           0x08003fc0   Section        0  inv_mpu.o(i.mpu_read_mem)
    i.mpu_reset_fifo                         0x08004014   Section        0  inv_mpu.o(i.mpu_reset_fifo)
    i.mpu_set_accel_fsr                      0x08004174   Section        0  inv_mpu.o(i.mpu_set_accel_fsr)
    i.mpu_set_bypass                         0x080041dc   Section        0  inv_mpu.o(i.mpu_set_bypass)
    i.mpu_set_dmp_state                      0x080042b8   Section        0  inv_mpu.o(i.mpu_set_dmp_state)
    i.mpu_set_gyro_fsr                       0x08004330   Section        0  inv_mpu.o(i.mpu_set_gyro_fsr)
    i.mpu_set_int_latched                    0x0800439c   Section        0  inv_mpu.o(i.mpu_set_int_latched)
    i.mpu_set_lpf                            0x08004400   Section        0  inv_mpu.o(i.mpu_set_lpf)
    i.mpu_set_sample_rate                    0x0800446c   Section        0  inv_mpu.o(i.mpu_set_sample_rate)
    i.mpu_set_sensors                        0x080044ec   Section        0  inv_mpu.o(i.mpu_set_sensors)
    i.mpu_write_mem                          0x080045a4   Section        0  inv_mpu.o(i.mpu_write_mem)
    i.osDelay                                0x080045f8   Section        0  cmsis_os.o(i.osDelay)
    i.osKernelStart                          0x08004606   Section        0  cmsis_os.o(i.osKernelStart)
    i.osMessageCreate                        0x08004610   Section        0  cmsis_os.o(i.osMessageCreate)
    i.osSemaphoreCreate                      0x08004618   Section        0  cmsis_os.o(i.osSemaphoreCreate)
    i.osSystickHandler                       0x0800463e   Section        0  cmsis_os.o(i.osSystickHandler)
    i.osThreadCreate                         0x08004652   Section        0  cmsis_os.o(i.osThreadCreate)
    i.prvAddCurrentTaskToDelayedList         0x08004680   Section        0  tasks.o(i.prvAddCurrentTaskToDelayedList)
    prvAddCurrentTaskToDelayedList           0x08004681   Thumb Code   102  tasks.o(i.prvAddCurrentTaskToDelayedList)
    i.prvAddNewTaskToReadyList               0x080046f0   Section        0  tasks.o(i.prvAddNewTaskToReadyList)
    prvAddNewTaskToReadyList                 0x080046f1   Thumb Code   194  tasks.o(i.prvAddNewTaskToReadyList)
    i.prvCheckTasksWaitingTermination        0x080047c0   Section        0  tasks.o(i.prvCheckTasksWaitingTermination)
    prvCheckTasksWaitingTermination          0x080047c1   Thumb Code    70  tasks.o(i.prvCheckTasksWaitingTermination)
    i.prvCopyDataFromQueue                   0x08004810   Section        0  queue.o(i.prvCopyDataFromQueue)
    prvCopyDataFromQueue                     0x08004811   Thumb Code    38  queue.o(i.prvCopyDataFromQueue)
    i.prvCopyDataToQueue                     0x08004836   Section        0  queue.o(i.prvCopyDataToQueue)
    prvCopyDataToQueue                       0x08004837   Thumb Code   108  queue.o(i.prvCopyDataToQueue)
    i.prvDeleteTCB                           0x080048a2   Section        0  tasks.o(i.prvDeleteTCB)
    prvDeleteTCB                             0x080048a3   Thumb Code    20  tasks.o(i.prvDeleteTCB)
    i.prvHeapInit                            0x080048b8   Section        0  heap_4.o(i.prvHeapInit)
    prvHeapInit                              0x080048b9   Thumb Code    66  heap_4.o(i.prvHeapInit)
    i.prvIdleTask                            0x08004904   Section        0  tasks.o(i.prvIdleTask)
    prvIdleTask                              0x08004905   Thumb Code    30  tasks.o(i.prvIdleTask)
    i.prvInitialiseNewTask                   0x0800492c   Section        0  tasks.o(i.prvInitialiseNewTask)
    prvInitialiseNewTask                     0x0800492d   Thumb Code   142  tasks.o(i.prvInitialiseNewTask)
    i.prvInsertBlockIntoFreeList             0x080049bc   Section        0  heap_4.o(i.prvInsertBlockIntoFreeList)
    prvInsertBlockIntoFreeList               0x080049bd   Thumb Code    72  heap_4.o(i.prvInsertBlockIntoFreeList)
    i.prvIsQueueEmpty                        0x08004a08   Section        0  queue.o(i.prvIsQueueEmpty)
    prvIsQueueEmpty                          0x08004a09   Thumb Code    28  queue.o(i.prvIsQueueEmpty)
    i.prvResetNextTaskUnblockTime            0x08004a24   Section        0  tasks.o(i.prvResetNextTaskUnblockTime)
    prvResetNextTaskUnblockTime              0x08004a25   Thumb Code    26  tasks.o(i.prvResetNextTaskUnblockTime)
    i.prvTaskExitError                       0x08004a44   Section        0  port.o(i.prvTaskExitError)
    prvTaskExitError                         0x08004a45   Thumb Code    36  port.o(i.prvTaskExitError)
    i.prvUnlockQueue                         0x08004a6c   Section        0  queue.o(i.prvUnlockQueue)
    prvUnlockQueue                           0x08004a6d   Thumb Code   106  queue.o(i.prvUnlockQueue)
    i.pvPortMalloc                           0x08004ad8   Section        0  heap_4.o(i.pvPortMalloc)
    i.pvTaskIncrementMutexHeldCount          0x08004bb0   Section        0  tasks.o(i.pvTaskIncrementMutexHeldCount)
    i.pxPortInitialiseStack                  0x08004bc8   Section        0  port.o(i.pxPortInitialiseStack)
    i.set_int_enable                         0x08004bf4   Section        0  inv_mpu.o(i.set_int_enable)
    set_int_enable                           0x08004bf5   Thumb Code    84  inv_mpu.o(i.set_int_enable)
    i.sqrt                                   0x08004c4c   Section        0  sqrt.o(i.sqrt)
    i.usart1_niming_report                   0x08004cba   Section        0  usart.o(i.usart1_niming_report)
    i.usart1_report_imu                      0x08004d1a   Section        0  usart.o(i.usart1_report_imu)
    i.usart1_send_char                       0x08004da4   Section        0  usart.o(i.usart1_send_char)
    i.uxListRemove                           0x08004dc8   Section        0  list.o(i.uxListRemove)
    i.vListInitialise                        0x08004dec   Section        0  list.o(i.vListInitialise)
    i.vListInitialiseItem                    0x08004e02   Section        0  list.o(i.vListInitialiseItem)
    i.vListInsert                            0x08004e08   Section        0  list.o(i.vListInsert)
    i.vListInsertEnd                         0x08004e38   Section        0  list.o(i.vListInsertEnd)
    i.vPortEnterCritical                     0x08004e50   Section        0  port.o(i.vPortEnterCritical)
    i.vPortExitCritical                      0x08004e90   Section        0  port.o(i.vPortExitCritical)
    i.vPortFree                              0x08004eb8   Section        0  heap_4.o(i.vPortFree)
    i.vPortSetupTimerInterrupt               0x08004f14   Section        0  port.o(i.vPortSetupTimerInterrupt)
    i.vTaskDelay                             0x08004f34   Section        0  tasks.o(i.vTaskDelay)
    i.vTaskMissedYield                       0x08004f80   Section        0  tasks.o(i.vTaskMissedYield)
    i.vTaskPlaceOnEventList                  0x08004f8c   Section        0  tasks.o(i.vTaskPlaceOnEventList)
    i.vTaskPriorityInherit                   0x08004fbc   Section        0  tasks.o(i.vTaskPriorityInherit)
    i.vTaskSetTimeOutState                   0x08005040   Section        0  tasks.o(i.vTaskSetTimeOutState)
    i.vTaskStartScheduler                    0x08005064   Section        0  tasks.o(i.vTaskStartScheduler)
    i.vTaskSuspendAll                        0x080050cc   Section        0  tasks.o(i.vTaskSuspendAll)
    i.vTaskSwitchContext                     0x080050dc   Section        0  tasks.o(i.vTaskSwitchContext)
    i.xPortStartScheduler                    0x08005138   Section        0  port.o(i.xPortStartScheduler)
    i.xPortSysTickHandler                    0x08005218   Section        0  port.o(i.xPortSysTickHandler)
    i.xQueueGenericCreate                    0x08005244   Section        0  queue.o(i.xQueueGenericCreate)
    i.xQueueGenericReceive                   0x0800528c   Section        0  queue.o(i.xQueueGenericReceive)
    i.xQueueGenericReset                     0x080053f8   Section        0  queue.o(i.xQueueGenericReset)
    i.xQueueGenericSend                      0x08005480   Section        0  queue.o(i.xQueueGenericSend)
    i.xTaskCheckForTimeOut                   0x080055e0   Section        0  tasks.o(i.xTaskCheckForTimeOut)
    i.xTaskCreate                            0x0800564c   Section        0  tasks.o(i.xTaskCreate)
    i.xTaskGetSchedulerState                 0x080056a4   Section        0  tasks.o(i.xTaskGetSchedulerState)
    i.xTaskIncrementTick                     0x080056c0   Section        0  tasks.o(i.xTaskIncrementTick)
    i.xTaskPriorityDisinherit                0x08005788   Section        0  tasks.o(i.xTaskPriorityDisinherit)
    i.xTaskRemoveFromEventList               0x08005820   Section        0  tasks.o(i.xTaskRemoveFromEventList)
    i.xTaskResumeAll                         0x08005894   Section        0  tasks.o(i.xTaskResumeAll)
    .constdata                               0x08005958   Section      104  main.o(.constdata)
    .constdata                               0x080059c0   Section       16  system_stm32f4xx.o(.constdata)
    .constdata                               0x080059d0   Section        8  system_stm32f4xx.o(.constdata)
    .constdata                               0x080059d8   Section       30  inv_mpu.o(.constdata)
    .constdata                               0x080059f6   Section       12  inv_mpu.o(.constdata)
    .constdata                               0x08005a04   Section       48  inv_mpu.o(.constdata)
    .constdata                               0x08005a34   Section     3062  inv_mpu_dmp_motion_driver.o(.constdata)
    dmp_memory                               0x08005a34   Data        3062  inv_mpu_dmp_motion_driver.o(.constdata)
    .constdata                               0x08006630   Section       80  asin.o(.constdata)
    pS                                       0x08006630   Data          48  asin.o(.constdata)
    qS                                       0x08006660   Data          32  asin.o(.constdata)
    .constdata                               0x08006680   Section      152  atan.o(.constdata)
    atanhi                                   0x08006680   Data          32  atan.o(.constdata)
    atanlo                                   0x080066a0   Data          32  atan.o(.constdata)
    aTodd                                    0x080066c0   Data          40  atan.o(.constdata)
    aTeven                                   0x080066e8   Data          48  atan.o(.constdata)
    .constdata                               0x08006718   Section        8  qnan.o(.constdata)
    .conststring                             0x08006720   Section       48  main.o(.conststring)
    .data                                    0x20000000   Section       36  main.o(.data)
    .data                                    0x20000024   Section       12  stm32f4xx_hal.o(.data)
    .data                                    0x20000030   Section        4  system_stm32f4xx.o(.data)
    .data                                    0x20000034   Section       24  heap_4.o(.data)
    pxEnd                                    0x20000034   Data           4  heap_4.o(.data)
    xFreeBytesRemaining                      0x20000038   Data           4  heap_4.o(.data)
    xMinimumEverFreeBytesRemaining           0x2000003c   Data           4  heap_4.o(.data)
    xBlockAllocatedBit                       0x20000040   Data           4  heap_4.o(.data)
    xStart                                   0x20000044   Data           8  heap_4.o(.data)
    .data                                    0x2000004c   Section       12  port.o(.data)
    ucMaxSysCallPriority                     0x2000004c   Data           1  port.o(.data)
    uxCriticalNesting                        0x20000050   Data           4  port.o(.data)
    ulMaxPRIGROUPValue                       0x20000054   Data           4  port.o(.data)
    .data                                    0x20000058   Section       60  tasks.o(.data)
    uxDeletedTasksWaitingCleanUp             0x2000005c   Data           4  tasks.o(.data)
    uxCurrentNumberOfTasks                   0x20000060   Data           4  tasks.o(.data)
    xTickCount                               0x20000064   Data           4  tasks.o(.data)
    uxTopReadyPriority                       0x20000068   Data           4  tasks.o(.data)
    xSchedulerRunning                        0x2000006c   Data           4  tasks.o(.data)
    uxPendedTicks                            0x20000070   Data           4  tasks.o(.data)
    xYieldPending                            0x20000074   Data           4  tasks.o(.data)
    xNumOfOverflows                          0x20000078   Data           4  tasks.o(.data)
    uxTaskNumber                             0x2000007c   Data           4  tasks.o(.data)
    xNextTaskUnblockTime                     0x20000080   Data           4  tasks.o(.data)
    xIdleTaskHandle                          0x20000084   Data           4  tasks.o(.data)
    uxSchedulerSuspended                     0x20000088   Data           4  tasks.o(.data)
    pxDelayedTaskList                        0x2000008c   Data           4  tasks.o(.data)
    pxOverflowDelayedTaskList                0x20000090   Data           4  tasks.o(.data)
    .data                                    0x20000094   Section        8  delay.o(.data)
    fac_ms                                   0x20000094   Data           2  delay.o(.data)
    fac_us                                   0x20000098   Data           4  delay.o(.data)
    .data                                    0x2000009c   Section       57  inv_mpu.o(.data)
    st                                       0x200000a0   Data          44  inv_mpu.o(.data)
    gyro_orientation                         0x200000cc   Data           9  inv_mpu.o(.data)
    .data                                    0x200000d8   Section        4  errno.o(.data)
    _errno                                   0x200000d8   Data           4  errno.o(.data)
    .bss                                     0x200000dc   Section      164  main.o(.bss)
    .bss                                     0x20000180   Section       60  stm32f4xx_hal_timebase_tim.o(.bss)
    .bss                                     0x200001bc   Section    15360  heap_4.o(.bss)
    ucHeap                                   0x200001bc   Data       15360  heap_4.o(.bss)
    .bss                                     0x20003dbc   Section      240  tasks.o(.bss)
    pxReadyTasksLists                        0x20003dbc   Data         140  tasks.o(.bss)
    xDelayedTaskList1                        0x20003e48   Data          20  tasks.o(.bss)
    xDelayedTaskList2                        0x20003e5c   Data          20  tasks.o(.bss)
    xPendingReadyList                        0x20003e70   Data          20  tasks.o(.bss)
    xTasksWaitingTermination                 0x20003e84   Data          20  tasks.o(.bss)
    xSuspendedTaskList                       0x20003e98   Data          20  tasks.o(.bss)
    .bss                                     0x20003eac   Section       16  inv_mpu_dmp_motion_driver.o(.bss)
    dmp                                      0x20003eac   Data          16  inv_mpu_dmp_motion_driver.o(.bss)
    STACK                                    0x20003ec0   Section     1024  startup_stm32f405xx.o(STACK)

    Global Symbols

    Symbol Name                              Value     Ov Type        Size  Object(Section)

    BuildAttributes$$THM_ISAv4$E$P$D$K$B$S$7EM$VFPi3$EXTD16$VFPS$VFMA$PE$A:L22UL41UL21$X:L11$S22US41US21$IEEE1$IW$USESV6$~STKCKD$USESV7$~SHL$OTIME$ROPI$IEEEX$EBA8$MICROLIB$REQ8$PRES8$EABIv2 0x00000000   Number         0  anon$$obj.o ABSOLUTE
    __ARM_use_no_argv                        0x00000000   Number         0  main.o ABSOLUTE
    _printf_a                                0x00000000   Number         0  stubs.o ABSOLUTE
    _printf_c                                0x00000000   Number         0  stubs.o ABSOLUTE
    _printf_charcount                        0x00000000   Number         0  stubs.o ABSOLUTE
    _printf_d                                0x00000000   Number         0  stubs.o ABSOLUTE
    _printf_e                                0x00000000   Number         0  stubs.o ABSOLUTE
    _printf_f                                0x00000000   Number         0  stubs.o ABSOLUTE
    _printf_flags                            0x00000000   Number         0  stubs.o ABSOLUTE
    _printf_fp_dec                           0x00000000   Number         0  stubs.o ABSOLUTE
    _printf_fp_hex                           0x00000000   Number         0  stubs.o ABSOLUTE
    _printf_g                                0x00000000   Number         0  stubs.o ABSOLUTE
    _printf_i                                0x00000000   Number         0  stubs.o ABSOLUTE
    _printf_int_dec                          0x00000000   Number         0  stubs.o ABSOLUTE
    _printf_l                                0x00000000   Number         0  stubs.o ABSOLUTE
    _printf_lc                               0x00000000   Number         0  stubs.o ABSOLUTE
    _printf_ll                               0x00000000   Number         0  stubs.o ABSOLUTE
    _printf_lld                              0x00000000   Number         0  stubs.o ABSOLUTE
    _printf_lli                              0x00000000   Number         0  stubs.o ABSOLUTE
    _printf_llo                              0x00000000   Number         0  stubs.o ABSOLUTE
    _printf_llu                              0x00000000   Number         0  stubs.o ABSOLUTE
    _printf_llx                              0x00000000   Number         0  stubs.o ABSOLUTE
    _printf_longlong_dec                     0x00000000   Number         0  stubs.o ABSOLUTE
    _printf_longlong_hex                     0x00000000   Number         0  stubs.o ABSOLUTE
    _printf_longlong_oct                     0x00000000   Number         0  stubs.o ABSOLUTE
    _printf_ls                               0x00000000   Number         0  stubs.o ABSOLUTE
    _printf_mbtowc                           0x00000000   Number         0  stubs.o ABSOLUTE
    _printf_n                                0x00000000   Number         0  stubs.o ABSOLUTE
    _printf_o                                0x00000000   Number         0  stubs.o ABSOLUTE
    _printf_p                                0x00000000   Number         0  stubs.o ABSOLUTE
    _printf_percent                          0x00000000   Number         0  stubs.o ABSOLUTE
    _printf_pre_padding                      0x00000000   Number         0  stubs.o ABSOLUTE
    _printf_return_value                     0x00000000   Number         0  stubs.o ABSOLUTE
    _printf_s                                0x00000000   Number         0  stubs.o ABSOLUTE
    _printf_sizespec                         0x00000000   Number         0  stubs.o ABSOLUTE
    _printf_str                              0x00000000   Number         0  stubs.o ABSOLUTE
    _printf_truncate_signed                  0x00000000   Number         0  stubs.o ABSOLUTE
    _printf_truncate_unsigned                0x00000000   Number         0  stubs.o ABSOLUTE
    _printf_u                                0x00000000   Number         0  stubs.o ABSOLUTE
    _printf_wc                               0x00000000   Number         0  stubs.o ABSOLUTE
    _printf_wctomb                           0x00000000   Number         0  stubs.o ABSOLUTE
    _printf_widthprec                        0x00000000   Number         0  stubs.o ABSOLUTE
    _printf_x                                0x00000000   Number         0  stubs.o ABSOLUTE
    __cpp_initialize__aeabi_                  - Undefined Weak Reference
    __cxa_finalize                            - Undefined Weak Reference
    __decompress                              - Undefined Weak Reference
    _clock_init                               - Undefined Weak Reference
    _microlib_exit                            - Undefined Weak Reference
    __Vectors_Size                           0x00000188   Number         0  startup_stm32f405xx.o ABSOLUTE
    __Vectors                                0x08000000   Data           4  startup_stm32f405xx.o(RESET)
    __Vectors_End                            0x08000188   Data           0  startup_stm32f405xx.o(RESET)
    __main                                   0x08000189   Thumb Code     0  entry.o(.ARM.Collect$$$$00000000)
    _main_stk                                0x08000189   Thumb Code     0  entry2.o(.ARM.Collect$$$$00000001)
    _main_scatterload                        0x0800018d   Thumb Code     0  entry5.o(.ARM.Collect$$$$00000004)
    __main_after_scatterload                 0x08000191   Thumb Code     0  entry5.o(.ARM.Collect$$$$00000004)
    _main_clock                              0x08000191   Thumb Code     0  entry7b.o(.ARM.Collect$$$$00000008)
    _main_cpp_init                           0x08000191   Thumb Code     0  entry8b.o(.ARM.Collect$$$$0000000A)
    _main_init                               0x08000191   Thumb Code     0  entry9a.o(.ARM.Collect$$$$0000000B)
    __rt_final_cpp                           0x08000199   Thumb Code     0  entry10a.o(.ARM.Collect$$$$0000000D)
    __rt_final_exit                          0x08000199   Thumb Code     0  entry11a.o(.ARM.Collect$$$$0000000F)
    SVC_Handler                              0x0800019d   Thumb Code    28  port.o(.emb_text)
    __asm___6_port_c_39a90d8d__prvStartFirstTask 0x080001bd   Thumb Code    28  port.o(.emb_text)
    __asm___6_port_c_39a90d8d__prvEnableVFP  0x080001dd   Thumb Code    16  port.o(.emb_text)
    PendSV_Handler                           0x080001f1   Thumb Code    92  port.o(.emb_text)
    vPortGetIPSR                             0x08000251   Thumb Code     6  port.o(.emb_text)
    Reset_Handler                            0x08000259   Thumb Code     8  startup_stm32f405xx.o(.text)
    ADC_IRQHandler                           0x08000273   Thumb Code     0  startup_stm32f405xx.o(.text)
    CAN1_RX1_IRQHandler                      0x08000273   Thumb Code     0  startup_stm32f405xx.o(.text)
    CAN1_SCE_IRQHandler                      0x08000273   Thumb Code     0  startup_stm32f405xx.o(.text)
    CAN1_TX_IRQHandler                       0x08000273   Thumb Code     0  startup_stm32f405xx.o(.text)
    CAN2_RX0_IRQHandler                      0x08000273   Thumb Code     0  startup_stm32f405xx.o(.text)
    CAN2_RX1_IRQHandler                      0x08000273   Thumb Code     0  startup_stm32f405xx.o(.text)
    CAN2_SCE_IRQHandler                      0x08000273   Thumb Code     0  startup_stm32f405xx.o(.text)
    CAN2_TX_IRQHandler                       0x08000273   Thumb Code     0  startup_stm32f405xx.o(.text)
    DMA1_Stream0_IRQHandler                  0x08000273   Thumb Code     0  startup_stm32f405xx.o(.text)
    DMA1_Stream1_IRQHandler                  0x08000273   Thumb Code     0  startup_stm32f405xx.o(.text)
    DMA1_Stream2_IRQHandler                  0x08000273   Thumb Code     0  startup_stm32f405xx.o(.text)
    DMA1_Stream3_IRQHandler                  0x08000273   Thumb Code     0  startup_stm32f405xx.o(.text)
    DMA1_Stream4_IRQHandler                  0x08000273   Thumb Code     0  startup_stm32f405xx.o(.text)
    DMA1_Stream5_IRQHandler                  0x08000273   Thumb Code     0  startup_stm32f405xx.o(.text)
    DMA1_Stream6_IRQHandler                  0x08000273   Thumb Code     0  startup_stm32f405xx.o(.text)
    DMA1_Stream7_IRQHandler                  0x08000273   Thumb Code     0  startup_stm32f405xx.o(.text)
    DMA2_Stream0_IRQHandler                  0x08000273   Thumb Code     0  startup_stm32f405xx.o(.text)
    DMA2_Stream1_IRQHandler                  0x08000273   Thumb Code     0  startup_stm32f405xx.o(.text)
    DMA2_Stream2_IRQHandler                  0x08000273   Thumb Code     0  startup_stm32f405xx.o(.text)
    DMA2_Stream3_IRQHandler                  0x08000273   Thumb Code     0  startup_stm32f405xx.o(.text)
    DMA2_Stream4_IRQHandler                  0x08000273   Thumb Code     0  startup_stm32f405xx.o(.text)
    DMA2_Stream5_IRQHandler                  0x08000273   Thumb Code     0  startup_stm32f405xx.o(.text)
    DMA2_Stream6_IRQHandler                  0x08000273   Thumb Code     0  startup_stm32f405xx.o(.text)
    DMA2_Stream7_IRQHandler                  0x08000273   Thumb Code     0  startup_stm32f405xx.o(.text)
    EXTI0_IRQHandler                         0x08000273   Thumb Code     0  startup_stm32f405xx.o(.text)
    EXTI15_10_IRQHandler                     0x08000273   Thumb Code     0  startup_stm32f405xx.o(.text)
    EXTI1_IRQHandler                         0x08000273   Thumb Code     0  startup_stm32f405xx.o(.text)
    EXTI2_IRQHandler                         0x08000273   Thumb Code     0  startup_stm32f405xx.o(.text)
    EXTI3_IRQHandler                         0x08000273   Thumb Code     0  startup_stm32f405xx.o(.text)
    EXTI4_IRQHandler                         0x08000273   Thumb Code     0  startup_stm32f405xx.o(.text)
    EXTI9_5_IRQHandler                       0x08000273   Thumb Code     0  startup_stm32f405xx.o(.text)
    FLASH_IRQHandler                         0x08000273   Thumb Code     0  startup_stm32f405xx.o(.text)
    FMC_IRQHandler                           0x08000273   Thumb Code     0  startup_stm32f405xx.o(.text)
    FPU_IRQHandler                           0x08000273   Thumb Code     0  startup_stm32f405xx.o(.text)
    HASH_RNG_IRQHandler                      0x08000273   Thumb Code     0  startup_stm32f405xx.o(.text)
    I2C1_ER_IRQHandler                       0x08000273   Thumb Code     0  startup_stm32f405xx.o(.text)
    I2C1_EV_IRQHandler                       0x08000273   Thumb Code     0  startup_stm32f405xx.o(.text)
    I2C2_ER_IRQHandler                       0x08000273   Thumb Code     0  startup_stm32f405xx.o(.text)
    I2C2_EV_IRQHandler                       0x08000273   Thumb Code     0  startup_stm32f405xx.o(.text)
    I2C3_ER_IRQHandler                       0x08000273   Thumb Code     0  startup_stm32f405xx.o(.text)
    I2C3_EV_IRQHandler                       0x08000273   Thumb Code     0  startup_stm32f405xx.o(.text)
    OTG_FS_IRQHandler                        0x08000273   Thumb Code     0  startup_stm32f405xx.o(.text)
    OTG_FS_WKUP_IRQHandler                   0x08000273   Thumb Code     0  startup_stm32f405xx.o(.text)
    OTG_HS_EP1_IN_IRQHandler                 0x08000273   Thumb Code     0  startup_stm32f405xx.o(.text)
    OTG_HS_EP1_OUT_IRQHandler                0x08000273   Thumb Code     0  startup_stm32f405xx.o(.text)
    OTG_HS_IRQHandler                        0x08000273   Thumb Code     0  startup_stm32f405xx.o(.text)
    OTG_HS_WKUP_IRQHandler                   0x08000273   Thumb Code     0  startup_stm32f405xx.o(.text)
    PVD_IRQHandler                           0x08000273   Thumb Code     0  startup_stm32f405xx.o(.text)
    RCC_IRQHandler                           0x08000273   Thumb Code     0  startup_stm32f405xx.o(.text)
    RTC_Alarm_IRQHandler                     0x08000273   Thumb Code     0  startup_stm32f405xx.o(.text)
    RTC_WKUP_IRQHandler                      0x08000273   Thumb Code     0  startup_stm32f405xx.o(.text)
    SDIO_IRQHandler                          0x08000273   Thumb Code     0  startup_stm32f405xx.o(.text)
    SPI1_IRQHandler                          0x08000273   Thumb Code     0  startup_stm32f405xx.o(.text)
    SPI2_IRQHandler                          0x08000273   Thumb Code     0  startup_stm32f405xx.o(.text)
    SPI3_IRQHandler                          0x08000273   Thumb Code     0  startup_stm32f405xx.o(.text)
    TAMP_STAMP_IRQHandler                    0x08000273   Thumb Code     0  startup_stm32f405xx.o(.text)
    TIM1_BRK_TIM9_IRQHandler                 0x08000273   Thumb Code     0  startup_stm32f405xx.o(.text)
    TIM1_CC_IRQHandler                       0x08000273   Thumb Code     0  startup_stm32f405xx.o(.text)
    TIM1_TRG_COM_TIM11_IRQHandler            0x08000273   Thumb Code     0  startup_stm32f405xx.o(.text)
    TIM3_IRQHandler                          0x08000273   Thumb Code     0  startup_stm32f405xx.o(.text)
    TIM4_IRQHandler                          0x08000273   Thumb Code     0  startup_stm32f405xx.o(.text)
    TIM5_IRQHandler                          0x08000273   Thumb Code     0  startup_stm32f405xx.o(.text)
    TIM6_DAC_IRQHandler                      0x08000273   Thumb Code     0  startup_stm32f405xx.o(.text)
    TIM7_IRQHandler                          0x08000273   Thumb Code     0  startup_stm32f405xx.o(.text)
    TIM8_BRK_TIM12_IRQHandler                0x08000273   Thumb Code     0  startup_stm32f405xx.o(.text)
    TIM8_CC_IRQHandler                       0x08000273   Thumb Code     0  startup_stm32f405xx.o(.text)
    TIM8_TRG_COM_TIM14_IRQHandler            0x08000273   Thumb Code     0  startup_stm32f405xx.o(.text)
    TIM8_UP_TIM13_IRQHandler                 0x08000273   Thumb Code     0  startup_stm32f405xx.o(.text)
    UART4_IRQHandler                         0x08000273   Thumb Code     0  startup_stm32f405xx.o(.text)
    UART5_IRQHandler                         0x08000273   Thumb Code     0  startup_stm32f405xx.o(.text)
    USART1_IRQHandler                        0x08000273   Thumb Code     0  startup_stm32f405xx.o(.text)
    USART2_IRQHandler                        0x08000273   Thumb Code     0  startup_stm32f405xx.o(.text)
    USART3_IRQHandler                        0x08000273   Thumb Code     0  startup_stm32f405xx.o(.text)
    USART6_IRQHandler                        0x08000273   Thumb Code     0  startup_stm32f405xx.o(.text)
    WWDG_IRQHandler                          0x08000273   Thumb Code     0  startup_stm32f405xx.o(.text)
    __aeabi_uldivmod                         0x0800027d   Thumb Code    98  uldiv.o(.text)
    __aeabi_memcpy                           0x080002df   Thumb Code    36  memcpya.o(.text)
    __aeabi_memcpy4                          0x080002df   Thumb Code     0  memcpya.o(.text)
    __aeabi_memcpy8                          0x080002df   Thumb Code     0  memcpya.o(.text)
    __aeabi_memset                           0x08000303   Thumb Code    14  memseta.o(.text)
    __aeabi_memset4                          0x08000303   Thumb Code     0  memseta.o(.text)
    __aeabi_memset8                          0x08000303   Thumb Code     0  memseta.o(.text)
    __aeabi_memclr                           0x08000311   Thumb Code     4  memseta.o(.text)
    __aeabi_memclr4                          0x08000311   Thumb Code     0  memseta.o(.text)
    __aeabi_memclr8                          0x08000311   Thumb Code     0  memseta.o(.text)
    _memset$wrapper                          0x08000315   Thumb Code    18  memseta.o(.text)
    memcmp                                   0x08000327   Thumb Code    26  memcmp.o(.text)
    __aeabi_dadd                             0x08000341   Thumb Code   322  dadd.o(.text)
    __aeabi_dsub                             0x08000483   Thumb Code     6  dadd.o(.text)
    __aeabi_drsub                            0x08000489   Thumb Code     6  dadd.o(.text)
    __aeabi_dmul                             0x0800048f   Thumb Code   228  dmul.o(.text)
    __aeabi_ddiv                             0x08000573   Thumb Code   222  ddiv.o(.text)
    __aeabi_i2d                              0x08000651   Thumb Code    34  dflti.o(.text)
    __aeabi_f2d                              0x08000673   Thumb Code    38  f2d.o(.text)
    __aeabi_d2f                              0x08000699   Thumb Code    56  d2f.o(.text)
    __aeabi_llsl                             0x080006d1   Thumb Code    30  llshl.o(.text)
    _ll_shift_l                              0x080006d1   Thumb Code     0  llshl.o(.text)
    __aeabi_llsr                             0x080006ef   Thumb Code    32  llushr.o(.text)
    _ll_ushift_r                             0x080006ef   Thumb Code     0  llushr.o(.text)
    __aeabi_lasr                             0x0800070f   Thumb Code    36  llsshr.o(.text)
    _ll_sshift_r                             0x0800070f   Thumb Code     0  llsshr.o(.text)
    __I$use$fp                               0x08000733   Thumb Code     0  iusefp.o(.text)
    _float_round                             0x08000733   Thumb Code    18  fepilogue.o(.text)
    _float_epilogue                          0x08000745   Thumb Code    92  fepilogue.o(.text)
    _double_round                            0x080007a1   Thumb Code    30  depilogue.o(.text)
    _double_epilogue                         0x080007bf   Thumb Code   156  depilogue.o(.text)
    __scatterload                            0x0800085d   Thumb Code    28  init.o(.text)
    __scatterload_rt2                        0x0800085d   Thumb Code     0  init.o(.text)
    _dsqrt                                   0x08000881   Thumb Code   162  dsqrt.o(.text)
    BusFault_Handler                         0x08000923   Thumb Code     2  stm32f4xx_it.o(i.BusFault_Handler)
    CAN1_RX0_IRQHandler                      0x08000925   Thumb Code     6  stm32f4xx_it.o(i.CAN1_RX0_IRQHandler)
    DebugMon_Handler                         0x08000931   Thumb Code     2  stm32f4xx_it.o(i.DebugMon_Handler)
    FunctionCANRx                            0x08000933   Thumb Code     8  main.o(i.FunctionCANRx)
    FunctionCANTx                            0x0800093b   Thumb Code     8  main.o(i.FunctionCANTx)
    FunctionIMUdata                          0x08000945   Thumb Code   120  main.o(i.FunctionIMUdata)
    FunctionUSARTTx                          0x080009c5   Thumb Code   142  main.o(i.FunctionUSARTTx)
    HAL_CAN_ErrorCallback                    0x08000a61   Thumb Code     2  stm32f4xx_hal_can.o(i.HAL_CAN_ErrorCallback)
    HAL_CAN_IRQHandler                       0x08000a63   Thumb Code   508  stm32f4xx_hal_can.o(i.HAL_CAN_IRQHandler)
    HAL_CAN_Init                             0x08000c5f   Thumb Code   282  stm32f4xx_hal_can.o(i.HAL_CAN_Init)
    HAL_CAN_MspInit                          0x08000d79   Thumb Code    80  stm32f4xx_hal_msp.o(i.HAL_CAN_MspInit)
    HAL_CAN_RxFifo0FullCallback              0x08000dd5   Thumb Code     2  stm32f4xx_hal_can.o(i.HAL_CAN_RxFifo0FullCallback)
    HAL_CAN_RxFifo0MsgPendingCallback        0x08000dd7   Thumb Code     2  stm32f4xx_hal_can.o(i.HAL_CAN_RxFifo0MsgPendingCallback)
    HAL_CAN_RxFifo1FullCallback              0x08000dd9   Thumb Code     2  stm32f4xx_hal_can.o(i.HAL_CAN_RxFifo1FullCallback)
    HAL_CAN_RxFifo1MsgPendingCallback        0x08000ddb   Thumb Code     2  stm32f4xx_hal_can.o(i.HAL_CAN_RxFifo1MsgPendingCallback)
    HAL_CAN_SleepCallback                    0x08000ddd   Thumb Code     2  stm32f4xx_hal_can.o(i.HAL_CAN_SleepCallback)
    HAL_CAN_TxMailbox0AbortCallback          0x08000ddf   Thumb Code     2  stm32f4xx_hal_can.o(i.HAL_CAN_TxMailbox0AbortCallback)
    HAL_CAN_TxMailbox0CompleteCallback       0x08000de1   Thumb Code     2  stm32f4xx_hal_can.o(i.HAL_CAN_TxMailbox0CompleteCallback)
    HAL_CAN_TxMailbox1AbortCallback          0x08000de3   Thumb Code     2  stm32f4xx_hal_can.o(i.HAL_CAN_TxMailbox1AbortCallback)
    HAL_CAN_TxMailbox1CompleteCallback       0x08000de5   Thumb Code     2  stm32f4xx_hal_can.o(i.HAL_CAN_TxMailbox1CompleteCallback)
    HAL_CAN_TxMailbox2AbortCallback          0x08000de7   Thumb Code     2  stm32f4xx_hal_can.o(i.HAL_CAN_TxMailbox2AbortCallback)
    HAL_CAN_TxMailbox2CompleteCallback       0x08000de9   Thumb Code     2  stm32f4xx_hal_can.o(i.HAL_CAN_TxMailbox2CompleteCallback)
    HAL_CAN_WakeUpFromRxMsgCallback          0x08000deb   Thumb Code     2  stm32f4xx_hal_can.o(i.HAL_CAN_WakeUpFromRxMsgCallback)
    HAL_GPIO_Init                            0x08000ded   Thumb Code   388  stm32f4xx_hal_gpio.o(i.HAL_GPIO_Init)
    HAL_GPIO_TogglePin                       0x08000f9d   Thumb Code     8  stm32f4xx_hal_gpio.o(i.HAL_GPIO_TogglePin)
    HAL_GPIO_WritePin                        0x08000fa5   Thumb Code    10  stm32f4xx_hal_gpio.o(i.HAL_GPIO_WritePin)
    HAL_GetTick                              0x08000fb1   Thumb Code     6  stm32f4xx_hal.o(i.HAL_GetTick)
    HAL_IncTick                              0x08000fbd   Thumb Code    12  stm32f4xx_hal.o(i.HAL_IncTick)
    HAL_Init                                 0x08000fcd   Thumb Code    48  stm32f4xx_hal.o(i.HAL_Init)
    HAL_InitTick                             0x08001001   Thumb Code   100  stm32f4xx_hal_timebase_tim.o(i.HAL_InitTick)
    HAL_MspInit                              0x08001075   Thumb Code   126  stm32f4xx_hal_msp.o(i.HAL_MspInit)
    HAL_NVIC_EnableIRQ                       0x080010f9   Thumb Code    22  stm32f4xx_hal_cortex.o(i.HAL_NVIC_EnableIRQ)
    HAL_NVIC_SetPriority                     0x08001111   Thumb Code    60  stm32f4xx_hal_cortex.o(i.HAL_NVIC_SetPriority)
    HAL_NVIC_SetPriorityGrouping             0x08001151   Thumb Code    26  stm32f4xx_hal_cortex.o(i.HAL_NVIC_SetPriorityGrouping)
    HAL_RCC_ClockConfig                      0x08001175   Thumb Code   286  stm32f4xx_hal_rcc.o(i.HAL_RCC_ClockConfig)
    HAL_RCC_GetClockConfig                   0x080012a5   Thumb Code    54  stm32f4xx_hal_rcc.o(i.HAL_RCC_GetClockConfig)
    HAL_RCC_GetHCLKFreq                      0x080012e5   Thumb Code     6  stm32f4xx_hal_rcc.o(i.HAL_RCC_GetHCLKFreq)
    HAL_RCC_GetPCLK1Freq                     0x080012f1   Thumb Code    20  stm32f4xx_hal_rcc.o(i.HAL_RCC_GetPCLK1Freq)
    HAL_RCC_GetPCLK2Freq                     0x08001311   Thumb Code    20  stm32f4xx_hal_rcc.o(i.HAL_RCC_GetPCLK2Freq)
    HAL_RCC_GetSysClockFreq                  0x08001331   Thumb Code    88  stm32f4xx_hal_rcc.o(i.HAL_RCC_GetSysClockFreq)
    HAL_RCC_OscConfig                        0x08001391   Thumb Code   770  stm32f4xx_hal_rcc.o(i.HAL_RCC_OscConfig)
    HAL_SYSTICK_CLKSourceConfig              0x080016ad   Thumb Code    24  stm32f4xx_hal_cortex.o(i.HAL_SYSTICK_CLKSourceConfig)
    HAL_SYSTICK_Config                       0x080016c5   Thumb Code    40  stm32f4xx_hal_cortex.o(i.HAL_SYSTICK_Config)
    HAL_TIMEx_BreakCallback                  0x080016ed   Thumb Code     2  stm32f4xx_hal_tim_ex.o(i.HAL_TIMEx_BreakCallback)
    HAL_TIMEx_CommutationCallback            0x080016ef   Thumb Code     2  stm32f4xx_hal_tim_ex.o(i.HAL_TIMEx_CommutationCallback)
    HAL_TIMEx_MasterConfigSynchronization    0x080016f1   Thumb Code    80  stm32f4xx_hal_tim_ex.o(i.HAL_TIMEx_MasterConfigSynchronization)
    HAL_TIM_Base_Init                        0x08001741   Thumb Code    54  stm32f4xx_hal_tim.o(i.HAL_TIM_Base_Init)
    HAL_TIM_Base_MspInit                     0x08001779   Thumb Code    50  stm32f4xx_hal_msp.o(i.HAL_TIM_Base_MspInit)
    HAL_TIM_Base_Start_IT                    0x080017b1   Thumb Code    24  stm32f4xx_hal_tim.o(i.HAL_TIM_Base_Start_IT)
    HAL_TIM_ConfigClockSource                0x080017c9   Thumb Code   242  stm32f4xx_hal_tim.o(i.HAL_TIM_ConfigClockSource)
    HAL_TIM_IC_CaptureCallback               0x080018bb   Thumb Code     2  stm32f4xx_hal_tim.o(i.HAL_TIM_IC_CaptureCallback)
    HAL_TIM_IRQHandler                       0x080018bd   Thumb Code   358  stm32f4xx_hal_tim.o(i.HAL_TIM_IRQHandler)
    HAL_TIM_OC_DelayElapsedCallback          0x08001a23   Thumb Code     2  stm32f4xx_hal_tim.o(i.HAL_TIM_OC_DelayElapsedCallback)
    HAL_TIM_PWM_PulseFinishedCallback        0x08001a25   Thumb Code     2  stm32f4xx_hal_tim.o(i.HAL_TIM_PWM_PulseFinishedCallback)
    HAL_TIM_PeriodElapsedCallback            0x08001a29   Thumb Code    14  main.o(i.HAL_TIM_PeriodElapsedCallback)
    HAL_TIM_TriggerCallback                  0x08001a3d   Thumb Code     2  stm32f4xx_hal_tim.o(i.HAL_TIM_TriggerCallback)
    HAL_UART_Init                            0x08001a3f   Thumb Code    98  stm32f4xx_hal_uart.o(i.HAL_UART_Init)
    HAL_UART_MspInit                         0x08001aa1   Thumb Code    64  stm32f4xx_hal_msp.o(i.HAL_UART_MspInit)
    HAL_UART_Transmit                        0x08001aed   Thumb Code   186  stm32f4xx_hal_uart.o(i.HAL_UART_Transmit)
    HardFault_Handler                        0x08001ba7   Thumb Code     2  stm32f4xx_it.o(i.HardFault_Handler)
    IIC_Ack                                  0x08001ba9   Thumb Code    56  iic.o(i.IIC_Ack)
    IIC_Init                                 0x08001be9   Thumb Code    14  iic.o(i.IIC_Init)
    IIC_NAck                                 0x08001bfd   Thumb Code    56  iic.o(i.IIC_NAck)
    IIC_Read_Byte                            0x08001c3d   Thumb Code    96  iic.o(i.IIC_Read_Byte)
    IIC_Send_Byte                            0x08001ca5   Thumb Code    86  iic.o(i.IIC_Send_Byte)
    IIC_Start                                0x08001d05   Thumb Code    56  iic.o(i.IIC_Start)
    IIC_Stop                                 0x08001d45   Thumb Code    58  iic.o(i.IIC_Stop)
    IIC_Wait_Ack                             0x08001d89   Thumb Code    74  iic.o(i.IIC_Wait_Ack)
    MPU_Get_Accelerometer                    0x08001ddd   Thumb Code    50  mpu6500.o(i.MPU_Get_Accelerometer)
    MPU_Get_Gyroscope                        0x08001e0f   Thumb Code    50  mpu6500.o(i.MPU_Get_Gyroscope)
    MPU_Get_Temperature                      0x08001e41   Thumb Code    78  mpu6500.o(i.MPU_Get_Temperature)
    MPU_Read_Len                             0x08001ea5   Thumb Code   108  mpu6500.o(i.MPU_Read_Len)
    MPU_Write_Len                            0x08001f11   Thumb Code    82  mpu6500.o(i.MPU_Write_Len)
    MemManage_Handler                        0x08002095   Thumb Code     2  stm32f4xx_it.o(i.MemManage_Handler)
    NMI_Handler                              0x08002097   Thumb Code     2  stm32f4xx_it.o(i.NMI_Handler)
    SysTick_Handler                          0x080020b9   Thumb Code    14  stm32f4xx_it.o(i.SysTick_Handler)
    SystemClock_Config                       0x080020c9   Thumb Code   152  main.o(i.SystemClock_Config)
    SystemInit                               0x08002169   Thumb Code    66  system_stm32f4xx.o(i.SystemInit)
    TIM1_UP_TIM10_IRQHandler                 0x080021bd   Thumb Code     6  stm32f4xx_it.o(i.TIM1_UP_TIM10_IRQHandler)
    TIM2_IRQHandler                          0x080021c9   Thumb Code     6  stm32f4xx_it.o(i.TIM2_IRQHandler)
    TIM_Base_SetConfig                       0x080021d5   Thumb Code   148  stm32f4xx_hal_tim.o(i.TIM_Base_SetConfig)
    UsageFault_Handler                       0x08002611   Thumb Code     2  stm32f4xx_it.o(i.UsageFault_Handler)
    __ARM_fpclassify                         0x08002613   Thumb Code    48  fpclassify.o(i.__ARM_fpclassify)
    __hardfp_asin                            0x08002649   Thumb Code   770  asin.o(i.__hardfp_asin)
    __hardfp_atan                            0x080029a9   Thumb Code   622  atan.o(i.__hardfp_atan)
    __hardfp_atan2                           0x08002c81   Thumb Code   432  atan2.o(i.__hardfp_atan2)
    __kernel_poly                            0x08002e71   Thumb Code   248  poly.o(i.__kernel_poly)
    __mathlib_dbl_infnan                     0x08002f69   Thumb Code    20  dunder.o(i.__mathlib_dbl_infnan)
    __mathlib_dbl_infnan2                    0x08002f7d   Thumb Code    20  dunder.o(i.__mathlib_dbl_infnan2)
    __mathlib_dbl_invalid                    0x08002f91   Thumb Code    24  dunder.o(i.__mathlib_dbl_invalid)
    __mathlib_dbl_underflow                  0x08002fb1   Thumb Code    24  dunder.o(i.__mathlib_dbl_underflow)
    __scatterload_copy                       0x08002fd1   Thumb Code    14  handlers.o(i.__scatterload_copy)
    __scatterload_null                       0x08002fdf   Thumb Code     2  handlers.o(i.__scatterload_null)
    __scatterload_zeroinit                   0x08002fe1   Thumb Code    14  handlers.o(i.__scatterload_zeroinit)
    __set_errno                              0x08002ff1   Thumb Code     6  errno.o(i.__set_errno)
    atan                                     0x08002ffd   Thumb Code    16  atan.o(i.atan)
    delay_init                               0x0800300d   Thumb Code    50  delay.o(i.delay_init)
    delay_ms                                 0x08003045   Thumb Code    52  delay.o(i.delay_ms)
    delay_us                                 0x0800307d   Thumb Code    48  delay.o(i.delay_us)
    dmp_enable_6x_lp_quat                    0x080030b1   Thumb Code    58  inv_mpu_dmp_motion_driver.o(i.dmp_enable_6x_lp_quat)
    dmp_enable_feature                       0x080030ed   Thumb Code   464  inv_mpu_dmp_motion_driver.o(i.dmp_enable_feature)
    dmp_enable_gyro_cal                      0x080032c5   Thumb Code    34  inv_mpu_dmp_motion_driver.o(i.dmp_enable_gyro_cal)
    dmp_enable_lp_quat                       0x08003301   Thumb Code    58  inv_mpu_dmp_motion_driver.o(i.dmp_enable_lp_quat)
    dmp_load_motion_driver_firmware          0x0800333d   Thumb Code    16  inv_mpu_dmp_motion_driver.o(i.dmp_load_motion_driver_firmware)
    dmp_read_fifo                            0x08003351   Thumb Code   324  inv_mpu_dmp_motion_driver.o(i.dmp_read_fifo)
    dmp_set_fifo_rate                        0x08003499   Thumb Code    82  inv_mpu_dmp_motion_driver.o(i.dmp_set_fifo_rate)
    dmp_set_orientation                      0x080034fd   Thumb Code   246  inv_mpu_dmp_motion_driver.o(i.dmp_set_orientation)
    dmp_set_shake_reject_thresh              0x08003609   Thumb Code    48  inv_mpu_dmp_motion_driver.o(i.dmp_set_shake_reject_thresh)
    dmp_set_shake_reject_time                0x08003639   Thumb Code    32  inv_mpu_dmp_motion_driver.o(i.dmp_set_shake_reject_time)
    dmp_set_shake_reject_timeout             0x08003659   Thumb Code    32  inv_mpu_dmp_motion_driver.o(i.dmp_set_shake_reject_timeout)
    dmp_set_tap_axes                         0x08003679   Thumb Code    64  inv_mpu_dmp_motion_driver.o(i.dmp_set_tap_axes)
    dmp_set_tap_count                        0x080036b9   Thumb Code    34  inv_mpu_dmp_motion_driver.o(i.dmp_set_tap_count)
    dmp_set_tap_thresh                       0x080036dd   Thumb Code   314  inv_mpu_dmp_motion_driver.o(i.dmp_set_tap_thresh)
    dmp_set_tap_time                         0x0800383d   Thumb Code    32  inv_mpu_dmp_motion_driver.o(i.dmp_set_tap_time)
    dmp_set_tap_time_multi                   0x0800385d   Thumb Code    32  inv_mpu_dmp_motion_driver.o(i.dmp_set_tap_time_multi)
    fabs                                     0x0800387d   Thumb Code    24  fabs.o(i.fabs)
    inv_orientation_matrix_to_scalar         0x08003895   Thumb Code    34  inv_mpu.o(i.inv_orientation_matrix_to_scalar)
    inv_row_2_scale                          0x080038b7   Thumb Code    72  inv_mpu.o(i.inv_row_2_scale)
    main                                     0x08003901   Thumb Code   250  main.o(i.main)
    mget_ms                                  0x08003a1d   Thumb Code     2  inv_mpu.o(i.mget_ms)
    mpu9250_send_rawdata                     0x08003a1f   Thumb Code    80  usart.o(i.mpu9250_send_rawdata)
    mpu_configure_fifo                       0x08003a71   Thumb Code    78  inv_mpu.o(i.mpu_configure_fifo)
    mpu_dmp_get_data                         0x08003ac5   Thumb Code   344  inv_mpu.o(i.mpu_dmp_get_data)
    mpu_dmp_init                             0x08003c29   Thumb Code   150  inv_mpu.o(i.mpu_dmp_init)
    mpu_get_accel_fsr                        0x08003cc5   Thumb Code    54  inv_mpu.o(i.mpu_get_accel_fsr)
    mpu_init                                 0x08003d01   Thumb Code   208  inv_mpu.o(i.mpu_init)
    mpu_load_firmware                        0x08003dd5   Thumb Code   154  inv_mpu.o(i.mpu_load_firmware)
    mpu_lp_accel_mode                        0x08003e75   Thumb Code   180  inv_mpu.o(i.mpu_lp_accel_mode)
    mpu_read_fifo_stream                     0x08003f2d   Thumb Code   144  inv_mpu.o(i.mpu_read_fifo_stream)
    mpu_read_mem                             0x08003fc1   Thumb Code    80  inv_mpu.o(i.mpu_read_mem)
    mpu_reset_fifo                           0x08004015   Thumb Code   346  inv_mpu.o(i.mpu_reset_fifo)
    mpu_set_accel_fsr                        0x08004175   Thumb Code    98  inv_mpu.o(i.mpu_set_accel_fsr)
    mpu_set_bypass                           0x080041dd   Thumb Code   214  inv_mpu.o(i.mpu_set_bypass)
    mpu_set_dmp_state                        0x080042b9   Thumb Code   114  inv_mpu.o(i.mpu_set_dmp_state)
    mpu_set_gyro_fsr                         0x08004331   Thumb Code   104  inv_mpu.o(i.mpu_set_gyro_fsr)
    mpu_set_int_latched                      0x0800439d   Thumb Code    94  inv_mpu.o(i.mpu_set_int_latched)
    mpu_set_lpf                              0x08004401   Thumb Code   102  inv_mpu.o(i.mpu_set_lpf)
    mpu_set_sample_rate                      0x0800446d   Thumb Code   124  inv_mpu.o(i.mpu_set_sample_rate)
    mpu_set_sensors                          0x080044ed   Thumb Code   178  inv_mpu.o(i.mpu_set_sensors)
    mpu_write_mem                            0x080045a5   Thumb Code    80  inv_mpu.o(i.mpu_write_mem)
    osDelay                                  0x080045f9   Thumb Code    14  cmsis_os.o(i.osDelay)
    osKernelStart                            0x08004607   Thumb Code    10  cmsis_os.o(i.osKernelStart)
    osMessageCreate                          0x08004611   Thumb Code     8  cmsis_os.o(i.osMessageCreate)
    osSemaphoreCreate                        0x08004619   Thumb Code    38  cmsis_os.o(i.osSemaphoreCreate)
    osSystickHandler                         0x0800463f   Thumb Code    20  cmsis_os.o(i.osSystickHandler)
    osThreadCreate                           0x08004653   Thumb Code    46  cmsis_os.o(i.osThreadCreate)
    pvPortMalloc                             0x08004ad9   Thumb Code   210  heap_4.o(i.pvPortMalloc)
    pvTaskIncrementMutexHeldCount            0x08004bb1   Thumb Code    18  tasks.o(i.pvTaskIncrementMutexHeldCount)
    pxPortInitialiseStack                    0x08004bc9   Thumb Code    40  port.o(i.pxPortInitialiseStack)
    sqrt                                     0x08004c4d   Thumb Code   110  sqrt.o(i.sqrt)
    usart1_niming_report                     0x08004cbb   Thumb Code    96  usart.o(i.usart1_niming_report)
    usart1_report_imu                        0x08004d1b   Thumb Code   136  usart.o(i.usart1_report_imu)
    usart1_send_char                         0x08004da5   Thumb Code    30  usart.o(i.usart1_send_char)
    uxListRemove                             0x08004dc9   Thumb Code    36  list.o(i.uxListRemove)
    vListInitialise                          0x08004ded   Thumb Code    22  list.o(i.vListInitialise)
    vListInitialiseItem                      0x08004e03   Thumb Code     6  list.o(i.vListInitialiseItem)
    vListInsert                              0x08004e09   Thumb Code    48  list.o(i.vListInsert)
    vListInsertEnd                           0x08004e39   Thumb Code    24  list.o(i.vListInsertEnd)
    vPortEnterCritical                       0x08004e51   Thumb Code    54  port.o(i.vPortEnterCritical)
    vPortExitCritical                        0x08004e91   Thumb Code    34  port.o(i.vPortExitCritical)
    vPortFree                                0x08004eb9   Thumb Code    88  heap_4.o(i.vPortFree)
    vPortSetupTimerInterrupt                 0x08004f15   Thumb Code    26  port.o(i.vPortSetupTimerInterrupt)
    vTaskDelay                               0x08004f35   Thumb Code    66  tasks.o(i.vTaskDelay)
    vTaskMissedYield                         0x08004f81   Thumb Code     8  tasks.o(i.vTaskMissedYield)
    vTaskPlaceOnEventList                    0x08004f8d   Thumb Code    44  tasks.o(i.vTaskPlaceOnEventList)
    vTaskPriorityInherit                     0x08004fbd   Thumb Code   124  tasks.o(i.vTaskPriorityInherit)
    vTaskSetTimeOutState                     0x08005041   Thumb Code    30  tasks.o(i.vTaskSetTimeOutState)
    vTaskStartScheduler                      0x08005065   Thumb Code    86  tasks.o(i.vTaskStartScheduler)
    vTaskSuspendAll                          0x080050cd   Thumb Code    10  tasks.o(i.vTaskSuspendAll)
    vTaskSwitchContext                       0x080050dd   Thumb Code    82  tasks.o(i.vTaskSwitchContext)
    xPortStartScheduler                      0x08005139   Thumb Code   202  port.o(i.xPortStartScheduler)
    xPortSysTickHandler                      0x08005219   Thumb Code    38  port.o(i.xPortSysTickHandler)
    xQueueGenericCreate                      0x08005245   Thumb Code    72  queue.o(i.xQueueGenericCreate)
    xQueueGenericReceive                     0x0800528d   Thumb Code   360  queue.o(i.xQueueGenericReceive)
    xQueueGenericReset                       0x080053f9   Thumb Code   132  queue.o(i.xQueueGenericReset)
    xQueueGenericSend                        0x08005481   Thumb Code   346  queue.o(i.xQueueGenericSend)
    xTaskCheckForTimeOut                     0x080055e1   Thumb Code   102  tasks.o(i.xTaskCheckForTimeOut)
    xTaskCreate                              0x0800564d   Thumb Code    86  tasks.o(i.xTaskCreate)
    xTaskGetSchedulerState                   0x080056a5   Thumb Code    22  tasks.o(i.xTaskGetSchedulerState)
    xTaskIncrementTick                       0x080056c1   Thumb Code   192  tasks.o(i.xTaskIncrementTick)
    xTaskPriorityDisinherit                  0x08005789   Thumb Code   144  tasks.o(i.xTaskPriorityDisinherit)
    xTaskRemoveFromEventList                 0x08005821   Thumb Code   108  tasks.o(i.xTaskRemoveFromEventList)
    xTaskResumeAll                           0x08005895   Thumb Code   182  tasks.o(i.xTaskResumeAll)
    AHBPrescTable                            0x080059c0   Data          16  system_stm32f4xx.o(.constdata)
    APBPrescTable                            0x080059d0   Data           8  system_stm32f4xx.o(.constdata)
    reg                                      0x080059d8   Data          30  inv_mpu.o(.constdata)
    hw                                       0x080059f6   Data          12  inv_mpu.o(.constdata)
    test                                     0x08005a04   Data          48  inv_mpu.o(.constdata)
    __mathlib_zero                           0x08006718   Data           8  qnan.o(.constdata)
    Region$$Table$$Base                      0x08006750   Number         0  anon$$obj.o(Region$$Table)
    Region$$Table$$Limit                     0x08006770   Number         0  anon$$obj.o(Region$$Table)
    TaskIMUdataHandle                        0x20000000   Data           4  main.o(.data)
    TaskUSARTTxHandle                        0x20000004   Data           4  main.o(.data)
    TaskCANTxHandle                          0x20000008   Data           4  main.o(.data)
    TaskCANRxHandle                          0x2000000c   Data           4  main.o(.data)
    QueueUSARTTxHandle                       0x20000010   Data           4  main.o(.data)
    QueueCANTxHandle                         0x20000014   Data           4  main.o(.data)
    QueueCANRxHandle                         0x20000018   Data           4  main.o(.data)
    BinarySemUSARTHandle                     0x2000001c   Data           4  main.o(.data)
    BinarySemCANRxHandle                     0x20000020   Data           4  main.o(.data)
    uwTickFreq                               0x20000024   Data           1  stm32f4xx_hal.o(.data)
    uwTickPrio                               0x20000028   Data           4  stm32f4xx_hal.o(.data)
    uwTick                                   0x2000002c   Data           4  stm32f4xx_hal.o(.data)
    SystemCoreClock                          0x20000030   Data           4  system_stm32f4xx.o(.data)
    pxCurrentTCB                             0x20000058   Data           4  tasks.o(.data)
    cnt                                      0x2000009c   Data           4  inv_mpu.o(.data)
    hcan1                                    0x200000dc   Data          40  main.o(.bss)
    htim2                                    0x20000104   Data          60  main.o(.bss)
    huart1                                   0x20000140   Data          64  main.o(.bss)
    htim1                                    0x20000180   Data          60  stm32f4xx_hal_timebase_tim.o(.bss)
    __initial_sp                             0x200042c0   Data           0  startup_stm32f405xx.o(STACK)



==============================================================================

Memory Map of the image

  Image Entry point : 0x08000189

  Load Region LR_IROM1 (Base: 0x08000000, Size: 0x0000684c, Max: 0x00100000, ABSOLUTE)

    Execution Region ER_IROM1 (Base: 0x08000000, Size: 0x00006770, Max: 0x00100000, ABSOLUTE)

    Base Addr    Size         Type   Attr      Idx    E Section Name        Object

    0x08000000   0x00000188   Data   RO            3    RESET               startup_stm32f405xx.o
    0x08000188   0x00000000   Code   RO         4915  * .ARM.Collect$$$$00000000  mc_w.l(entry.o)
    0x08000188   0x00000004   Code   RO         5256    .ARM.Collect$$$$00000001  mc_w.l(entry2.o)
    0x0800018c   0x00000004   Code   RO         5259    .ARM.Collect$$$$00000004  mc_w.l(entry5.o)
    0x08000190   0x00000000   Code   RO         5261    .ARM.Collect$$$$00000008  mc_w.l(entry7b.o)
    0x08000190   0x00000000   Code   RO         5263    .ARM.Collect$$$$0000000A  mc_w.l(entry8b.o)
    0x08000190   0x00000008   Code   RO         5264    .ARM.Collect$$$$0000000B  mc_w.l(entry9a.o)
    0x08000198   0x00000000   Code   RO         5266    .ARM.Collect$$$$0000000D  mc_w.l(entry10a.o)
    0x08000198   0x00000000   Code   RO         5268    .ARM.Collect$$$$0000000F  mc_w.l(entry11a.o)
    0x08000198   0x00000004   Code   RO         5257    .ARM.Collect$$$$00002712  mc_w.l(entry2.o)
    0x0800019c   0x000000ba   Code   RO         3041    .emb_text           port.o
    0x08000256   0x00000002   PAD
    0x08000258   0x00000024   Code   RO            4    .text               startup_stm32f405xx.o
    0x0800027c   0x00000062   Code   RO         4918    .text               mc_w.l(uldiv.o)
    0x080002de   0x00000024   Code   RO         4922    .text               mc_w.l(memcpya.o)
    0x08000302   0x00000024   Code   RO         4924    .text               mc_w.l(memseta.o)
    0x08000326   0x0000001a   Code   RO         4926    .text               mc_w.l(memcmp.o)
    0x08000340   0x0000014e   Code   RO         5191    .text               mf_w.l(dadd.o)
    0x0800048e   0x000000e4   Code   RO         5193    .text               mf_w.l(dmul.o)
    0x08000572   0x000000de   Code   RO         5195    .text               mf_w.l(ddiv.o)
    0x08000650   0x00000022   Code   RO         5197    .text               mf_w.l(dflti.o)
    0x08000672   0x00000026   Code   RO         5201    .text               mf_w.l(f2d.o)
    0x08000698   0x00000038   Code   RO         5203    .text               mf_w.l(d2f.o)
    0x080006d0   0x0000001e   Code   RO         5275    .text               mc_w.l(llshl.o)
    0x080006ee   0x00000020   Code   RO         5277    .text               mc_w.l(llushr.o)
    0x0800070e   0x00000024   Code   RO         5279    .text               mc_w.l(llsshr.o)
    0x08000732   0x00000000   Code   RO         5288    .text               mc_w.l(iusefp.o)
    0x08000732   0x0000006e   Code   RO         5289    .text               mf_w.l(fepilogue.o)
    0x080007a0   0x000000ba   Code   RO         5291    .text               mf_w.l(depilogue.o)
    0x0800085a   0x00000002   PAD
    0x0800085c   0x00000024   Code   RO         5299    .text               mc_w.l(init.o)
    0x08000880   0x000000a2   Code   RO         5303    .text               mf_w.l(dsqrt.o)
    0x08000922   0x00000002   Code   RO          279    i.BusFault_Handler  stm32f4xx_it.o
    0x08000924   0x0000000c   Code   RO          280    i.CAN1_RX0_IRQHandler  stm32f4xx_it.o
    0x08000930   0x00000002   Code   RO          281    i.DebugMon_Handler  stm32f4xx_it.o
    0x08000932   0x00000008   Code   RO           13    i.FunctionCANRx     main.o
    0x0800093a   0x00000008   Code   RO           14    i.FunctionCANTx     main.o
    0x08000942   0x00000002   PAD
    0x08000944   0x00000080   Code   RO           15    i.FunctionIMUdata   main.o
    0x080009c4   0x0000009c   Code   RO           16    i.FunctionUSARTTx   main.o
    0x08000a60   0x00000002   Code   RO          467    i.HAL_CAN_ErrorCallback  stm32f4xx_hal_can.o
    0x08000a62   0x000001fc   Code   RO          474    i.HAL_CAN_IRQHandler  stm32f4xx_hal_can.o
    0x08000c5e   0x0000011a   Code   RO          475    i.HAL_CAN_Init      stm32f4xx_hal_can.o
    0x08000d78   0x0000005c   Code   RO          362    i.HAL_CAN_MspInit   stm32f4xx_hal_msp.o
    0x08000dd4   0x00000002   Code   RO          482    i.HAL_CAN_RxFifo0FullCallback  stm32f4xx_hal_can.o
    0x08000dd6   0x00000002   Code   RO          483    i.HAL_CAN_RxFifo0MsgPendingCallback  stm32f4xx_hal_can.o
    0x08000dd8   0x00000002   Code   RO          484    i.HAL_CAN_RxFifo1FullCallback  stm32f4xx_hal_can.o
    0x08000dda   0x00000002   Code   RO          485    i.HAL_CAN_RxFifo1MsgPendingCallback  stm32f4xx_hal_can.o
    0x08000ddc   0x00000002   Code   RO          486    i.HAL_CAN_SleepCallback  stm32f4xx_hal_can.o
    0x08000dde   0x00000002   Code   RO          489    i.HAL_CAN_TxMailbox0AbortCallback  stm32f4xx_hal_can.o
    0x08000de0   0x00000002   Code   RO          490    i.HAL_CAN_TxMailbox0CompleteCallback  stm32f4xx_hal_can.o
    0x08000de2   0x00000002   Code   RO          491    i.HAL_CAN_TxMailbox1AbortCallback  stm32f4xx_hal_can.o
    0x08000de4   0x00000002   Code   RO          492    i.HAL_CAN_TxMailbox1CompleteCallback  stm32f4xx_hal_can.o
    0x08000de6   0x00000002   Code   RO          493    i.HAL_CAN_TxMailbox2AbortCallback  stm32f4xx_hal_can.o
    0x08000de8   0x00000002   Code   RO          494    i.HAL_CAN_TxMailbox2CompleteCallback  stm32f4xx_hal_can.o
    0x08000dea   0x00000002   Code   RO          496    i.HAL_CAN_WakeUpFromRxMsgCallback  stm32f4xx_hal_can.o
    0x08000dec   0x000001b0   Code   RO         2246    i.HAL_GPIO_Init     stm32f4xx_hal_gpio.o
    0x08000f9c   0x00000008   Code   RO         2249    i.HAL_GPIO_TogglePin  stm32f4xx_hal_gpio.o
    0x08000fa4   0x0000000a   Code   RO         2250    i.HAL_GPIO_WritePin  stm32f4xx_hal_gpio.o
    0x08000fae   0x00000002   PAD
    0x08000fb0   0x0000000c   Code   RO         2778    i.HAL_GetTick       stm32f4xx_hal.o
    0x08000fbc   0x00000010   Code   RO         2782    i.HAL_IncTick       stm32f4xx_hal.o
    0x08000fcc   0x00000034   Code   RO         2783    i.HAL_Init          stm32f4xx_hal.o
    0x08001000   0x00000074   Code   RO          421    i.HAL_InitTick      stm32f4xx_hal_timebase_tim.o
    0x08001074   0x00000084   Code   RO          363    i.HAL_MspInit       stm32f4xx_hal_msp.o
    0x080010f8   0x00000016   Code   RO         2635    i.HAL_NVIC_EnableIRQ  stm32f4xx_hal_cortex.o
    0x0800110e   0x00000002   PAD
    0x08001110   0x00000040   Code   RO         2641    i.HAL_NVIC_SetPriority  stm32f4xx_hal_cortex.o
    0x08001150   0x00000024   Code   RO         2642    i.HAL_NVIC_SetPriorityGrouping  stm32f4xx_hal_cortex.o
    0x08001174   0x00000130   Code   RO         1892    i.HAL_RCC_ClockConfig  stm32f4xx_hal_rcc.o
    0x080012a4   0x00000040   Code   RO         1896    i.HAL_RCC_GetClockConfig  stm32f4xx_hal_rcc.o
    0x080012e4   0x0000000c   Code   RO         1897    i.HAL_RCC_GetHCLKFreq  stm32f4xx_hal_rcc.o
    0x080012f0   0x00000020   Code   RO         1899    i.HAL_RCC_GetPCLK1Freq  stm32f4xx_hal_rcc.o
    0x08001310   0x00000020   Code   RO         1900    i.HAL_RCC_GetPCLK2Freq  stm32f4xx_hal_rcc.o
    0x08001330   0x00000060   Code   RO         1901    i.HAL_RCC_GetSysClockFreq  stm32f4xx_hal_rcc.o
    0x08001390   0x0000031c   Code   RO         1904    i.HAL_RCC_OscConfig  stm32f4xx_hal_rcc.o
    0x080016ac   0x00000018   Code   RO         2644    i.HAL_SYSTICK_CLKSourceConfig  stm32f4xx_hal_cortex.o
    0x080016c4   0x00000028   Code   RO         2646    i.HAL_SYSTICK_Config  stm32f4xx_hal_cortex.o
    0x080016ec   0x00000002   Code   RO         1326    i.HAL_TIMEx_BreakCallback  stm32f4xx_hal_tim_ex.o
    0x080016ee   0x00000002   Code   RO         1327    i.HAL_TIMEx_CommutationCallback  stm32f4xx_hal_tim_ex.o
    0x080016f0   0x00000050   Code   RO         1343    i.HAL_TIMEx_MasterConfigSynchronization  stm32f4xx_hal_tim_ex.o
    0x08001740   0x00000036   Code   RO          697    i.HAL_TIM_Base_Init  stm32f4xx_hal_tim.o
    0x08001776   0x00000002   PAD
    0x08001778   0x00000038   Code   RO          365    i.HAL_TIM_Base_MspInit  stm32f4xx_hal_msp.o
    0x080017b0   0x00000018   Code   RO          702    i.HAL_TIM_Base_Start_IT  stm32f4xx_hal_tim.o
    0x080017c8   0x000000f2   Code   RO          706    i.HAL_TIM_ConfigClockSource  stm32f4xx_hal_tim.o
    0x080018ba   0x00000002   Code   RO          726    i.HAL_TIM_IC_CaptureCallback  stm32f4xx_hal_tim.o
    0x080018bc   0x00000166   Code   RO          739    i.HAL_TIM_IRQHandler  stm32f4xx_hal_tim.o
    0x08001a22   0x00000002   Code   RO          742    i.HAL_TIM_OC_DelayElapsedCallback  stm32f4xx_hal_tim.o
    0x08001a24   0x00000002   Code   RO          769    i.HAL_TIM_PWM_PulseFinishedCallback  stm32f4xx_hal_tim.o
    0x08001a26   0x00000002   PAD
    0x08001a28   0x00000014   Code   RO           17    i.HAL_TIM_PeriodElapsedCallback  main.o
    0x08001a3c   0x00000002   Code   RO          780    i.HAL_TIM_TriggerCallback  stm32f4xx_hal_tim.o
    0x08001a3e   0x00000062   Code   RO         1590    i.HAL_UART_Init     stm32f4xx_hal_uart.o
    0x08001aa0   0x0000004c   Code   RO          367    i.HAL_UART_MspInit  stm32f4xx_hal_msp.o
    0x08001aec   0x000000ba   Code   RO         1598    i.HAL_UART_Transmit  stm32f4xx_hal_uart.o
    0x08001ba6   0x00000002   Code   RO          282    i.HardFault_Handler  stm32f4xx_it.o
    0x08001ba8   0x00000040   Code   RO         4115    i.IIC_Ack           iic.o
    0x08001be8   0x00000014   Code   RO         4116    i.IIC_Init          iic.o
    0x08001bfc   0x00000040   Code   RO         4117    i.IIC_NAck          iic.o
    0x08001c3c   0x00000068   Code   RO         4118    i.IIC_Read_Byte     iic.o
    0x08001ca4   0x00000060   Code   RO         4119    i.IIC_Send_Byte     iic.o
    0x08001d04   0x00000040   Code   RO         4120    i.IIC_Start         iic.o
    0x08001d44   0x00000044   Code   RO         4121    i.IIC_Stop          iic.o
    0x08001d88   0x00000054   Code   RO         4122    i.IIC_Wait_Ack      iic.o
    0x08001ddc   0x00000032   Code   RO         4788    i.MPU_Get_Accelerometer  mpu6500.o
    0x08001e0e   0x00000032   Code   RO         4789    i.MPU_Get_Gyroscope  mpu6500.o
    0x08001e40   0x00000064   Code   RO         4790    i.MPU_Get_Temperature  mpu6500.o
    0x08001ea4   0x0000006c   Code   RO         4794    i.MPU_Read_Len      mpu6500.o
    0x08001f10   0x00000052   Code   RO         4801    i.MPU_Write_Len     mpu6500.o
    0x08001f62   0x00000002   PAD
    0x08001f64   0x00000040   Code   RO           18    i.MX_CAN1_Init      main.o
    0x08001fa4   0x000000a0   Code   RO           19    i.MX_GPIO_Init      main.o
    0x08002044   0x00000050   Code   RO           20    i.MX_TIM2_Init      main.o
    0x08002094   0x00000002   Code   RO          283    i.MemManage_Handler  stm32f4xx_it.o
    0x08002096   0x00000002   Code   RO          284    i.NMI_Handler       stm32f4xx_it.o
    0x08002098   0x00000020   Code   RO         2648    i.NVIC_SetPriority  stm32f4xx_hal_cortex.o
    0x080020b8   0x0000000e   Code   RO          285    i.SysTick_Handler   stm32f4xx_it.o
    0x080020c6   0x00000002   PAD
    0x080020c8   0x000000a0   Code   RO           21    i.SystemClock_Config  main.o
    0x08002168   0x00000054   Code   RO         2937    i.SystemInit        system_stm32f4xx.o
    0x080021bc   0x0000000c   Code   RO          286    i.TIM1_UP_TIM10_IRQHandler  stm32f4xx_it.o
    0x080021c8   0x0000000c   Code   RO          287    i.TIM2_IRQHandler   stm32f4xx_it.o
    0x080021d4   0x000000c0   Code   RO          781    i.TIM_Base_SetConfig  stm32f4xx_hal_tim.o
    0x08002294   0x00000014   Code   RO          788    i.TIM_ETR_SetConfig  stm32f4xx_hal_tim.o
    0x080022a8   0x00000010   Code   RO          789    i.TIM_ITRx_SetConfig  stm32f4xx_hal_tim.o
    0x080022b8   0x00000022   Code   RO          795    i.TIM_TI1_ConfigInputStage  stm32f4xx_hal_tim.o
    0x080022da   0x00000024   Code   RO          797    i.TIM_TI2_ConfigInputStage  stm32f4xx_hal_tim.o
    0x080022fe   0x00000002   PAD
    0x08002300   0x000002ac   Code   RO         1616    i.UART_SetConfig    stm32f4xx_hal_uart.o
    0x080025ac   0x00000064   Code   RO         1618    i.UART_WaitOnFlagUntilTimeout  stm32f4xx_hal_uart.o
    0x08002610   0x00000002   Code   RO          288    i.UsageFault_Handler  stm32f4xx_it.o
    0x08002612   0x00000030   Code   RO         5239    i.__ARM_fpclassify  m_wm.l(fpclassify.o)
    0x08002642   0x00000006   PAD
    0x08002648   0x00000360   Code   RO         4889    i.__hardfp_asin     m_wm.l(asin.o)
    0x080029a8   0x000002d8   Code   RO         5205    i.__hardfp_atan     m_wm.l(atan.o)
    0x08002c80   0x000001f0   Code   RO         4903    i.__hardfp_atan2    m_wm.l(atan2.o)
    0x08002e70   0x000000f8   Code   RO         5241    i.__kernel_poly     m_wm.l(poly.o)
    0x08002f68   0x00000014   Code   RO         5220    i.__mathlib_dbl_infnan  m_wm.l(dunder.o)
    0x08002f7c   0x00000014   Code   RO         5221    i.__mathlib_dbl_infnan2  m_wm.l(dunder.o)
    0x08002f90   0x00000020   Code   RO         5222    i.__mathlib_dbl_invalid  m_wm.l(dunder.o)
    0x08002fb0   0x00000020   Code   RO         5225    i.__mathlib_dbl_underflow  m_wm.l(dunder.o)
    0x08002fd0   0x0000000e   Code   RO         5309    i.__scatterload_copy  mc_w.l(handlers.o)
    0x08002fde   0x00000002   Code   RO         5310    i.__scatterload_null  mc_w.l(handlers.o)
    0x08002fe0   0x0000000e   Code   RO         5311    i.__scatterload_zeroinit  mc_w.l(handlers.o)
    0x08002fee   0x00000002   PAD
    0x08002ff0   0x0000000c   Code   RO         5283    i.__set_errno       mc_w.l(errno.o)
    0x08002ffc   0x00000010   Code   RO         5207    i.atan              m_wm.l(atan.o)
    0x0800300c   0x00000038   Code   RO         4049    i.delay_init        delay.o
    0x08003044   0x00000038   Code   RO         4050    i.delay_ms          delay.o
    0x0800307c   0x00000034   Code   RO         4051    i.delay_us          delay.o
    0x080030b0   0x0000003a   Code   RO         4599    i.dmp_enable_6x_lp_quat  inv_mpu_dmp_motion_driver.o
    0x080030ea   0x00000002   PAD
    0x080030ec   0x000001d8   Code   RO         4600    i.dmp_enable_feature  inv_mpu_dmp_motion_driver.o
    0x080032c4   0x0000003c   Code   RO         4601    i.dmp_enable_gyro_cal  inv_mpu_dmp_motion_driver.o
    0x08003300   0x0000003a   Code   RO         4602    i.dmp_enable_lp_quat  inv_mpu_dmp_motion_driver.o
    0x0800333a   0x00000002   PAD
    0x0800333c   0x00000014   Code   RO         4607    i.dmp_load_motion_driver_firmware  inv_mpu_dmp_motion_driver.o
    0x08003350   0x00000148   Code   RO         4608    i.dmp_read_fifo     inv_mpu_dmp_motion_driver.o
    0x08003498   0x00000064   Code   RO         4612    i.dmp_set_fifo_rate  inv_mpu_dmp_motion_driver.o
    0x080034fc   0x0000010c   Code   RO         4615    i.dmp_set_orientation  inv_mpu_dmp_motion_driver.o
    0x08003608   0x00000030   Code   RO         4618    i.dmp_set_shake_reject_thresh  inv_mpu_dmp_motion_driver.o
    0x08003638   0x00000020   Code   RO         4619    i.dmp_set_shake_reject_time  inv_mpu_dmp_motion_driver.o
    0x08003658   0x00000020   Code   RO         4620    i.dmp_set_shake_reject_timeout  inv_mpu_dmp_motion_driver.o
    0x08003678   0x00000040   Code   RO         4621    i.dmp_set_tap_axes  inv_mpu_dmp_motion_driver.o
    0x080036b8   0x00000022   Code   RO         4622    i.dmp_set_tap_count  inv_mpu_dmp_motion_driver.o
    0x080036da   0x00000002   PAD
    0x080036dc   0x00000160   Code   RO         4623    i.dmp_set_tap_thresh  inv_mpu_dmp_motion_driver.o
    0x0800383c   0x00000020   Code   RO         4624    i.dmp_set_tap_time  inv_mpu_dmp_motion_driver.o
    0x0800385c   0x00000020   Code   RO         4625    i.dmp_set_tap_time_multi  inv_mpu_dmp_motion_driver.o
    0x0800387c   0x00000018   Code   RO         5235    i.fabs              m_wm.l(fabs.o)
    0x08003894   0x00000022   Code   RO         4231    i.inv_orientation_matrix_to_scalar  inv_mpu.o
    0x080038b6   0x00000048   Code   RO         4232    i.inv_row_2_scale   inv_mpu.o
    0x080038fe   0x00000002   PAD
    0x08003900   0x00000110   Code   RO           23    i.main              main.o
    0x08003a10   0x0000000c   Code   RO         3673    i.makeFreeRtosPriority  cmsis_os.o
    0x08003a1c   0x00000002   Code   RO         4233    i.mget_ms           inv_mpu.o
    0x08003a1e   0x00000050   Code   RO         4181    i.mpu9250_send_rawdata  usart.o
    0x08003a6e   0x00000002   PAD
    0x08003a70   0x00000054   Code   RO         4234    i.mpu_configure_fifo  inv_mpu.o
    0x08003ac4   0x00000164   Code   RO         4235    i.mpu_dmp_get_data  inv_mpu.o
    0x08003c28   0x0000009c   Code   RO         4236    i.mpu_dmp_init      inv_mpu.o
    0x08003cc4   0x0000003c   Code   RO         4237    i.mpu_get_accel_fsr  inv_mpu.o
    0x08003d00   0x000000d4   Code   RO         4253    i.mpu_init          inv_mpu.o
    0x08003dd4   0x000000a0   Code   RO         4254    i.mpu_load_firmware  inv_mpu.o
    0x08003e74   0x000000b8   Code   RO         4255    i.mpu_lp_accel_mode  inv_mpu.o
    0x08003f2c   0x00000094   Code   RO         4261    i.mpu_read_fifo_stream  inv_mpu.o
    0x08003fc0   0x00000054   Code   RO         4262    i.mpu_read_mem      inv_mpu.o
    0x08004014   0x00000160   Code   RO         4265    i.mpu_reset_fifo    inv_mpu.o
    0x08004174   0x00000068   Code   RO         4270    i.mpu_set_accel_fsr  inv_mpu.o
    0x080041dc   0x000000dc   Code   RO         4271    i.mpu_set_bypass    inv_mpu.o
    0x080042b8   0x00000078   Code   RO         4273    i.mpu_set_dmp_state  inv_mpu.o
    0x08004330   0x0000006c   Code   RO         4275    i.mpu_set_gyro_fsr  inv_mpu.o
    0x0800439c   0x00000064   Code   RO         4276    i.mpu_set_int_latched  inv_mpu.o
    0x08004400   0x0000006c   Code   RO         4278    i.mpu_set_lpf       inv_mpu.o
    0x0800446c   0x00000080   Code   RO         4279    i.mpu_set_sample_rate  inv_mpu.o
    0x080044ec   0x000000b8   Code   RO         4280    i.mpu_set_sensors   inv_mpu.o
    0x080045a4   0x00000054   Code   RO         4281    i.mpu_write_mem     inv_mpu.o
    0x080045f8   0x0000000e   Code   RO         3675    i.osDelay           cmsis_os.o
    0x08004606   0x0000000a   Code   RO         3678    i.osKernelStart     cmsis_os.o
    0x08004610   0x00000008   Code   RO         3687    i.osMessageCreate   cmsis_os.o
    0x08004618   0x00000026   Code   RO         3704    i.osSemaphoreCreate  cmsis_os.o
    0x0800463e   0x00000014   Code   RO         3711    i.osSystickHandler  cmsis_os.o
    0x08004652   0x0000002e   Code   RO         3712    i.osThreadCreate    cmsis_os.o
    0x08004680   0x00000070   Code   RO         3384    i.prvAddCurrentTaskToDelayedList  tasks.o
    0x080046f0   0x000000d0   Code   RO         3385    i.prvAddNewTaskToReadyList  tasks.o
    0x080047c0   0x00000050   Code   RO         3386    i.prvCheckTasksWaitingTermination  tasks.o
    0x08004810   0x00000026   Code   RO         3244    i.prvCopyDataFromQueue  queue.o
    0x08004836   0x0000006c   Code   RO         3245    i.prvCopyDataToQueue  queue.o
    0x080048a2   0x00000014   Code   RO         3387    i.prvDeleteTCB      tasks.o
    0x080048b6   0x00000002   PAD
    0x080048b8   0x0000004c   Code   RO         2971    i.prvHeapInit       heap_4.o
    0x08004904   0x00000028   Code   RO         3388    i.prvIdleTask       tasks.o
    0x0800492c   0x0000008e   Code   RO         3389    i.prvInitialiseNewTask  tasks.o
    0x080049ba   0x00000002   PAD
    0x080049bc   0x0000004c   Code   RO         2972    i.prvInsertBlockIntoFreeList  heap_4.o
    0x08004a08   0x0000001c   Code   RO         3246    i.prvIsQueueEmpty   queue.o
    0x08004a24   0x00000020   Code   RO         3390    i.prvResetNextTaskUnblockTime  tasks.o
    0x08004a44   0x00000028   Code   RO         3042    i.prvTaskExitError  port.o
    0x08004a6c   0x0000006a   Code   RO         3247    i.prvUnlockQueue    queue.o
    0x08004ad6   0x00000002   PAD
    0x08004ad8   0x000000d8   Code   RO         2973    i.pvPortMalloc      heap_4.o
    0x08004bb0   0x00000018   Code   RO         3392    i.pvTaskIncrementMutexHeldCount  tasks.o
    0x08004bc8   0x0000002c   Code   RO         3043    i.pxPortInitialiseStack  port.o
    0x08004bf4   0x00000058   Code   RO         4283    i.set_int_enable    inv_mpu.o
    0x08004c4c   0x0000006e   Code   RO         5246    i.sqrt              m_wm.l(sqrt.o)
    0x08004cba   0x00000060   Code   RO         4182    i.usart1_niming_report  usart.o
    0x08004d1a   0x00000088   Code   RO         4183    i.usart1_report_imu  usart.o
    0x08004da2   0x00000002   PAD
    0x08004da4   0x00000024   Code   RO         4184    i.usart1_send_char  usart.o
    0x08004dc8   0x00000024   Code   RO         3207    i.uxListRemove      list.o
    0x08004dec   0x00000016   Code   RO         3208    i.vListInitialise   list.o
    0x08004e02   0x00000006   Code   RO         3209    i.vListInitialiseItem  list.o
    0x08004e08   0x00000030   Code   RO         3210    i.vListInsert       list.o
    0x08004e38   0x00000018   Code   RO         3211    i.vListInsertEnd    list.o
    0x08004e50   0x00000040   Code   RO         3045    i.vPortEnterCritical  port.o
    0x08004e90   0x00000028   Code   RO         3046    i.vPortExitCritical  port.o
    0x08004eb8   0x0000005c   Code   RO         2974    i.vPortFree         heap_4.o
    0x08004f14   0x00000020   Code   RO         3047    i.vPortSetupTimerInterrupt  port.o
    0x08004f34   0x0000004c   Code   RO         3398    i.vTaskDelay        tasks.o
    0x08004f80   0x0000000c   Code   RO         3401    i.vTaskMissedYield  tasks.o
    0x08004f8c   0x00000030   Code   RO         3403    i.vTaskPlaceOnEventList  tasks.o
    0x08004fbc   0x00000084   Code   RO         3405    i.vTaskPriorityInherit  tasks.o
    0x08005040   0x00000024   Code   RO         3408    i.vTaskSetTimeOutState  tasks.o
    0x08005064   0x00000068   Code   RO         3409    i.vTaskStartScheduler  tasks.o
    0x080050cc   0x00000010   Code   RO         3411    i.vTaskSuspendAll   tasks.o
    0x080050dc   0x0000005c   Code   RO         3412    i.vTaskSwitchContext  tasks.o
    0x08005138   0x000000e0   Code   RO         3049    i.xPortStartScheduler  port.o
    0x08005218   0x0000002c   Code   RO         3050    i.xPortSysTickHandler  port.o
    0x08005244   0x00000048   Code   RO         3255    i.xQueueGenericCreate  queue.o
    0x0800528c   0x0000016c   Code   RO         3256    i.xQueueGenericReceive  queue.o
    0x080053f8   0x00000088   Code   RO         3257    i.xQueueGenericReset  queue.o
    0x08005480   0x00000160   Code   RO         3258    i.xQueueGenericSend  queue.o
    0x080055e0   0x0000006c   Code   RO         3413    i.xTaskCheckForTimeOut  tasks.o
    0x0800564c   0x00000056   Code   RO         3414    i.xTaskCreate       tasks.o
    0x080056a2   0x00000002   PAD
    0x080056a4   0x0000001c   Code   RO         3418    i.xTaskGetSchedulerState  tasks.o
    0x080056c0   0x000000c8   Code   RO         3421    i.xTaskIncrementTick  tasks.o
    0x08005788   0x00000098   Code   RO         3424    i.xTaskPriorityDisinherit  tasks.o
    0x08005820   0x00000074   Code   RO         3425    i.xTaskRemoveFromEventList  tasks.o
    0x08005894   0x000000c4   Code   RO         3427    i.xTaskResumeAll    tasks.o
    0x08005958   0x00000068   Data   RO           25    .constdata          main.o
    0x080059c0   0x00000010   Data   RO         2938    .constdata          system_stm32f4xx.o
    0x080059d0   0x00000008   Data   RO         2939    .constdata          system_stm32f4xx.o
    0x080059d8   0x0000001e   Data   RO         4284    .constdata          inv_mpu.o
    0x080059f6   0x0000000c   Data   RO         4285    .constdata          inv_mpu.o
    0x08005a02   0x00000002   PAD
    0x08005a04   0x00000030   Data   RO         4286    .constdata          inv_mpu.o
    0x08005a34   0x00000bf6   Data   RO         4627    .constdata          inv_mpu_dmp_motion_driver.o
    0x0800662a   0x00000006   PAD
    0x08006630   0x00000050   Data   RO         4892    .constdata          m_wm.l(asin.o)
    0x08006680   0x00000098   Data   RO         5208    .constdata          m_wm.l(atan.o)
    0x08006718   0x00000008   Data   RO         5243    .constdata          m_wm.l(qnan.o)
    0x08006720   0x00000030   Data   RO           26    .conststring        main.o
    0x08006750   0x00000020   Data   RO         5307    Region$$Table       anon$$obj.o


    Execution Region RW_IRAM1 (Base: 0x20000000, Size: 0x000042c0, Max: 0x00020000, ABSOLUTE)

    Base Addr    Size         Type   Attr      Idx    E Section Name        Object

    0x20000000   0x00000024   Data   RW           27    .data               main.o
    0x20000024   0x0000000c   Data   RW         2790    .data               stm32f4xx_hal.o
    0x20000030   0x00000004   Data   RW         2940    .data               system_stm32f4xx.o
    0x20000034   0x00000018   Data   RW         2979    .data               heap_4.o
    0x2000004c   0x0000000c   Data   RW         3051    .data               port.o
    0x20000058   0x0000003c   Data   RW         3430    .data               tasks.o
    0x20000094   0x00000008   Data   RW         4053    .data               delay.o
    0x2000009c   0x00000039   Data   RW         4288    .data               inv_mpu.o
    0x200000d5   0x00000003   PAD
    0x200000d8   0x00000004   Data   RW         5284    .data               mc_w.l(errno.o)
    0x200000dc   0x000000a4   Zero   RW           24    .bss                main.o
    0x20000180   0x0000003c   Zero   RW          424    .bss                stm32f4xx_hal_timebase_tim.o
    0x200001bc   0x00003c00   Zero   RW         2978    .bss                heap_4.o
    0x20003dbc   0x000000f0   Zero   RW         3429    .bss                tasks.o
    0x20003eac   0x00000010   Zero   RW         4626    .bss                inv_mpu_dmp_motion_driver.o
    0x20003ebc   0x00000004   PAD
    0x20003ec0   0x00000400   Zero   RW            1    STACK               startup_stm32f405xx.o


==============================================================================

Image component sizes


      Code (inc. data)   RO Data    RW Data    ZI Data      Debug   Object Name

       148          0          0          0          0      14474   cmsis_os.o
       164         14          0          8          0       1915   delay.o
         0          0          0          0          0       7992   event_groups.o
       460         24          0         24      15360       8675   heap_4.o
       564         68          0          0          0       4474   iic.o
      3148        110         90         57          0      22152   inv_mpu.o
      1990        120       3062          0         16      18237   inv_mpu_dmp_motion_driver.o
       136          0          0          0          0       3426   list.o
      1056         84        152         36        164     670153   main.o
       390         22          0          0          0       4354   mpu6500.o
       674         74          0         12          0      10824   port.o
      1204         14          0          0          0      10558   queue.o
        36          8        392          0       1024        816   startup_stm32f405xx.o
        80         14          0         12          0       3158   stm32f4xx_hal.o
       816          0          0          0          0       9775   stm32f4xx_hal_can.o
       218         14          0          0          0      30901   stm32f4xx_hal_cortex.o
       450         44          0          0          0       2957   stm32f4xx_hal_gpio.o
       356         36          0          0          0       2782   stm32f4xx_hal_msp.o
      1336         92          0          0          0       6137   stm32f4xx_hal_rcc.o
       984         44          0          0          0       9591   stm32f4xx_hal_tim.o
        84          0          0          0          0       2334   stm32f4xx_hal_tim_ex.o
       116         16          0          0         60       1392   stm32f4xx_hal_timebase_tim.o
      1068          8          0          0          0       4036   stm32f4xx_hal_uart.o
        62         18          0          0          0       4426   stm32f4xx_it.o
        84         18         24          4          0       1099   system_stm32f4xx.o
      2060        172          0         60        240      21905   tasks.o
       348          6          0          0          0       3029   usart.o

    ----------------------------------------------------------------------
     18070       1020       3760        216      16868     881572   Object Totals
         0          0         32          0          0          0   (incl. Generated)
        38          0          8          3          4          0   (incl. Padding)

    ----------------------------------------------------------------------

      Code (inc. data)   RO Data    RW Data    ZI Data      Debug   Library Member Name

       864         94         80          0          0        280   asin.o
       744        106        152          0          0        352   atan.o
       496         64          0          0          0        192   atan2.o
       104         16          0          0          0        496   dunder.o
        24          0          0          0          0        124   fabs.o
        48          0          0          0          0        124   fpclassify.o
       248          0          0          0          0        152   poly.o
         0          0          8          0          0          0   qnan.o
       110          0          0          0          0        148   sqrt.o
         0          0          0          0          0          0   entry.o
         0          0          0          0          0          0   entry10a.o
         0          0          0          0          0          0   entry11a.o
         8          4          0          0          0          0   entry2.o
         4          0          0          0          0          0   entry5.o
         0          0          0          0          0          0   entry7b.o
         0          0          0          0          0          0   entry8b.o
         8          4          0          0          0          0   entry9a.o
        12          6          0          4          0         68   errno.o
        30          0          0          0          0          0   handlers.o
        36          8          0          0          0         68   init.o
         0          0          0          0          0          0   iusefp.o
        30          0          0          0          0         68   llshl.o
        36          0          0          0          0         68   llsshr.o
        32          0          0          0          0         68   llushr.o
        26          0          0          0          0         80   memcmp.o
        36          0          0          0          0         68   memcpya.o
        36          0          0          0          0        108   memseta.o
        98          0          0          0          0         92   uldiv.o
        56          0          0          0          0         88   d2f.o
       334          0          0          0          0        148   dadd.o
       222          0          0          0          0        100   ddiv.o
       186          0          0          0          0        176   depilogue.o
        34          0          0          0          0         76   dflti.o
       228          0          0          0          0         96   dmul.o
       162          0          0          0          0        100   dsqrt.o
        38          0          0          0          0         68   f2d.o
       110          0          0          0          0        168   fepilogue.o

    ----------------------------------------------------------------------
      4410        302        240          4          0       3576   Library Totals
        10          0          0          0          0          0   (incl. Padding)

    ----------------------------------------------------------------------

      Code (inc. data)   RO Data    RW Data    ZI Data      Debug   Library Name

      2638        280        240          0          0       1868   m_wm.l
       392         22          0          4          0        688   mc_w.l
      1370          0          0          0          0       1020   mf_w.l

    ----------------------------------------------------------------------
      4410        302        240          4          0       3576   Library Totals

    ----------------------------------------------------------------------

==============================================================================


      Code (inc. data)   RO Data    RW Data    ZI Data      Debug   

     22480       1322       4000        220      16868     864672   Grand Totals
     22480       1322       4000        220      16868     864672   ELF Image Totals
     22480       1322       4000        220          0          0   ROM Totals

==============================================================================

    Total RO  Size (Code + RO Data)                26480 (  25.86kB)
    Total RW  Size (RW Data + ZI Data)             17088 (  16.69kB)
    Total ROM Size (Code + RO Data + RW Data)      26700 (  26.07kB)

==============================================================================

