Component: ARM Compiler 5.06 update 1 (build 61) Tool: armlink [4d35a8]

==============================================================================

Section Cross References

    startup_stm32f405xx.o(RESET) refers to startup_stm32f405xx.o(STACK) for __initial_sp
    startup_stm32f405xx.o(RESET) refers to startup_stm32f405xx.o(.text) for Reset_Handler
    startup_stm32f405xx.o(RESET) refers to stm32f4xx_it.o(i.NMI_Handler) for NMI_Handler
    startup_stm32f405xx.o(RESET) refers to stm32f4xx_it.o(i.HardFault_Handler) for HardFault_Handler
    startup_stm32f405xx.o(RESET) refers to stm32f4xx_it.o(i.MemManage_Handler) for MemManage_Handler
    startup_stm32f405xx.o(RESET) refers to stm32f4xx_it.o(i.BusFault_Handler) for BusFault_Handler
    startup_stm32f405xx.o(RESET) refers to stm32f4xx_it.o(i.UsageFault_Handler) for UsageFault_Handler
    startup_stm32f405xx.o(RESET) refers to port.o(.emb_text) for SVC_Handler
    startup_stm32f405xx.o(RESET) refers to stm32f4xx_it.o(i.DebugMon_Handler) for DebugMon_Handler
    startup_stm32f405xx.o(RESET) refers to stm32f4xx_it.o(i.SysTick_Handler) for SysTick_Handler
    startup_stm32f405xx.o(RESET) refers to stm32f4xx_it.o(i.CAN1_RX0_IRQHandler) for CAN1_RX0_IRQHandler
    startup_stm32f405xx.o(RESET) refers to stm32f4xx_it.o(i.TIM1_UP_TIM10_IRQHandler) for TIM1_UP_TIM10_IRQHandler
    startup_stm32f405xx.o(RESET) refers to stm32f4xx_it.o(i.TIM2_IRQHandler) for TIM2_IRQHandler
    startup_stm32f405xx.o(.text) refers to system_stm32f4xx.o(i.SystemInit) for SystemInit
    startup_stm32f405xx.o(.text) refers to entry.o(.ARM.Collect$$$$00000000) for __main
    main.o(i.FunctionCANopenUpdate) refers to queue.o(i.xQueueGenericReceive) for xQueueGenericReceive
    main.o(i.FunctionCANopenUpdate) refers to main.o(.data) for .data
    main.o(i.FunctionIMUdata) refers to inv_mpu.o(i.mpu_dmp_get_data) for mpu_dmp_get_data
    main.o(i.FunctionIMUdata) refers to mpu9250.o(i.MPU_Get_Temperature) for MPU_Get_Temperature
    main.o(i.FunctionIMUdata) refers to mpu9250.o(i.MPU_Get_Gyroscope) for MPU_Get_Gyroscope
    main.o(i.FunctionIMUdata) refers to mpu9250.o(i.MPU_Get_Accelerometer) for MPU_Get_Accelerometer
    main.o(i.FunctionIMUdata) refers to queue.o(i.xQueueGenericSend) for xQueueGenericSend
    main.o(i.FunctionIMUdata) refers to stm32f4xx_hal_gpio.o(i.HAL_GPIO_TogglePin) for HAL_GPIO_TogglePin
    main.o(i.FunctionIMUdata) refers to cmsis_os.o(i.osDelay) for osDelay
    main.o(i.FunctionIMUdata) refers to main.o(.data) for .data
    main.o(i.FunctionUSARTTx) refers to queue.o(i.xQueueGenericReceive) for xQueueGenericReceive
    main.o(i.FunctionUSARTTx) refers to memcpy.o(.text) for __aeabi_memcpy4
    main.o(i.FunctionUSARTTx) refers to usart.o(i.mpu9250_send_rawdata) for mpu9250_send_rawdata
    main.o(i.FunctionUSARTTx) refers to usart.o(i.usart1_report_imu) for usart1_report_imu
    main.o(i.FunctionUSARTTx) refers to main.o(.data) for .data
    main.o(i.HAL_CAN_RxFifo0MsgPendingCallback) refers to can.o(i.canReceive) for canReceive
    main.o(i.HAL_TIM_PeriodElapsedCallback) refers to stm32f4xx_hal.o(i.HAL_IncTick) for HAL_IncTick
    main.o(i.HAL_TIM_PeriodElapsedCallback) refers to timer.o(i.canTransmit) for canTransmit
    main.o(i.MX_CAN1_Init) refers to stm32f4xx_hal_can.o(i.HAL_CAN_Init) for HAL_CAN_Init
    main.o(i.MX_CAN1_Init) refers to stm32f4xx_hal_can.o(i.HAL_CAN_ConfigFilter) for HAL_CAN_ConfigFilter
    main.o(i.MX_CAN1_Init) refers to stm32f4xx_hal_can.o(i.HAL_CAN_Start) for HAL_CAN_Start
    main.o(i.MX_CAN1_Init) refers to main.o(.bss) for .bss
    main.o(i.MX_GPIO_Init) refers to stm32f4xx_hal_gpio.o(i.HAL_GPIO_WritePin) for HAL_GPIO_WritePin
    main.o(i.MX_GPIO_Init) refers to stm32f4xx_hal_gpio.o(i.HAL_GPIO_Init) for HAL_GPIO_Init
    main.o(i.MX_TIM2_Init) refers to stm32f4xx_hal_tim.o(i.HAL_TIM_Base_Init) for HAL_TIM_Base_Init
    main.o(i.MX_TIM2_Init) refers to stm32f4xx_hal_tim.o(i.HAL_TIM_ConfigClockSource) for HAL_TIM_ConfigClockSource
    main.o(i.MX_TIM2_Init) refers to stm32f4xx_hal_tim_ex.o(i.HAL_TIMEx_MasterConfigSynchronization) for HAL_TIMEx_MasterConfigSynchronization
    main.o(i.MX_TIM2_Init) refers to stm32f4xx_hal_tim.o(i.HAL_TIM_Base_Start_IT) for HAL_TIM_Base_Start_IT
    main.o(i.MX_TIM2_Init) refers to main.o(.bss) for .bss
    main.o(i.SystemClock_Config) refers to stm32f4xx_hal_rcc.o(i.HAL_RCC_OscConfig) for HAL_RCC_OscConfig
    main.o(i.SystemClock_Config) refers to stm32f4xx_hal_rcc.o(i.HAL_RCC_ClockConfig) for HAL_RCC_ClockConfig
    main.o(i.SystemClock_Config) refers to stm32f4xx_hal_rcc.o(i.HAL_RCC_GetHCLKFreq) for HAL_RCC_GetHCLKFreq
    main.o(i.SystemClock_Config) refers to stm32f4xx_hal_cortex.o(i.HAL_SYSTICK_Config) for HAL_SYSTICK_Config
    main.o(i.SystemClock_Config) refers to stm32f4xx_hal_cortex.o(i.HAL_SYSTICK_CLKSourceConfig) for HAL_SYSTICK_CLKSourceConfig
    main.o(i.SystemClock_Config) refers to stm32f4xx_hal_cortex.o(i.HAL_NVIC_SetPriority) for HAL_NVIC_SetPriority
[...]
    HAL_InitTick                             0x080015ad   Thumb Code   100  stm32f4xx_hal_timebase_tim.o(i.HAL_InitTick)
    HAL_MspInit                              0x08001621   Thumb Code   126  stm32f4xx_hal_msp.o(i.HAL_MspInit)
    HAL_NVIC_EnableIRQ                       0x080016a5   Thumb Code    22  stm32f4xx_hal_cortex.o(i.HAL_NVIC_EnableIRQ)
    HAL_NVIC_SetPriority                     0x080016bd   Thumb Code    60  stm32f4xx_hal_cortex.o(i.HAL_NVIC_SetPriority)
    HAL_NVIC_SetPriorityGrouping             0x080016fd   Thumb Code    26  stm32f4xx_hal_cortex.o(i.HAL_NVIC_SetPriorityGrouping)
    HAL_RCC_ClockConfig                      0x08001721   Thumb Code   286  stm32f4xx_hal_rcc.o(i.HAL_RCC_ClockConfig)
    HAL_RCC_GetClockConfig                   0x08001851   Thumb Code    54  stm32f4xx_hal_rcc.o(i.HAL_RCC_GetClockConfig)
    HAL_RCC_GetHCLKFreq                      0x08001891   Thumb Code     6  stm32f4xx_hal_rcc.o(i.HAL_RCC_GetHCLKFreq)
    HAL_RCC_GetPCLK1Freq                     0x0800189d   Thumb Code    20  stm32f4xx_hal_rcc.o(i.HAL_RCC_GetPCLK1Freq)
    HAL_RCC_GetPCLK2Freq                     0x080018bd   Thumb Code    20  stm32f4xx_hal_rcc.o(i.HAL_RCC_GetPCLK2Freq)
    HAL_RCC_GetSysClockFreq                  0x080018dd   Thumb Code    88  stm32f4xx_hal_rcc.o(i.HAL_RCC_GetSysClockFreq)
    HAL_RCC_OscConfig                        0x0800193d   Thumb Code   770  stm32f4xx_hal_rcc.o(i.HAL_RCC_OscConfig)
    HAL_SYSTICK_CLKSourceConfig              0x08001c59   Thumb Code    24  stm32f4xx_hal_cortex.o(i.HAL_SYSTICK_CLKSourceConfig)
    HAL_SYSTICK_Config                       0x08001c71   Thumb Code    40  stm32f4xx_hal_cortex.o(i.HAL_SYSTICK_Config)
    HAL_TIMEx_BreakCallback                  0x08001c99   Thumb Code     2  stm32f4xx_hal_tim_ex.o(i.HAL_TIMEx_BreakCallback)
    HAL_TIMEx_CommutationCallback            0x08001c9b   Thumb Code     2  stm32f4xx_hal_tim_ex.o(i.HAL_TIMEx_CommutationCallback)
    HAL_TIMEx_MasterConfigSynchronization    0x08001c9d   Thumb Code    80  stm32f4xx_hal_tim_ex.o(i.HAL_TIMEx_MasterConfigSynchronization)
    HAL_TIM_Base_Init                        0x08001ced   Thumb Code    54  stm32f4xx_hal_tim.o(i.HAL_TIM_Base_Init)
    HAL_TIM_Base_MspInit                     0x08001d25   Thumb Code    50  stm32f4xx_hal_msp.o(i.HAL_TIM_Base_MspInit)
    HAL_TIM_Base_Start_IT                    0x08001d5d   Thumb Code    24  stm32f4xx_hal_tim.o(i.HAL_TIM_Base_Start_IT)
    HAL_TIM_ConfigClockSource                0x08001d75   Thumb Code   242  stm32f4xx_hal_tim.o(i.HAL_TIM_ConfigClockSource)
    HAL_TIM_IC_CaptureCallback               0x08001e67   Thumb Code     2  stm32f4xx_hal_tim.o(i.HAL_TIM_IC_CaptureCallback)
    HAL_TIM_IRQHandler                       0x08001e69   Thumb Code   358  stm32f4xx_hal_tim.o(i.HAL_TIM_IRQHandler)
    HAL_TIM_OC_DelayElapsedCallback          0x08001fcf   Thumb Code     2  stm32f4xx_hal_tim.o(i.HAL_TIM_OC_DelayElapsedCallback)
    HAL_TIM_PWM_PulseFinishedCallback        0x08001fd1   Thumb Code     2  stm32f4xx_hal_tim.o(i.HAL_TIM_PWM_PulseFinishedCallback)
    HAL_TIM_PeriodElapsedCallback            0x08001fd5   Thumb Code    34  main.o(i.HAL_TIM_PeriodElapsedCallback)
    HAL_TIM_TriggerCallback                  0x08001ffd   Thumb Code     2  stm32f4xx_hal_tim.o(i.HAL_TIM_TriggerCallback)
    HAL_UART_Init                            0x08001fff   Thumb Code    98  stm32f4xx_hal_uart.o(i.HAL_UART_Init)
    HAL_UART_MspInit                         0x08002061   Thumb Code    64  stm32f4xx_hal_msp.o(i.HAL_UART_MspInit)
    HAL_UART_Transmit                        0x080020ad   Thumb Code   186  stm32f4xx_hal_uart.o(i.HAL_UART_Transmit)
    HardFault_Handler                        0x08002167   Thumb Code     2  stm32f4xx_it.o(i.HardFault_Handler)
    IIC_Ack                                  0x08002169   Thumb Code    56  iic.o(i.IIC_Ack)
    IIC_Init                                 0x080021a9   Thumb Code    14  iic.o(i.IIC_Init)
    IIC_NAck                                 0x080021bd   Thumb Code    56  iic.o(i.IIC_NAck)
    IIC_Read_Byte                            0x080021fd   Thumb Code    96  iic.o(i.IIC_Read_Byte)
    IIC_Send_Byte                            0x08002265   Thumb Code    86  iic.o(i.IIC_Send_Byte)
    IIC_Start                                0x080022c5   Thumb Code    56  iic.o(i.IIC_Start)
    IIC_Stop                                 0x08002305   Thumb Code    58  iic.o(i.IIC_Stop)
    IIC_Wait_Ack                             0x08002349   Thumb Code    74  iic.o(i.IIC_Wait_Ack)
    MPU_Get_Accelerometer                    0x0800239d   Thumb Code    50  mpu9250.o(i.MPU_Get_Accelerometer)
    MPU_Get_Gyroscope                        0x080023cf   Thumb Code    50  mpu9250.o(i.MPU_Get_Gyroscope)
    MPU_Get_Temperature                      0x08002401   Thumb Code    78  mpu9250.o(i.MPU_Get_Temperature)
    MPU_Read_Len                             0x08002465   Thumb Code   108  mpu9250.o(i.MPU_Read_Len)
    MPU_Write_Len                            0x080024d1   Thumb Code    82  mpu9250.o(i.MPU_Write_Len)
    MemManage_Handler                        0x0800267d   Thumb Code     2  stm32f4xx_it.o(i.MemManage_Handler)
    NMI_Handler                              0x0800267f   Thumb Code     2  stm32f4xx_it.o(i.NMI_Handler)
    OD_OI_Reg                                0x080026a1   Thumb Code    98  objectdictionary.o(i.OD_OI_Reg)
    OnCOB_ID_SyncUpdate                      0x0800277d   Thumb Code    10  sync.o(i.OnCOB_ID_SyncUpdate)
    OnHeartbeatProducerUpdate                0x08002787   Thumb Code    18  lifegrd.o(i.OnHeartbeatProducerUpdate)
    OnNodeGuardUpdate                        0x08002799   Thumb Code    18  lifegrd.o(i.OnNodeGuardUpdate)
    OnNumberOfErrorsUpdate                   0x080027ad   Thumb Code    40  emcy.o(i.OnNumberOfErrorsUpdate)
    PDOEventTimerAlarm                       0x080027d5   Thumb Code    40  pdo.o(i.PDOEventTimerAlarm)
    PDOInhibitTimerAlarm                     0x080027fd   Thumb Code    42  pdo.o(i.PDOInhibitTimerAlarm)
    PDOInit                                  0x08002829   Thumb Code   156  pdo.o(i.PDOInit)
    PDOStop                                  0x080028d1   Thumb Code   154  pdo.o(i.PDOStop)
    ProducerHeartbeatAlarm                   0x08002979   Thumb Code    86  lifegrd.o(i.ProducerHeartbeatAlarm)
    RegisterSetODentryCallBack               0x080029cf   Thumb Code    24  objacces.o(i.RegisterSetODentryCallBack)
    SDOTimeoutAlarm                          0x080029e9   Thumb Code   234  sdo.o(i.SDOTimeoutAlarm)
    SDOlineToObjdict                         0x08002ae5   Thumb Code    52  sdo.o(i.SDOlineToObjdict)
    SDOtoLine                                0x08002b19   Thumb Code    58  sdo.o(i.SDOtoLine)
    SetAlarm                                 0x08002b55   Thumb Code   152  timer.o(i.SetAlarm)
    SyncAlarm                                0x08002bed   Thumb Code     4  sync.o(i.SyncAlarm)
    SysTick_Handler                          0x08002bf1   Thumb Code    14  stm32f4xx_it.o(i.SysTick_Handler)
    SystemClock_Config                       0x08002c01   Thumb Code   152  main.o(i.SystemClock_Config)
    SystemInit                               0x08002ca1   Thumb Code    66  system_stm32f4xx.o(i.SystemInit)
    TIM1_UP_TIM10_IRQHandler                 0x08002cf5   Thumb Code     6  stm32f4xx_it.o(i.TIM1_UP_TIM10_IRQHandler)
    TIM2_IRQHandler                          0x08002d01   Thumb Code     6  stm32f4xx_it.o(i.TIM2_IRQHandler)
    TIM_Base_SetConfig                       0x08002d0d   Thumb Code   148  stm32f4xx_hal_tim.o(i.TIM_Base_SetConfig)
    TPDO_Communication_Parameter_Callback    0x08002e39   Thumb Code   144  pdo.o(i.TPDO_Communication_Parameter_Callback)
    TestSlave_initialisation                 0x08002ed1   Thumb Code   594  states.o(i.TestSlave_initialisation)
    TestSlave_valueRangeTest                 0x08003141   Thumb Code    16  testslave.o(i.TestSlave_valueRangeTest)
    TimeDispatch                             0x08003155   Thumb Code   184  timer.o(i.TimeDispatch)
    UsageFault_Handler                       0x0800351d   Thumb Code     2  stm32f4xx_it.o(i.UsageFault_Handler)
    _RxPDO_EventTimers_Handler               0x0800351f   Thumb Code     2  pdo.o(i._RxPDO_EventTimers_Handler)
    __ARM_fpclassify                         0x08003521   Thumb Code    48  fpclassify.o(i.__ARM_fpclassify)
    __hardfp_asin                            0x08003551   Thumb Code   770  asin.o(i.__hardfp_asin)
    __hardfp_atan                            0x080038b1   Thumb Code   622  atan.o(i.__hardfp_atan)
    __hardfp_atan2                           0x08003b89   Thumb Code   432  atan2.o(i.__hardfp_atan2)
    __kernel_poly                            0x08003d79   Thumb Code   248  poly.o(i.__kernel_poly)
    __mathlib_dbl_infnan                     0x08003e71   Thumb Code    20  dunder.o(i.__mathlib_dbl_infnan)
    __mathlib_dbl_infnan2                    0x08003e85   Thumb Code    20  dunder.o(i.__mathlib_dbl_infnan2)
    __mathlib_dbl_invalid                    0x08003e99   Thumb Code    24  dunder.o(i.__mathlib_dbl_invalid)
    __mathlib_dbl_underflow                  0x08003eb9   Thumb Code    24  dunder.o(i.__mathlib_dbl_underflow)
    __scatterload_copy                       0x08003ed9   Thumb Code    14  handlers.o(i.__scatterload_copy)
    __scatterload_null                       0x08003ee7   Thumb Code     2  handlers.o(i.__scatterload_null)
    __scatterload_zeroinit                   0x08003ee9   Thumb Code    14  handlers.o(i.__scatterload_zeroinit)
    __set_errno                              0x08003ef9   Thumb Code     6  errno.o(i.__set_errno)
    _getODentry                              0x08003f05   Thumb Code   162  objacces.o(i._getODentry)
    _heartbeatError                          0x08003fb1   Thumb Code     2  lifegrd.o(i._heartbeatError)
    _nodeguardError                          0x08003fb3   Thumb Code     2  lifegrd.o(i._nodeguardError)
    _operational                             0x08003fb5   Thumb Code     2  states.o(i._operational)
    _post_SlaveBootup                        0x08003fb7   Thumb Code     2  lifegrd.o(i._post_SlaveBootup)
    _post_SlaveStateChange                   0x08003fb9   Thumb Code     2  lifegrd.o(i._post_SlaveStateChange)
    _post_TPDO                               0x08003fbb   Thumb Code     2  sync.o(i._post_TPDO)
    _post_emcy                               0x08003fbd   Thumb Code     2  emcy.o(i._post_emcy)
    _post_sync                               0x08003fbf   Thumb Code     2  sync.o(i._post_sync)
    _preOperational                          0x08003fc1   Thumb Code    16  states.o(i._preOperational)
    _sendPDOevent                            0x08003fd1   Thumb Code   344  pdo.o(i._sendPDOevent)
    _setODentry                              0x08004131   Thumb Code   178  objacces.o(i._setODentry)
    _stopped                                 0x080041f1   Thumb Code     2  states.o(i._stopped)
    _storeODSubIndex                         0x080041f3   Thumb Code     2  objacces.o(i._storeODSubIndex)
    atan                                     0x080041f5   Thumb Code    16  atan.o(i.atan)
    buildPDO                                 0x08004205   Thumb Code   268  pdo.o(i.buildPDO)
    canDispatch                              0x08004315   Thumb Code   146  states.o(i.canDispatch)
    canReceive                               0x080043a9   Thumb Code    76  can.o(i.canReceive)
    canSend                                  0x080043fd   Thumb Code   120  can.o(i.canSend)
    canTransmit                              0x0800447d   Thumb Code    20  timer.o(i.canTransmit)
    data_length                              0x08004499   Thumb Code    70  objectdictionary.o(i.data_length)
    delay_init                               0x080044e9   Thumb Code    50  delay.o(i.delay_init)
    delay_ms                                 0x08004521   Thumb Code    52  delay.o(i.delay_ms)
    delay_us                                 0x08004559   Thumb Code    48  delay.o(i.delay_us)
    dmp_enable_6x_lp_quat                    0x0800458d   Thumb Code    58  inv_mpu_dmp_motion_driver.o(i.dmp_enable_6x_lp_quat)
    dmp_enable_feature                       0x080045c9   Thumb Code   464  inv_mpu_dmp_motion_driver.o(i.dmp_enable_feature)
    dmp_enable_gyro_cal                      0x080047a1   Thumb Code    34  inv_mpu_dmp_motion_driver.o(i.dmp_enable_gyro_cal)
    dmp_enable_lp_quat                       0x080047dd   Thumb Code    58  inv_mpu_dmp_motion_driver.o(i.dmp_enable_lp_quat)
    dmp_load_motion_driver_firmware          0x08004819   Thumb Code    16  inv_mpu_dmp_motion_driver.o(i.dmp_load_motion_driver_firmware)
    dmp_read_fifo                            0x0800482d   Thumb Code   324  inv_mpu_dmp_motion_driver.o(i.dmp_read_fifo)
    dmp_set_fifo_rate                        0x08004975   Thumb Code    82  inv_mpu_dmp_motion_driver.o(i.dmp_set_fifo_rate)
    dmp_set_orientation                      0x080049d9   Thumb Code   246  inv_mpu_dmp_motion_driver.o(i.dmp_set_orientation)
    dmp_set_shake_reject_thresh              0x08004ae5   Thumb Code    48  inv_mpu_dmp_motion_driver.o(i.dmp_set_shake_reject_thresh)
    dmp_set_shake_reject_time                0x08004b15   Thumb Code    32  inv_mpu_dmp_motion_driver.o(i.dmp_set_shake_reject_time)
    dmp_set_shake_reject_timeout             0x08004b35   Thumb Code    32  inv_mpu_dmp_motion_driver.o(i.dmp_set_shake_reject_timeout)
    dmp_set_tap_axes                         0x08004b55   Thumb Code    64  inv_mpu_dmp_motion_driver.o(i.dmp_set_tap_axes)
    dmp_set_tap_count                        0x08004b95   Thumb Code    34  inv_mpu_dmp_motion_driver.o(i.dmp_set_tap_count)
    dmp_set_tap_thresh                       0x08004bb9   Thumb Code   314  inv_mpu_dmp_motion_driver.o(i.dmp_set_tap_thresh)
    dmp_set_tap_time                         0x08004d19   Thumb Code    32  inv_mpu_dmp_motion_driver.o(i.dmp_set_tap_time)
    dmp_set_tap_time_multi                   0x08004d39   Thumb Code    32  inv_mpu_dmp_motion_driver.o(i.dmp_set_tap_time_multi)
    emergencyInit                            0x08004d59   Thumb Code    22  emcy.o(i.emergencyInit)
    emergencyStop                            0x08004d79   Thumb Code     2  emcy.o(i.emergencyStop)
    fabs                                     0x08004d7b   Thumb Code    24  fabs.o(i.fabs)
    failedSDO                                0x08004d95   Thumb Code   202  sdo.o(i.failedSDO)
    find_object                              0x08004e6d   Thumb Code   174  objectdictionary.o(i.find_object)
    getElapsedTime                           0x08004f25   Thumb Code    44  timer.o(i.getElapsedTime)
    getNodeId                                0x08004f51   Thumb Code     6  states.o(i.getNodeId)
    getSDOfreeLine                           0x08004f57   Thumb Code    56  sdo.o(i.getSDOfreeLine)
    getSDOlineOnUse                          0x08004f8f   Thumb Code    62  sdo.o(i.getSDOlineOnUse)
    getSDOlineRestBytes                      0x08004fcd   Thumb Code    26  sdo.o(i.getSDOlineRestBytes)
    heartbeatInit                            0x08004fe9   Thumb Code   136  lifegrd.o(i.heartbeatInit)
    heartbeatStop                            0x08005081   Thumb Code    88  lifegrd.o(i.heartbeatStop)
    index_Partition                          0x080050e1   Thumb Code    78  objectdictionary.o(i.index_Partition)
    initSDOline                              0x08005131   Thumb Code   156  sdo.o(i.initSDOline)
    inv_orientation_matrix_to_scalar         0x080051d5   Thumb Code    34  inv_mpu.o(i.inv_orientation_matrix_to_scalar)
    inv_row_2_scale                          0x080051f7   Thumb Code    72  inv_mpu.o(i.inv_row_2_scale)
    lifeGuardInit                            0x0800523f   Thumb Code    18  lifegrd.o(i.lifeGuardInit)
    lifeGuardStop                            0x08005251   Thumb Code    18  lifegrd.o(i.lifeGuardStop)
    lineToSDO                                0x08005263   Thumb Code    64  sdo.o(i.lineToSDO)
    main                                     0x080052a5   Thumb Code   190  main.o(i.main)
    masterSendNMTnodeguard                   0x08005389   Thumb Code    30  nmtmaster.o(i.masterSendNMTnodeguard)
    masterSendNMTstateChange                 0x080053a7   Thumb Code    34  nmtmaster.o(i.masterSendNMTstateChange)
    mget_ms                                  0x080053c9   Thumb Code     2  inv_mpu.o(i.mget_ms)
    mpu9250_send_rawdata                     0x080053cb   Thumb Code    80  usart.o(i.mpu9250_send_rawdata)
    mpu_configure_fifo                       0x0800541d   Thumb Code    78  inv_mpu.o(i.mpu_configure_fifo)
    mpu_dmp_get_data                         0x08005471   Thumb Code   344  inv_mpu.o(i.mpu_dmp_get_data)
    mpu_dmp_init                             0x080055d5   Thumb Code   150  inv_mpu.o(i.mpu_dmp_init)
    mpu_get_accel_fsr                        0x08005671   Thumb Code    54  inv_mpu.o(i.mpu_get_accel_fsr)
    mpu_init                                 0x080056ad   Thumb Code   208  inv_mpu.o(i.mpu_init)
    mpu_load_firmware                        0x08005781   Thumb Code   154  inv_mpu.o(i.mpu_load_firmware)
    mpu_lp_accel_mode                        0x08005821   Thumb Code   180  inv_mpu.o(i.mpu_lp_accel_mode)
    mpu_read_fifo_stream                     0x080058d9   Thumb Code   144  inv_mpu.o(i.mpu_read_fifo_stream)
    mpu_read_mem                             0x0800596d   Thumb Code    80  inv_mpu.o(i.mpu_read_mem)
    mpu_reset_fifo                           0x080059c1   Thumb Code   346  inv_mpu.o(i.mpu_reset_fifo)
    mpu_set_accel_fsr                        0x08005b21   Thumb Code    98  inv_mpu.o(i.mpu_set_accel_fsr)
    mpu_set_bypass                           0x08005b89   Thumb Code   214  inv_mpu.o(i.mpu_set_bypass)
    mpu_set_dmp_state                        0x08005c65   Thumb Code   114  inv_mpu.o(i.mpu_set_dmp_state)
    mpu_set_gyro_fsr                         0x08005cdd   Thumb Code   104  inv_mpu.o(i.mpu_set_gyro_fsr)
    mpu_set_int_latched                      0x08005d49   Thumb Code    94  inv_mpu.o(i.mpu_set_int_latched)
    mpu_set_lpf                              0x08005dad   Thumb Code   102  inv_mpu.o(i.mpu_set_lpf)
    mpu_set_sample_rate                      0x08005e19   Thumb Code   124  inv_mpu.o(i.mpu_set_sample_rate)
    mpu_set_sensors                          0x08005e99   Thumb Code   178  inv_mpu.o(i.mpu_set_sensors)
    mpu_write_mem                            0x08005f51   Thumb Code    80  inv_mpu.o(i.mpu_write_mem)
    name_Partition                           0x08005fa5   Thumb Code    94  objectdictionary.o(i.name_Partition)
    nodeguardInit                            0x08006005   Thumb Code   116  lifegrd.o(i.nodeguardInit)
    nodeguardStop                            0x08006089   Thumb Code    34  lifegrd.o(i.nodeguardStop)
    objdictToSDOline                         0x080060b1   Thumb Code    64  sdo.o(i.objdictToSDOline)
    osDelay                                  0x080060f1   Thumb Code    14  cmsis_os.o(i.osDelay)
    osKernelStart                            0x080060ff   Thumb Code    10  cmsis_os.o(i.osKernelStart)
    osMessageCreate                          0x08006109   Thumb Code     8  cmsis_os.o(i.osMessageCreate)
    osSystickHandler                         0x08006111   Thumb Code    20  cmsis_os.o(i.osSystickHandler)
    osThreadCreate                           0x08006125   Thumb Code    46  cmsis_os.o(i.osThreadCreate)
    proceedEMCY                              0x08006153   Thumb Code    34  emcy.o(i.proceedEMCY)
    proceedNMTstateChange                    0x08006175   Thumb Code   150  nmtslave.o(i.proceedNMTstateChange)
    proceedNODE_GUARD                        0x0800620d   Thumb Code   272  lifegrd.o(i.proceedNODE_GUARD)
    proceedPDO                               0x08006321   Thumb Code   708  pdo.o(i.proceedPDO)
    proceedSDO                               0x080065f9   Thumb Code  5912  sdo.o(i.proceedSDO)
    proceedSYNC                              0x08007d11   Thumb Code    40  sync.o(i.proceedSYNC)
    pvPortMalloc                             0x08008191   Thumb Code   210  heap_4.o(i.pvPortMalloc)
    pvTaskIncrementMutexHeldCount            0x08008269   Thumb Code    18  tasks.o(i.pvTaskIncrementMutexHeldCount)
    pxPortInitialiseStack                    0x08008281   Thumb Code    40  port.o(i.pxPortInitialiseStack)
    resetSDO                                 0x080082ad   Thumb Code    24  sdo.o(i.resetSDO)
    resetSDOline                             0x080082c5   Thumb Code    58  sdo.o(i.resetSDOline)
    sendOnePDOevent                          0x08008301   Thumb Code   346  pdo.o(i.sendOnePDOevent)
    sendSDO                                  0x080084b1   Thumb Code   180  sdo.o(i.sendSDO)
    sendSDOabort                             0x08008571   Thumb Code    56  sdo.o(i.sendSDOabort)
    sendSYNC                                 0x080085a9   Thumb Code    34  sync.o(i.sendSYNC)
    sendSYNCMessage                          0x080085cd   Thumb Code    60  sync.o(i.sendSYNCMessage)
    setNodeId                                0x0800860d   Thumb Code   432  states.o(i.setNodeId)
    setSDOlineRestBytes                      0x080087d1   Thumb Code    26  sdo.o(i.setSDOlineRestBytes)
    setState                                 0x080087ed   Thumb Code   166  states.o(i.setState)
    setTimer                                 0x08008899   Thumb Code    24  timer.o(i.setTimer)
    slaveSendBootUp                          0x08008909   Thumb Code    38  nmtslave.o(i.slaveSendBootUp)
    sort_by_index                            0x0800892f   Thumb Code    38  objectdictionary.o(i.sort_by_index)
    sort_by_name                             0x08008955   Thumb Code    42  objectdictionary.o(i.sort_by_name)
    sqrt                                     0x0800897f   Thumb Code   110  sqrt.o(i.sqrt)
    startSYNC                                0x080089ed   Thumb Code    88  sync.o(i.startSYNC)
    stopSYNC                                 0x08008a55   Thumb Code    52  sync.o(i.stopSYNC)
    swap                                     0x08008a95   Thumb Code    20  objectdictionary.o(i.swap)
    switchCommunicationState                 0x08008aa9   Thumb Code   234  states.o(i.switchCommunicationState)
    usart1_niming_report                     0x08008b93   Thumb Code    96  usart.o(i.usart1_niming_report)
    usart1_report_imu                        0x08008bf3   Thumb Code   136  usart.o(i.usart1_report_imu)
    usart1_send_char                         0x08008c7d   Thumb Code    30  usart.o(i.usart1_send_char)
    uxListRemove                             0x08008ca1   Thumb Code    36  list.o(i.uxListRemove)
    vListInitialise                          0x08008cc5   Thumb Code    22  list.o(i.vListInitialise)
    vListInitialiseItem                      0x08008cdb   Thumb Code     6  list.o(i.vListInitialiseItem)
    vListInsert                              0x08008ce1   Thumb Code    48  list.o(i.vListInsert)
    vListInsertEnd                           0x08008d11   Thumb Code    24  list.o(i.vListInsertEnd)
    vPortEnterCritical                       0x08008d29   Thumb Code    54  port.o(i.vPortEnterCritical)
    vPortExitCritical                        0x08008d69   Thumb Code    34  port.o(i.vPortExitCritical)
    vPortFree                                0x08008d91   Thumb Code    88  heap_4.o(i.vPortFree)
    vPortSetupTimerInterrupt                 0x08008ded   Thumb Code    26  port.o(i.vPortSetupTimerInterrupt)
    vTaskDelay                               0x08008e0d   Thumb Code    66  tasks.o(i.vTaskDelay)
    vTaskMissedYield                         0x08008e59   Thumb Code     8  tasks.o(i.vTaskMissedYield)
    vTaskPlaceOnEventList                    0x08008e65   Thumb Code    44  tasks.o(i.vTaskPlaceOnEventList)
    vTaskPriorityInherit                     0x08008e95   Thumb Code   124  tasks.o(i.vTaskPriorityInherit)
    vTaskSetTimeOutState                     0x08008f19   Thumb Code    30  tasks.o(i.vTaskSetTimeOutState)
    vTaskStartScheduler                      0x08008f3d   Thumb Code    86  tasks.o(i.vTaskStartScheduler)
    vTaskSuspendAll                          0x08008fa5   Thumb Code    10  tasks.o(i.vTaskSuspendAll)
    vTaskSwitchContext                       0x08008fb5   Thumb Code    82  tasks.o(i.vTaskSwitchContext)
    xPortStartScheduler                      0x08009011   Thumb Code   202  port.o(i.xPortStartScheduler)
    xPortSysTickHandler                      0x080090f1   Thumb Code    38  port.o(i.xPortSysTickHandler)
    xQueueGenericCreate                      0x0800911d   Thumb Code    72  queue.o(i.xQueueGenericCreate)
    xQueueGenericReceive                     0x08009165   Thumb Code   360  queue.o(i.xQueueGenericReceive)
    xQueueGenericReset                       0x080092d1   Thumb Code   132  queue.o(i.xQueueGenericReset)
    xQueueGenericSend                        0x08009359   Thumb Code   346  queue.o(i.xQueueGenericSend)
    xTaskCheckForTimeOut                     0x080094b9   Thumb Code   102  tasks.o(i.xTaskCheckForTimeOut)
    xTaskCreate                              0x08009525   Thumb Code    86  tasks.o(i.xTaskCreate)
    xTaskGetSchedulerState                   0x0800957d   Thumb Code    22  tasks.o(i.xTaskGetSchedulerState)
    xTaskIncrementTick                       0x08009599   Thumb Code   192  tasks.o(i.xTaskIncrementTick)
    xTaskPriorityDisinherit                  0x08009661   Thumb Code   144  tasks.o(i.xTaskPriorityDisinherit)
    xTaskRemoveFromEventList                 0x080096f9   Thumb Code   108  tasks.o(i.xTaskRemoveFromEventList)
    xTaskResumeAll                           0x0800976d   Thumb Code   182  tasks.o(i.xTaskResumeAll)
    AHBPrescTable                            0x0800987c   Data          16  system_stm32f4xx.o(.constdata)
    APBPrescTable                            0x0800988c   Data           8  system_stm32f4xx.o(.constdata)
    reg                                      0x08009894   Data          30  inv_mpu.o(.constdata)
    hw                                       0x080098b2   Data          12  inv_mpu.o(.constdata)
    test                                     0x080098c0   Data          48  inv_mpu.o(.constdata)
    __mathlib_zero                           0x0800a610   Data           8  qnan.o(.constdata)
    Region$$Table$$Base                      0x0800b794   Number         0  anon$$obj.o(Region$$Table)
    Region$$Table$$Limit                     0x0800b7b4   Number         0  anon$$obj.o(Region$$Table)
    TaskIMUdataHandle                        0x20000000   Data           4  main.o(.data)
    TaskUSARTTxHandle                        0x20000004   Data           4  main.o(.data)
    TaskCANopenUpdateHandle                  0x20000008   Data           4  main.o(.data)
    QueueUSARTTxHandle                       0x2000000c   Data           4  main.o(.data)
    QueueCANopenUpdateHandle                 0x20000010   Data           4  main.o(.data)
    uwTickFreq                               0x20000014   Data           1  stm32f4xx_hal.o(.data)
    uwTickPrio                               0x20000018   Data           4  stm32f4xx_hal.o(.data)
    uwTick                                   0x2000001c   Data           4  stm32f4xx_hal.o(.data)
    SystemCoreClock                          0x20000020   Data           4  system_stm32f4xx.o(.data)
    pxCurrentTCB                             0x20000048   Data           4  tasks.o(.data)
    cnt                                      0x2000008c   Data           4  inv_mpu.o(.data)
    TestSlave_bDeviceNodeId                  0x200000c6   Data           2  testslave.o(.data)
    TestSlave_iam_a_slave                    0x200000c8   Data           2  testslave.o(.data)
    TestSlave_heartBeatTimers                0x200000ca   Data           8  testslave.o(.data)
    TestSlave_obj1000                        0x200000d4   Data           4  testslave.o(.data)
    TestSlave_obj1001                        0x200000d8   Data           1  testslave.o(.data)
    TestSlave_highestSubIndex_obj1003        0x200000d9   Data           1  testslave.o(.data)
    Error_Field                              0x200000dc   Data         252  testslave.o(.data)
    TestSlave_obj1005                        0x200001d8   Data           4  testslave.o(.data)
    TestSlave_obj1006                        0x200001dc   Data           4  testslave.o(.data)
    TestSlave_obj100C                        0x200001e0   Data           2  testslave.o(.data)
    TestSlave_obj100D                        0x200001e2   Data           1  testslave.o(.data)
    TestSlave_highestSubIndex_obj1010        0x200001e3   Data           1  testslave.o(.data)
    Store_parameters                         0x200001e4   Data         168  testslave.o(.data)
    TestSlave_highestSubIndex_obj1011        0x2000028c   Data           1  testslave.o(.data)
    Restore_Default_Parameters               0x20000290   Data         168  testslave.o(.data)
    TestSlave_obj1014                        0x20000338   Data           4  testslave.o(.data)
    TestSlave_highestSubIndex_obj1016        0x2000033c   Data           1  testslave.o(.data)
    Consumer_Heartbeat_Time                  0x20000340   Data         140  testslave.o(.data)
    TestSlave_obj1017                        0x200003cc   Data           2  testslave.o(.data)
    TestSlave_highestSubIndex_obj1018        0x200003ce   Data           1  testslave.o(.data)
    Identity                                 0x200003d0   Data         140  testslave.o(.data)
    TestSlave_highestSubIndex_obj1200        0x2000045c   Data           1  testslave.o(.data)
    TestSlave_obj1200                        0x20000460   Data          12  testslave.o(.data)
    Server_SDO_Parameter                     0x2000046c   Data         112  testslave.o(.data)
    TestSlave_highestSubIndex_obj1280        0x200004dc   Data           1  testslave.o(.data)
    TestSlave_obj1280                        0x200004e0   Data          12  testslave.o(.data)
    Client_SDO_Parameter                     0x200004ec   Data         112  testslave.o(.data)
    TestSlave_highestSubIndex_obj1400        0x2000055c   Data           1  testslave.o(.data)
    TestSlave_obj1400                        0x20000560   Data          20  testslave.o(.data)
    Receive_PDO_1_Parameter                  0x20000574   Data         168  testslave.o(.data)
    TestSlave_highestSubIndex_obj1401        0x2000061c   Data           1  testslave.o(.data)
    TestSlave_obj1401                        0x20000620   Data          20  testslave.o(.data)
    Receive_PDO_2_Parameter                  0x20000634   Data         168  testslave.o(.data)
    TestSlave_highestSubIndex_obj1402        0x200006dc   Data           1  testslave.o(.data)
    TestSlave_obj1402                        0x200006e0   Data          20  testslave.o(.data)
    Receive_PDO_3_Parameter                  0x200006f4   Data         168  testslave.o(.data)
    TestSlave_highestSubIndex_obj1403        0x2000079c   Data           1  testslave.o(.data)
    TestSlave_obj1403                        0x200007a0   Data          20  testslave.o(.data)
    Receive_PDO_4_Parameter                  0x200007b4   Data         168  testslave.o(.data)
    TestSlave_highestSubIndex_obj1404        0x2000085c   Data           1  testslave.o(.data)
    TestSlave_obj1404                        0x20000860   Data          20  testslave.o(.data)
    Receive_PDO_5_Parameter                  0x20000874   Data         168  testslave.o(.data)
    TestSlave_highestSubIndex_obj1600        0x2000091c   Data           1  testslave.o(.data)
    Receive_PDO_1_Mapping                    0x20000920   Data         140  testslave.o(.data)
    TestSlave_highestSubIndex_obj1601        0x200009ac   Data           1  testslave.o(.data)
    Receive_PDO_2_Mapping                    0x200009b0   Data         252  testslave.o(.data)
    TestSlave_highestSubIndex_obj1602        0x20000aac   Data           1  testslave.o(.data)
    Receive_PDO_3_Mapping                    0x20000ab0   Data         140  testslave.o(.data)
    TestSlave_highestSubIndex_obj1603        0x20000b3c   Data           1  testslave.o(.data)
    TestSlave_obj1603                        0x20000b40   Data           4  testslave.o(.data)
    Receive_PDO_4_Mapping                    0x20000b44   Data          56  testslave.o(.data)
    TestSlave_highestSubIndex_obj1604        0x20000b7c   Data           1  testslave.o(.data)
    TestSlave_obj1604                        0x20000b80   Data           4  testslave.o(.data)
    Receive_PDO_5_Mapping                    0x20000b84   Data          56  testslave.o(.data)
    TestSlave_highestSubIndex_obj1800        0x20000bbc   Data           1  testslave.o(.data)
    TestSlave_obj1800                        0x20000bc0   Data          20  testslave.o(.data)
    Transmit_PDO_1_Parameter                 0x20000bd4   Data         168  testslave.o(.data)
    TestSlave_highestSubIndex_obj1A00        0x20000c7c   Data           1  testslave.o(.data)
    TestSlave_obj1A00                        0x20000c80   Data           8  testslave.o(.data)
    Transmit_PDO_1_Mapping                   0x20000c88   Data          84  testslave.o(.data)
    TestSlave_Obj2000                        0x20000cdc   Data          56  testslave.o(.data)
    TPDO1DATA1                               0x20000d14   Data           4  testslave.o(.data)
    TPDO1DATA2                               0x20000d18   Data           4  testslave.o(.data)
    TestSlave_Obj2002                        0x20000d1c   Data          56  testslave.o(.data)
    TPDO2DATA1                               0x20000d54   Data           4  testslave.o(.data)
    TPDO2DATA2                               0x20000d58   Data           4  testslave.o(.data)
    TPDO2DATA3                               0x20000d5c   Data           4  testslave.o(.data)
    TPDO2DATA4                               0x20000d60   Data           4  testslave.o(.data)
    TPDO2DATA5                               0x20000d64   Data           4  testslave.o(.data)
    TPDO2DATA6                               0x20000d68   Data           4  testslave.o(.data)
    TPDO2DATA7                               0x20000d6c   Data           4  testslave.o(.data)
    TPDO2DATA8                               0x20000d70   Data           4  testslave.o(.data)
    TestSlave_Obj2003                        0x20000d74   Data         224  testslave.o(.data)
    timetest1                                0x20000e54   Data          28  testslave.o(.data)
    Timelength                               0x20000e70   Data           4  testslave.o(.data)
    timetest2                                0x20000e74   Data          28  testslave.o(.data)
    cost1                                    0x20000e90   Data          36  testslave.o(.data)
    Costlength                               0x20000eb4   Data           4  testslave.o(.data)
    IMU_Data                                 0x20000eb8   Data          84  testslave.o(.data)
    TestSlave_objdict                        0x20000f0c   Data         952  testslave.o(.data)
    TestSlave_PDO_status                     0x200012c4   Data          90  testslave.o(.data)
    TestSlave_ObjdictSize                    0x2000131e   Data           2  testslave.o(.data)
    TestSlave_Data                           0x20001320   Data        7064  testslave.o(.data)
    RPDO1DATA1                               0x20002eb8   Data           4  testslave.o(.data)
    RPDO1DATA2                               0x20002ebc   Data           4  testslave.o(.data)
    master_send_faild                        0x20002ec0   Data           4  can.o(.data)
    slave_send_faild                         0x20002ec4   Data           4  can.o(.data)
    xin                                      0x20002ec8   Data           4  objectdictionary.o(.data)
    testbreakpoint                           0x20002ecc   Data           4  pdo.o(.data)
    breakpoints                              0x20002ed0   Data           4  sdo.o(.data)
    flag                                     0x20002ed4   Data           4  sdo.o(.data)
    sizeUNS8                                 0x20002ed8   Data           4  states.o(.data)
    sizeUNS16                                0x20002edc   Data           4  states.o(.data)
    sizeUNS32                                0x20002ee0   Data           4  states.o(.data)
    test_sync_slave                          0x20002ee4   Data           4  sync.o(.data)
    test_sync_master                         0x20002ee8   Data           4  sync.o(.data)
    hcan1                                    0x20002ef0   Data          40  main.o(.bss)
    htim2                                    0x20002f18   Data          60  main.o(.bss)
    huart1                                   0x20002f54   Data          64  main.o(.bss)
    htim1                                    0x20002f94   Data          60  stm32f4xx_hal_timebase_tim.o(.bss)
    TestSlave_obj1003                        0x20006cd0   Data          32  testslave.o(.bss)
    TestSlave_obj1010                        0x20006cf0   Data          16  testslave.o(.bss)
    TestSlave_obj1011                        0x20006d00   Data          20  testslave.o(.bss)
    TestSlave_obj1016                        0x20006d14   Data          16  testslave.o(.bss)
    TestSlave_obj1018                        0x20006d24   Data          16  testslave.o(.bss)
    TestSlave_obj1600                        0x20006d34   Data          16  testslave.o(.bss)
    TestSlave_obj1601                        0x20006d44   Data          32  testslave.o(.bss)
    TestSlave_obj1602                        0x20006d64   Data          16  testslave.o(.bss)
    EULER                                    0x20006d74   Data          12  testslave.o(.bss)
    NULL_OBJ                                 0x20006d80   Data          28  objectdictionary.o(.bss)
    __initial_sp                             0x200071a0   Data           0  startup_stm32f405xx.o(STACK)



==============================================================================

Memory Map of the image

  Image Entry point : 0x08000189

  Load Region LR_IROM1 (Base: 0x08000000, Size: 0x0000e6a4, Max: 0x00100000, ABSOLUTE, COMPRESSED[0x0000c05c])

    Execution Region ER_IROM1 (Base: 0x08000000, Size: 0x0000b7b4, Max: 0x00100000, ABSOLUTE)

    Base Addr    Size         Type   Attr      Idx    E Section Name        Object

    0x08000000   0x00000188   Data   RO            3    RESET               startup_stm32f405xx.o
    0x08000188   0x00000000   Code   RO         6356  * .ARM.Collect$$$$00000000  mc_w.l(entry.o)
    0x08000188   0x00000004   Code   RO         6701    .ARM.Collect$$$$00000001  mc_w.l(entry2.o)
    0x0800018c   0x00000004   Code   RO         6704    .ARM.Collect$$$$00000004  mc_w.l(entry5.o)
    0x08000190   0x00000000   Code   RO         6706    .ARM.Collect$$$$00000008  mc_w.l(entry7b.o)
    0x08000190   0x00000000   Code   RO         6708    .ARM.Collect$$$$0000000A  mc_w.l(entry8b.o)
    0x08000190   0x00000008   Code   RO         6709    .ARM.Collect$$$$0000000B  mc_w.l(entry9a.o)
    0x08000198   0x00000000   Code   RO         6711    .ARM.Collect$$$$0000000D  mc_w.l(entry10a.o)
    0x08000198   0x00000000   Code   RO         6713    .ARM.Collect$$$$0000000F  mc_w.l(entry11a.o)
    0x08000198   0x00000004   Code   RO         6702    .ARM.Collect$$$$00002712  mc_w.l(entry2.o)
    0x0800019c   0x000000ba   Code   RO         3110    .emb_text           port.o
    0x08000256   0x00000002   PAD
    0x08000258   0x00000024   Code   RO            4    .text               startup_stm32f405xx.o
    0x0800027c   0x00000062   Code   RO         6359    .text               mc_w.l(uldiv.o)
    0x080002de   0x00000028   Code   RO         6363    .text               mc_w.l(memcpy.o)
    0x08000306   0x00000024   Code   RO         6367    .text               mc_w.l(memseta.o)
    0x0800032a   0x0000001c   Code   RO         6369    .text               mc_w.l(strcmp.o)
    0x08000346   0x0000001a   Code   RO         6371    .text               mc_w.l(memcmp.o)
    0x08000360   0x0000014e   Code   RO         6638    .text               mf_w.l(dadd.o)
    0x080004ae   0x000000e4   Code   RO         6640    .text               mf_w.l(dmul.o)
    0x08000592   0x000000de   Code   RO         6642    .text               mf_w.l(ddiv.o)
    0x08000670   0x00000022   Code   RO         6644    .text               mf_w.l(dflti.o)
    0x08000692   0x00000026   Code   RO         6646    .text               mf_w.l(f2d.o)
    0x080006b8   0x00000038   Code   RO         6648    .text               mf_w.l(d2f.o)
    0x080006f0   0x0000001e   Code   RO         6720    .text               mc_w.l(llshl.o)
    0x0800070e   0x00000020   Code   RO         6722    .text               mc_w.l(llushr.o)
    0x0800072e   0x00000024   Code   RO         6724    .text               mc_w.l(llsshr.o)
    0x08000752   0x00000000   Code   RO         6733    .text               mc_w.l(iusefp.o)
    0x08000752   0x0000006e   Code   RO         6734    .text               mf_w.l(fepilogue.o)
    0x080007c0   0x000000ba   Code   RO         6736    .text               mf_w.l(depilogue.o)
    0x0800087a   0x00000002   PAD
    0x0800087c   0x00000024   Code   RO         6744    .text               mc_w.l(init.o)
    0x080008a0   0x000000a2   Code   RO         6748    .text               mf_w.l(dsqrt.o)
    0x08000942   0x00000056   Code   RO         6760    .text               mc_w.l(__dczerorl2.o)
    0x08000998   0x00000002   Code   RO          348    i.BusFault_Handler  stm32f4xx_it.o
    0x0800099a   0x00000002   PAD
    0x0800099c   0x0000000c   Code   RO          349    i.CAN1_RX0_IRQHandler  stm32f4xx_it.o
    0x080009a8   0x00000050   Code   RO         6295    i.CANopenSlaveInit  canopeninit.o
    0x080009f8   0x00000004   Code   RO         6296    i.CanopenInit       canopeninit.o
    0x080009fc   0x0000002c   Code   RO         5349    i.ConsumerHeartbeatAlarm  lifegrd.o
    0x08000a28   0x0000009e   Code   RO         5690    i.CopyBits          pdo.o
    0x08000ac6   0x00000002   Code   RO          350    i.DebugMon_Handler  stm32f4xx_it.o
    0x08000ac8   0x00000032   Code   RO         6214    i.DelAlarm          timer.o
    0x08000afa   0x00000002   PAD
    0x08000afc   0x00000058   Code   RO           13    i.FunctionCANopenUpdate  main.o
    0x08000b54   0x0000007c   Code   RO           14    i.FunctionIMUdata   main.o
    0x08000bd0   0x0000009c   Code   RO           15    i.FunctionUSARTTx   main.o
    0x08000c6c   0x00000074   Code   RO         5350    i.GuardTimeAlarm    lifegrd.o
    0x08000ce0   0x000000c8   Code   RO          532    i.HAL_CAN_AddTxMessage  stm32f4xx_hal_can.o
    0x08000da8   0x0000010c   Code   RO          533    i.HAL_CAN_ConfigFilter  stm32f4xx_hal_can.o
    0x08000eb4   0x00000002   Code   RO          536    i.HAL_CAN_ErrorCallback  stm32f4xx_hal_can.o
    0x08000eb6   0x000000fa   Code   RO          539    i.HAL_CAN_GetRxMessage  stm32f4xx_hal_can.o
    0x08000fb0   0x000001fc   Code   RO          543    i.HAL_CAN_IRQHandler  stm32f4xx_hal_can.o
    0x080011ac   0x0000011a   Code   RO          544    i.HAL_CAN_Init      stm32f4xx_hal_can.o
    0x080012c6   0x00000002   PAD
    0x080012c8   0x0000005c   Code   RO          431    i.HAL_CAN_MspInit   stm32f4xx_hal_msp.o
    0x08001324   0x00000002   Code   RO          551    i.HAL_CAN_RxFifo0FullCallback  stm32f4xx_hal_can.o
    0x08001326   0x00000004   Code   RO           16    i.HAL_CAN_RxFifo0MsgPendingCallback  main.o
    0x0800132a   0x00000002   Code   RO          553    i.HAL_CAN_RxFifo1FullCallback  stm32f4xx_hal_can.o
    0x0800132c   0x00000002   Code   RO          554    i.HAL_CAN_RxFifo1MsgPendingCallback  stm32f4xx_hal_can.o
    0x0800132e   0x00000002   Code   RO          555    i.HAL_CAN_SleepCallback  stm32f4xx_hal_can.o
    0x08001330   0x00000058   Code   RO          556    i.HAL_CAN_Start     stm32f4xx_hal_can.o
    0x08001388   0x00000002   Code   RO          558    i.HAL_CAN_TxMailbox0AbortCallback  stm32f4xx_hal_can.o
    0x0800138a   0x00000002   Code   RO          559    i.HAL_CAN_TxMailbox0CompleteCallback  stm32f4xx_hal_can.o
    0x0800138c   0x00000002   Code   RO          560    i.HAL_CAN_TxMailbox1AbortCallback  stm32f4xx_hal_can.o
    0x0800138e   0x00000002   Code   RO          561    i.HAL_CAN_TxMailbox1CompleteCallback  stm32f4xx_hal_can.o
    0x08001390   0x00000002   Code   RO          562    i.HAL_CAN_TxMailbox2AbortCallback  stm32f4xx_hal_can.o
    0x08001392   0x00000002   Code   RO          563    i.HAL_CAN_TxMailbox2CompleteCallback  stm32f4xx_hal_can.o
    0x08001394   0x00000002   Code   RO          565    i.HAL_CAN_WakeUpFromRxMsgCallback  stm32f4xx_hal_can.o
    0x08001396   0x00000002   PAD
    0x08001398   0x000001b0   Code   RO         2315    i.HAL_GPIO_Init     stm32f4xx_hal_gpio.o
    0x08001548   0x00000008   Code   RO         2318    i.HAL_GPIO_TogglePin  stm32f4xx_hal_gpio.o
    0x08001550   0x0000000a   Code   RO         2319    i.HAL_GPIO_WritePin  stm32f4xx_hal_gpio.o
    0x0800155a   0x00000002   PAD
    0x0800155c   0x0000000c   Code   RO         2847    i.HAL_GetTick       stm32f4xx_hal.o
    0x08001568   0x00000010   Code   RO         2851    i.HAL_IncTick       stm32f4xx_hal.o
    0x08001578   0x00000034   Code   RO         2852    i.HAL_Init          stm32f4xx_hal.o
    0x080015ac   0x00000074   Code   RO          490    i.HAL_InitTick      stm32f4xx_hal_timebase_tim.o
    0x08001620   0x00000084   Code   RO          432    i.HAL_MspInit       stm32f4xx_hal_msp.o
    0x080016a4   0x00000016   Code   RO         2704    i.HAL_NVIC_EnableIRQ  stm32f4xx_hal_cortex.o
    0x080016ba   0x00000002   PAD
    0x080016bc   0x00000040   Code   RO         2710    i.HAL_NVIC_SetPriority  stm32f4xx_hal_cortex.o
    0x080016fc   0x00000024   Code   RO         2711    i.HAL_NVIC_SetPriorityGrouping  stm32f4xx_hal_cortex.o
    0x08001720   0x00000130   Code   RO         1961    i.HAL_RCC_ClockConfig  stm32f4xx_hal_rcc.o
    0x08001850   0x00000040   Code   RO         1965    i.HAL_RCC_GetClockConfig  stm32f4xx_hal_rcc.o
    0x08001890   0x0000000c   Code   RO         1966    i.HAL_RCC_GetHCLKFreq  stm32f4xx_hal_rcc.o
    0x0800189c   0x00000020   Code   RO         1968    i.HAL_RCC_GetPCLK1Freq  stm32f4xx_hal_rcc.o
    0x080018bc   0x00000020   Code   RO         1969    i.HAL_RCC_GetPCLK2Freq  stm32f4xx_hal_rcc.o
    0x080018dc   0x00000060   Code   RO         1970    i.HAL_RCC_GetSysClockFreq  stm32f4xx_hal_rcc.o
    0x0800193c   0x0000031c   Code   RO         1973    i.HAL_RCC_OscConfig  stm32f4xx_hal_rcc.o
    0x08001c58   0x00000018   Code   RO         2713    i.HAL_SYSTICK_CLKSourceConfig  stm32f4xx_hal_cortex.o
    0x08001c70   0x00000028   Code   RO         2715    i.HAL_SYSTICK_Config  stm32f4xx_hal_cortex.o
    0x08001c98   0x00000002   Code   RO         1395    i.HAL_TIMEx_BreakCallback  stm32f4xx_hal_tim_ex.o
    0x08001c9a   0x00000002   Code   RO         1396    i.HAL_TIMEx_CommutationCallback  stm32f4xx_hal_tim_ex.o
    0x08001c9c   0x00000050   Code   RO         1412    i.HAL_TIMEx_MasterConfigSynchronization  stm32f4xx_hal_tim_ex.o
    0x08001cec   0x00000036   Code   RO          766    i.HAL_TIM_Base_Init  stm32f4xx_hal_tim.o
    0x08001d22   0x00000002   PAD
    0x08001d24   0x00000038   Code   RO          434    i.HAL_TIM_Base_MspInit  stm32f4xx_hal_msp.o
    0x08001d5c   0x00000018   Code   RO          771    i.HAL_TIM_Base_Start_IT  stm32f4xx_hal_tim.o
    0x08001d74   0x000000f2   Code   RO          775    i.HAL_TIM_ConfigClockSource  stm32f4xx_hal_tim.o
    0x08001e66   0x00000002   Code   RO          795    i.HAL_TIM_IC_CaptureCallback  stm32f4xx_hal_tim.o
    0x08001e68   0x00000166   Code   RO          808    i.HAL_TIM_IRQHandler  stm32f4xx_hal_tim.o
    0x08001fce   0x00000002   Code   RO          811    i.HAL_TIM_OC_DelayElapsedCallback  stm32f4xx_hal_tim.o
    0x08001fd0   0x00000002   Code   RO          838    i.HAL_TIM_PWM_PulseFinishedCallback  stm32f4xx_hal_tim.o
    0x08001fd2   0x00000002   PAD
    0x08001fd4   0x00000028   Code   RO           17    i.HAL_TIM_PeriodElapsedCallback  main.o
    0x08001ffc   0x00000002   Code   RO          849    i.HAL_TIM_TriggerCallback  stm32f4xx_hal_tim.o
    0x08001ffe   0x00000062   Code   RO         1659    i.HAL_UART_Init     stm32f4xx_hal_uart.o
    0x08002060   0x0000004c   Code   RO          436    i.HAL_UART_MspInit  stm32f4xx_hal_msp.o
    0x080020ac   0x000000ba   Code   RO         1667    i.HAL_UART_Transmit  stm32f4xx_hal_uart.o
    0x08002166   0x00000002   Code   RO          351    i.HardFault_Handler  stm32f4xx_it.o
    0x08002168   0x00000040   Code   RO         4184    i.IIC_Ack           iic.o
    0x080021a8   0x00000014   Code   RO         4185    i.IIC_Init          iic.o
    0x080021bc   0x00000040   Code   RO         4186    i.IIC_NAck          iic.o
    0x080021fc   0x00000068   Code   RO         4187    i.IIC_Read_Byte     iic.o
    0x08002264   0x00000060   Code   RO         4188    i.IIC_Send_Byte     iic.o
    0x080022c4   0x00000040   Code   RO         4189    i.IIC_Start         iic.o
    0x08002304   0x00000044   Code   RO         4190    i.IIC_Stop          iic.o
    0x08002348   0x00000054   Code   RO         4191    i.IIC_Wait_Ack      iic.o
    0x0800239c   0x00000032   Code   RO         4854    i.MPU_Get_Accelerometer  mpu9250.o
    0x080023ce   0x00000032   Code   RO         4855    i.MPU_Get_Gyroscope  mpu9250.o
    0x08002400   0x00000064   Code   RO         4856    i.MPU_Get_Temperature  mpu9250.o
    0x08002464   0x0000006c   Code   RO         4859    i.MPU_Read_Len      mpu9250.o
    0x080024d0   0x00000052   Code   RO         4861    i.MPU_Write_Len     mpu9250.o
    0x08002522   0x00000002   PAD
    0x08002524   0x00000064   Code   RO           18    i.MX_CAN1_Init      main.o
    0x08002588   0x000000a0   Code   RO           19    i.MX_GPIO_Init      main.o
    0x08002628   0x00000054   Code   RO           20    i.MX_TIM2_Init      main.o
    0x0800267c   0x00000002   Code   RO          352    i.MemManage_Handler  stm32f4xx_it.o
    0x0800267e   0x00000002   Code   RO          353    i.NMI_Handler       stm32f4xx_it.o
    0x08002680   0x00000020   Code   RO         2717    i.NVIC_SetPriority  stm32f4xx_hal_cortex.o
    0x080026a0   0x00000068   Code   RO         5586    i.OD_OI_Reg         objectdictionary.o
    0x08002708   0x00000074   Code   RO         5587    i.OI_Recursion_Add  objectdictionary.o
    0x0800277c   0x0000000a   Code   RO         6140    i.OnCOB_ID_SyncUpdate  sync.o
    0x08002786   0x00000012   Code   RO         5351    i.OnHeartbeatProducerUpdate  lifegrd.o
    0x08002798   0x00000012   Code   RO         5352    i.OnNodeGuardUpdate  lifegrd.o
    0x080027aa   0x00000002   PAD
    0x080027ac   0x00000028   Code   RO         5282    i.OnNumberOfErrorsUpdate  emcy.o
    0x080027d4   0x00000028   Code   RO         5691    i.PDOEventTimerAlarm  pdo.o
    0x080027fc   0x0000002a   Code   RO         5692    i.PDOInhibitTimerAlarm  pdo.o
    0x08002826   0x00000002   PAD
    0x08002828   0x000000a8   Code   RO         5693    i.PDOInit           pdo.o
    0x080028d0   0x000000a8   Code   RO         5694    i.PDOStop           pdo.o
    0x08002978   0x00000056   Code   RO         5353    i.ProducerHeartbeatAlarm  lifegrd.o
    0x080029ce   0x00000018   Code   RO         5538    i.RegisterSetODentryCallBack  objacces.o
    0x080029e6   0x00000002   PAD
    0x080029e8   0x000000fc   Code   RO         5795    i.SDOTimeoutAlarm   sdo.o
    0x08002ae4   0x00000034   Code   RO         5796    i.SDOlineToObjdict  sdo.o
    0x08002b18   0x0000003a   Code   RO         5797    i.SDOtoLine         sdo.o
    0x08002b52   0x00000002   PAD
    0x08002b54   0x00000098   Code   RO         6215    i.SetAlarm          timer.o
    0x08002bec   0x00000004   Code   RO         6141    i.SyncAlarm         sync.o
    0x08002bf0   0x0000000e   Code   RO          354    i.SysTick_Handler   stm32f4xx_it.o
    0x08002bfe   0x00000002   PAD
    0x08002c00   0x000000a0   Code   RO           21    i.SystemClock_Config  main.o
    0x08002ca0   0x00000054   Code   RO         3006    i.SystemInit        system_stm32f4xx.o
    0x08002cf4   0x0000000c   Code   RO          355    i.TIM1_UP_TIM10_IRQHandler  stm32f4xx_it.o
    0x08002d00   0x0000000c   Code   RO          356    i.TIM2_IRQHandler   stm32f4xx_it.o
    0x08002d0c   0x000000c0   Code   RO          850    i.TIM_Base_SetConfig  stm32f4xx_hal_tim.o
    0x08002dcc   0x00000014   Code   RO          857    i.TIM_ETR_SetConfig  stm32f4xx_hal_tim.o
    0x08002de0   0x00000010   Code   RO          858    i.TIM_ITRx_SetConfig  stm32f4xx_hal_tim.o
    0x08002df0   0x00000022   Code   RO          864    i.TIM_TI1_ConfigInputStage  stm32f4xx_hal_tim.o
    0x08002e12   0x00000024   Code   RO          866    i.TIM_TI2_ConfigInputStage  stm32f4xx_hal_tim.o
    0x08002e36   0x00000002   PAD
    0x08002e38   0x00000098   Code   RO         5695    i.TPDO_Communication_Parameter_Callback  pdo.o
    0x08002ed0   0x00000270   Code   RO         6028    i.TestSlave_initialisation  states.o
    0x08003140   0x00000014   Code   RO         4921    i.TestSlave_valueRangeTest  testslave.o
    0x08003154   0x000000b8   Code   RO         6216    i.TimeDispatch      timer.o
    0x0800320c   0x000002ac   Code   RO         1685    i.UART_SetConfig    stm32f4xx_hal_uart.o
    0x080034b8   0x00000064   Code   RO         1687    i.UART_WaitOnFlagUntilTimeout  stm32f4xx_hal_uart.o
    0x0800351c   0x00000002   Code   RO          357    i.UsageFault_Handler  stm32f4xx_it.o
    0x0800351e   0x00000002   Code   RO         5696    i._RxPDO_EventTimers_Handler  pdo.o
    0x08003520   0x00000030   Code   RO         6684    i.__ARM_fpclassify  m_wm.l(fpclassify.o)
    0x08003550   0x00000360   Code   RO         6330    i.__hardfp_asin     m_wm.l(asin.o)
    0x080038b0   0x000002d8   Code   RO         6650    i.__hardfp_atan     m_wm.l(atan.o)
    0x08003b88   0x000001f0   Code   RO         6344    i.__hardfp_atan2    m_wm.l(atan2.o)
    0x08003d78   0x000000f8   Code   RO         6686    i.__kernel_poly     m_wm.l(poly.o)
    0x08003e70   0x00000014   Code   RO         6665    i.__mathlib_dbl_infnan  m_wm.l(dunder.o)
    0x08003e84   0x00000014   Code   RO         6666    i.__mathlib_dbl_infnan2  m_wm.l(dunder.o)
    0x08003e98   0x00000020   Code   RO         6667    i.__mathlib_dbl_invalid  m_wm.l(dunder.o)
    0x08003eb8   0x00000020   Code   RO         6670    i.__mathlib_dbl_underflow  m_wm.l(dunder.o)
    0x08003ed8   0x0000000e   Code   RO         6754    i.__scatterload_copy  mc_w.l(handlers.o)
    0x08003ee6   0x00000002   Code   RO         6755    i.__scatterload_null  mc_w.l(handlers.o)
    0x08003ee8   0x0000000e   Code   RO         6756    i.__scatterload_zeroinit  mc_w.l(handlers.o)
    0x08003ef6   0x00000002   PAD
    0x08003ef8   0x0000000c   Code   RO         6728    i.__set_errno       mc_w.l(errno.o)
    0x08003f04   0x000000ac   Code   RO         5539    i._getODentry       objacces.o
    0x08003fb0   0x00000002   Code   RO         5354    i._heartbeatError   lifegrd.o
    0x08003fb2   0x00000002   Code   RO         5355    i._nodeguardError   lifegrd.o
    0x08003fb4   0x00000002   Code   RO         6029    i._operational      states.o
    0x08003fb6   0x00000002   Code   RO         5356    i._post_SlaveBootup  lifegrd.o
    0x08003fb8   0x00000002   Code   RO         5357    i._post_SlaveStateChange  lifegrd.o
    0x08003fba   0x00000002   Code   RO         6142    i._post_TPDO        sync.o
    0x08003fbc   0x00000002   Code   RO         5283    i._post_emcy        emcy.o
    0x08003fbe   0x00000002   Code   RO         6143    i._post_sync        sync.o
    0x08003fc0   0x00000010   Code   RO         6030    i._preOperational   states.o
    0x08003fd0   0x00000160   Code   RO         5697    i._sendPDOevent     pdo.o
    0x08004130   0x000000c0   Code   RO         5540    i._setODentry       objacces.o
    0x080041f0   0x00000002   Code   RO         6031    i._stopped          states.o
    0x080041f2   0x00000002   Code   RO         5541    i._storeODSubIndex  objacces.o
    0x080041f4   0x00000010   Code   RO         6652    i.atan              m_wm.l(atan.o)
    0x08004204   0x00000110   Code   RO         5698    i.buildPDO          pdo.o
    0x08004314   0x00000092   Code   RO         6032    i.canDispatch       states.o
    0x080043a6   0x00000002   PAD
    0x080043a8   0x00000054   Code   RO         5206    i.canReceive        can.o
    0x080043fc   0x00000080   Code   RO         5207    i.canSend           can.o
    0x0800447c   0x0000001c   Code   RO         6217    i.canTransmit       timer.o
    0x08004498   0x00000050   Code   RO         5588    i.data_length       objectdictionary.o
    0x080044e8   0x00000038   Code   RO         4118    i.delay_init        delay.o
    0x08004520   0x00000038   Code   RO         4119    i.delay_ms          delay.o
    0x08004558   0x00000034   Code   RO         4120    i.delay_us          delay.o
    0x0800458c   0x0000003a   Code   RO         4665    i.dmp_enable_6x_lp_quat  inv_mpu_dmp_motion_driver.o
    0x080045c6   0x00000002   PAD
    0x080045c8   0x000001d8   Code   RO         4666    i.dmp_enable_feature  inv_mpu_dmp_motion_driver.o
    0x080047a0   0x0000003c   Code   RO         4667    i.dmp_enable_gyro_cal  inv_mpu_dmp_motion_driver.o
    0x080047dc   0x0000003a   Code   RO         4668    i.dmp_enable_lp_quat  inv_mpu_dmp_motion_driver.o
    0x08004816   0x00000002   PAD
    0x08004818   0x00000014   Code   RO         4673    i.dmp_load_motion_driver_firmware  inv_mpu_dmp_motion_driver.o
    0x0800482c   0x00000148   Code   RO         4674    i.dmp_read_fifo     inv_mpu_dmp_motion_driver.o
    0x08004974   0x00000064   Code   RO         4678    i.dmp_set_fifo_rate  inv_mpu_dmp_motion_driver.o
    0x080049d8   0x0000010c   Code   RO         4681    i.dmp_set_orientation  inv_mpu_dmp_motion_driver.o
    0x08004ae4   0x00000030   Code   RO         4684    i.dmp_set_shake_reject_thresh  inv_mpu_dmp_motion_driver.o
    0x08004b14   0x00000020   Code   RO         4685    i.dmp_set_shake_reject_time  inv_mpu_dmp_motion_driver.o
    0x08004b34   0x00000020   Code   RO         4686    i.dmp_set_shake_reject_timeout  inv_mpu_dmp_motion_driver.o
    0x08004b54   0x00000040   Code   RO         4687    i.dmp_set_tap_axes  inv_mpu_dmp_motion_driver.o
    0x08004b94   0x00000022   Code   RO         4688    i.dmp_set_tap_count  inv_mpu_dmp_motion_driver.o
    0x08004bb6   0x00000002   PAD
    0x08004bb8   0x00000160   Code   RO         4689    i.dmp_set_tap_thresh  inv_mpu_dmp_motion_driver.o
    0x08004d18   0x00000020   Code   RO         4690    i.dmp_set_tap_time  inv_mpu_dmp_motion_driver.o
    0x08004d38   0x00000020   Code   RO         4691    i.dmp_set_tap_time_multi  inv_mpu_dmp_motion_driver.o
    0x08004d58   0x00000020   Code   RO         5284    i.emergencyInit     emcy.o
    0x08004d78   0x00000002   Code   RO         5285    i.emergencyStop     emcy.o
    0x08004d7a   0x00000018   Code   RO         6680    i.fabs              m_wm.l(fabs.o)
    0x08004d92   0x00000002   PAD
    0x08004d94   0x000000d8   Code   RO         5801    i.failedSDO         sdo.o
    0x08004e6c   0x000000b8   Code   RO         5589    i.find_object       objectdictionary.o
    0x08004f24   0x0000002c   Code   RO         6218    i.getElapsedTime    timer.o
    0x08004f50   0x00000006   Code   RO         6033    i.getNodeId         states.o
    0x08004f56   0x00000038   Code   RO         5803    i.getSDOfreeLine    sdo.o
    0x08004f8e   0x0000003e   Code   RO         5804    i.getSDOlineOnUse   sdo.o
    0x08004fcc   0x0000001a   Code   RO         5805    i.getSDOlineRestBytes  sdo.o
    0x08004fe6   0x00000002   PAD
    0x08004fe8   0x00000098   Code   RO         5359    i.heartbeatInit     lifegrd.o
    0x08005080   0x00000060   Code   RO         5360    i.heartbeatStop     lifegrd.o
    0x080050e0   0x0000004e   Code   RO         5590    i.index_Partition   objectdictionary.o
    0x0800512e   0x00000002   PAD
    0x08005130   0x000000a4   Code   RO         5808    i.initSDOline       sdo.o
    0x080051d4   0x00000022   Code   RO         4300    i.inv_orientation_matrix_to_scalar  inv_mpu.o
    0x080051f6   0x00000048   Code   RO         4301    i.inv_row_2_scale   inv_mpu.o
    0x0800523e   0x00000012   Code   RO         5361    i.lifeGuardInit     lifegrd.o
    0x08005250   0x00000012   Code   RO         5362    i.lifeGuardStop     lifegrd.o
    0x08005262   0x00000040   Code   RO         5809    i.lineToSDO         sdo.o
    0x080052a2   0x00000002   PAD
    0x080052a4   0x000000d8   Code   RO           23    i.main              main.o
    0x0800537c   0x0000000c   Code   RO         3742    i.makeFreeRtosPriority  cmsis_os.o
    0x08005388   0x0000001e   Code   RO         5470    i.masterSendNMTnodeguard  nmtmaster.o
    0x080053a6   0x00000022   Code   RO         5471    i.masterSendNMTstateChange  nmtmaster.o
    0x080053c8   0x00000002   Code   RO         4302    i.mget_ms           inv_mpu.o
    0x080053ca   0x00000050   Code   RO         4250    i.mpu9250_send_rawdata  usart.o
    0x0800541a   0x00000002   PAD
    0x0800541c   0x00000054   Code   RO         4303    i.mpu_configure_fifo  inv_mpu.o
    0x08005470   0x00000164   Code   RO         4304    i.mpu_dmp_get_data  inv_mpu.o
    0x080055d4   0x0000009c   Code   RO         4305    i.mpu_dmp_init      inv_mpu.o
    0x08005670   0x0000003c   Code   RO         4306    i.mpu_get_accel_fsr  inv_mpu.o
    0x080056ac   0x000000d4   Code   RO         4322    i.mpu_init          inv_mpu.o
    0x08005780   0x000000a0   Code   RO         4323    i.mpu_load_firmware  inv_mpu.o
    0x08005820   0x000000b8   Code   RO         4324    i.mpu_lp_accel_mode  inv_mpu.o
    0x080058d8   0x00000094   Code   RO         4330    i.mpu_read_fifo_stream  inv_mpu.o
    0x0800596c   0x00000054   Code   RO         4331    i.mpu_read_mem      inv_mpu.o
    0x080059c0   0x00000160   Code   RO         4334    i.mpu_reset_fifo    inv_mpu.o
    0x08005b20   0x00000068   Code   RO         4339    i.mpu_set_accel_fsr  inv_mpu.o
    0x08005b88   0x000000dc   Code   RO         4340    i.mpu_set_bypass    inv_mpu.o
    0x08005c64   0x00000078   Code   RO         4342    i.mpu_set_dmp_state  inv_mpu.o
    0x08005cdc   0x0000006c   Code   RO         4344    i.mpu_set_gyro_fsr  inv_mpu.o
    0x08005d48   0x00000064   Code   RO         4345    i.mpu_set_int_latched  inv_mpu.o
    0x08005dac   0x0000006c   Code   RO         4347    i.mpu_set_lpf       inv_mpu.o
    0x08005e18   0x00000080   Code   RO         4348    i.mpu_set_sample_rate  inv_mpu.o
    0x08005e98   0x000000b8   Code   RO         4349    i.mpu_set_sensors   inv_mpu.o
    0x08005f50   0x00000054   Code   RO         4350    i.mpu_write_mem     inv_mpu.o
    0x08005fa4   0x0000005e   Code   RO         5591    i.name_Partition    objectdictionary.o
    0x08006002   0x00000002   PAD
    0x08006004   0x00000084   Code   RO         5363    i.nodeguardInit     lifegrd.o
    0x08006088   0x00000028   Code   RO         5364    i.nodeguardStop     lifegrd.o
    0x080060b0   0x00000040   Code   RO         5810    i.objdictToSDOline  sdo.o
    0x080060f0   0x0000000e   Code   RO         3744    i.osDelay           cmsis_os.o
    0x080060fe   0x0000000a   Code   RO         3747    i.osKernelStart     cmsis_os.o
    0x08006108   0x00000008   Code   RO         3756    i.osMessageCreate   cmsis_os.o
    0x08006110   0x00000014   Code   RO         3780    i.osSystickHandler  cmsis_os.o
    0x08006124   0x0000002e   Code   RO         3781    i.osThreadCreate    cmsis_os.o
    0x08006152   0x00000022   Code   RO         5286    i.proceedEMCY       emcy.o
    0x08006174   0x00000096   Code   RO         5505    i.proceedNMTstateChange  nmtslave.o
    0x0800620a   0x00000002   PAD
    0x0800620c   0x00000114   Code   RO         5365    i.proceedNODE_GUARD  lifegrd.o
    0x08006320   0x000002d8   Code   RO         5699    i.proceedPDO        pdo.o
    0x080065f8   0x00001718   Code   RO         5811    i.proceedSDO        sdo.o
    0x08007d10   0x00000028   Code   RO         6144    i.proceedSYNC       sync.o
    0x08007d38   0x00000070   Code   RO         3453    i.prvAddCurrentTaskToDelayedList  tasks.o
    0x08007da8   0x000000d0   Code   RO         3454    i.prvAddNewTaskToReadyList  tasks.o
    0x08007e78   0x00000050   Code   RO         3455    i.prvCheckTasksWaitingTermination  tasks.o
    0x08007ec8   0x00000026   Code   RO         3313    i.prvCopyDataFromQueue  queue.o
    0x08007eee   0x0000006c   Code   RO         3314    i.prvCopyDataToQueue  queue.o
    0x08007f5a   0x00000014   Code   RO         3456    i.prvDeleteTCB      tasks.o
    0x08007f6e   0x00000002   PAD
    0x08007f70   0x0000004c   Code   RO         3040    i.prvHeapInit       heap_4.o
    0x08007fbc   0x00000028   Code   RO         3457    i.prvIdleTask       tasks.o
    0x08007fe4   0x0000008e   Code   RO         3458    i.prvInitialiseNewTask  tasks.o
    0x08008072   0x00000002   PAD
    0x08008074   0x0000004c   Code   RO         3041    i.prvInsertBlockIntoFreeList  heap_4.o
    0x080080c0   0x0000001c   Code   RO         3315    i.prvIsQueueEmpty   queue.o
    0x080080dc   0x00000020   Code   RO         3459    i.prvResetNextTaskUnblockTime  tasks.o
    0x080080fc   0x00000028   Code   RO         3111    i.prvTaskExitError  port.o
    0x08008124   0x0000006a   Code   RO         3316    i.prvUnlockQueue    queue.o
    0x0800818e   0x00000002   PAD
    0x08008190   0x000000d8   Code   RO         3042    i.pvPortMalloc      heap_4.o
    0x08008268   0x00000018   Code   RO         3461    i.pvTaskIncrementMutexHeldCount  tasks.o
    0x08008280   0x0000002c   Code   RO         3112    i.pxPortInitialiseStack  port.o
    0x080082ac   0x00000018   Code   RO         5815    i.resetSDO          sdo.o
    0x080082c4   0x0000003a   Code   RO         5816    i.resetSDOline      sdo.o
    0x080082fe   0x00000002   PAD
    0x08008300   0x0000016c   Code   RO         5700    i.sendOnePDOevent   pdo.o
    0x0800846c   0x00000042   Code   RO         5703    i.sendPdo           pdo.o
    0x080084ae   0x00000002   PAD
    0x080084b0   0x000000c0   Code   RO         5817    i.sendSDO           sdo.o
    0x08008570   0x00000038   Code   RO         5818    i.sendSDOabort      sdo.o
    0x080085a8   0x00000022   Code   RO         6145    i.sendSYNC          sync.o
    0x080085ca   0x00000002   PAD
    0x080085cc   0x00000040   Code   RO         6146    i.sendSYNCMessage   sync.o
    0x0800860c   0x000001c4   Code   RO         6035    i.setNodeId         states.o
    0x080087d0   0x0000001a   Code   RO         5819    i.setSDOlineRestBytes  sdo.o
    0x080087ea   0x00000002   PAD
    0x080087ec   0x000000ac   Code   RO         6036    i.setState          states.o
    0x08008898   0x00000018   Code   RO         6219    i.setTimer          timer.o
    0x080088b0   0x00000058   Code   RO         4352    i.set_int_enable    inv_mpu.o
    0x08008908   0x00000026   Code   RO         5506    i.slaveSendBootUp   nmtslave.o
    0x0800892e   0x00000026   Code   RO         5592    i.sort_by_index     objectdictionary.o
    0x08008954   0x0000002a   Code   RO         5593    i.sort_by_name      objectdictionary.o
    0x0800897e   0x0000006e   Code   RO         6691    i.sqrt              m_wm.l(sqrt.o)
    0x080089ec   0x00000068   Code   RO         6147    i.startSYNC         sync.o
    0x08008a54   0x00000040   Code   RO         6148    i.stopSYNC          sync.o
    0x08008a94   0x00000014   Code   RO         5594    i.swap              objectdictionary.o
    0x08008aa8   0x000000ea   Code   RO         6037    i.switchCommunicationState  states.o
    0x08008b92   0x00000060   Code   RO         4251    i.usart1_niming_report  usart.o
    0x08008bf2   0x00000088   Code   RO         4252    i.usart1_report_imu  usart.o
    0x08008c7a   0x00000002   PAD
    0x08008c7c   0x00000024   Code   RO         4253    i.usart1_send_char  usart.o
    0x08008ca0   0x00000024   Code   RO         3276    i.uxListRemove      list.o
    0x08008cc4   0x00000016   Code   RO         3277    i.vListInitialise   list.o
    0x08008cda   0x00000006   Code   RO         3278    i.vListInitialiseItem  list.o
    0x08008ce0   0x00000030   Code   RO         3279    i.vListInsert       list.o
    0x08008d10   0x00000018   Code   RO         3280    i.vListInsertEnd    list.o
    0x08008d28   0x00000040   Code   RO         3114    i.vPortEnterCritical  port.o
    0x08008d68   0x00000028   Code   RO         3115    i.vPortExitCritical  port.o
    0x08008d90   0x0000005c   Code   RO         3043    i.vPortFree         heap_4.o
    0x08008dec   0x00000020   Code   RO         3116    i.vPortSetupTimerInterrupt  port.o
    0x08008e0c   0x0000004c   Code   RO         3467    i.vTaskDelay        tasks.o
    0x08008e58   0x0000000c   Code   RO         3470    i.vTaskMissedYield  tasks.o
    0x08008e64   0x00000030   Code   RO         3472    i.vTaskPlaceOnEventList  tasks.o
    0x08008e94   0x00000084   Code   RO         3474    i.vTaskPriorityInherit  tasks.o
    0x08008f18   0x00000024   Code   RO         3477    i.vTaskSetTimeOutState  tasks.o
    0x08008f3c   0x00000068   Code   RO         3478    i.vTaskStartScheduler  tasks.o
    0x08008fa4   0x00000010   Code   RO         3480    i.vTaskSuspendAll   tasks.o
    0x08008fb4   0x0000005c   Code   RO         3481    i.vTaskSwitchContext  tasks.o
    0x08009010   0x000000e0   Code   RO         3118    i.xPortStartScheduler  port.o
    0x080090f0   0x0000002c   Code   RO         3119    i.xPortSysTickHandler  port.o
    0x0800911c   0x00000048   Code   RO         3324    i.xQueueGenericCreate  queue.o
    0x08009164   0x0000016c   Code   RO         3325    i.xQueueGenericReceive  queue.o
    0x080092d0   0x00000088   Code   RO         3326    i.xQueueGenericReset  queue.o
    0x08009358   0x00000160   Code   RO         3327    i.xQueueGenericSend  queue.o
    0x080094b8   0x0000006c   Code   RO         3482    i.xTaskCheckForTimeOut  tasks.o
    0x08009524   0x00000056   Code   RO         3483    i.xTaskCreate       tasks.o
    0x0800957a   0x00000002   PAD
    0x0800957c   0x0000001c   Code   RO         3487    i.xTaskGetSchedulerState  tasks.o
    0x08009598   0x000000c8   Code   RO         3490    i.xTaskIncrementTick  tasks.o
    0x08009660   0x00000098   Code   RO         3493    i.xTaskPriorityDisinherit  tasks.o
    0x080096f8   0x00000074   Code   RO         3494    i.xTaskRemoveFromEventList  tasks.o
    0x0800976c   0x000000c4   Code   RO         3496    i.xTaskResumeAll    tasks.o
    0x08009830   0x0000004c   Data   RO           25    .constdata          main.o
    0x0800987c   0x00000010   Data   RO         3007    .constdata          system_stm32f4xx.o
    0x0800988c   0x00000008   Data   RO         3008    .constdata          system_stm32f4xx.o
    0x08009894   0x0000001e   Data   RO         4353    .constdata          inv_mpu.o
    0x080098b2   0x0000000c   Data   RO         4354    .constdata          inv_mpu.o
    0x080098be   0x00000002   PAD
    0x080098c0   0x00000030   Data   RO         4355    .constdata          inv_mpu.o
    0x080098f0   0x00000bf6   Data   RO         4693    .constdata          inv_mpu_dmp_motion_driver.o
    0x0800a4e6   0x00000002   PAD
    0x0800a4e8   0x00000040   Data   RO         6038    .constdata          states.o
    0x0800a528   0x00000050   Data   RO         6333    .constdata          m_wm.l(asin.o)
    0x0800a578   0x00000098   Data   RO         6653    .constdata          m_wm.l(atan.o)
    0x0800a610   0x00000008   Data   RO         6688    .constdata          m_wm.l(qnan.o)
    0x0800a618   0x0000002c   Data   RO           26    .conststring        main.o
    0x0800a644   0x00000117   Data   RO         4942    .conststring        testslave.o
    0x0800a75b   0x00000001   PAD
    0x0800a75c   0x000000f5   Data   RO         4948    .conststring        testslave.o
    0x0800a851   0x00000003   PAD
    0x0800a854   0x0000010b   Data   RO         4950    .conststring        testslave.o
    0x0800a95f   0x00000001   PAD
    0x0800a960   0x000000d8   Data   RO         4953    .conststring        testslave.o
    0x0800aa38   0x00000073   Data   RO         4956    .conststring        testslave.o
    0x0800aaab   0x00000001   PAD
    0x0800aaac   0x000000a6   Data   RO         4958    .conststring        testslave.o
    0x0800ab52   0x00000002   PAD
    0x0800ab54   0x00000076   Data   RO         4960    .conststring        testslave.o
    0x0800abca   0x00000002   PAD
    0x0800abcc   0x000000d9   Data   RO         4962    .conststring        testslave.o
    0x0800aca5   0x00000003   PAD
    0x0800aca8   0x00000086   Data   RO         4964    .conststring        testslave.o
    0x0800ad2e   0x00000002   PAD
    0x0800ad30   0x00000086   Data   RO         4966    .conststring        testslave.o
    0x0800adb6   0x00000002   PAD
    0x0800adb8   0x00000086   Data   RO         4968    .conststring        testslave.o
    0x0800ae3e   0x00000002   PAD
    0x0800ae40   0x00000086   Data   RO         4970    .conststring        testslave.o
    0x0800aec6   0x00000002   PAD
    0x0800aec8   0x000000b3   Data   RO         4972    .conststring        testslave.o
    0x0800af7b   0x00000001   PAD
    0x0800af7c   0x000000ab   Data   RO         4974    .conststring        testslave.o
    0x0800b027   0x00000001   PAD
    0x0800b028   0x00000053   Data   RO         4976    .conststring        testslave.o
    0x0800b07b   0x00000001   PAD
    0x0800b07c   0x0000003b   Data   RO         4978    .conststring        testslave.o
    0x0800b0b7   0x00000001   PAD
    0x0800b0b8   0x00000023   Data   RO         4980    .conststring        testslave.o
    0x0800b0db   0x00000001   PAD
    0x0800b0dc   0x00000086   Data   RO         4982    .conststring        testslave.o
    0x0800b162   0x00000002   PAD
    0x0800b164   0x00000033   Data   RO         4984    .conststring        testslave.o
    0x0800b197   0x00000001   PAD
    0x0800b198   0x0000006e   Data   RO         4986    .conststring        testslave.o
    0x0800b206   0x00000002   PAD
    0x0800b208   0x00000037   Data   RO         4988    .conststring        testslave.o
    0x0800b23f   0x00000001   PAD
    0x0800b240   0x000001be   Data   RO         4990    .conststring        testslave.o
    0x0800b3fe   0x00000002   PAD
    0x0800b400   0x0000003b   Data   RO         4995    .conststring        testslave.o
    0x0800b43b   0x00000001   PAD
    0x0800b43c   0x00000356   Data   RO         4996    .conststring        testslave.o
    0x0800b792   0x00000002   PAD
    0x0800b794   0x00000020   Data   RO         6752    Region$$Table       anon$$obj.o


    Execution Region RW_IRAM1 (Base: 0x20000000, Size: 0x000071a0, Max: 0x00020000, ABSOLUTE, COMPRESSED[0x000008a8])

    Base Addr    Size         Type   Attr      Idx    E Section Name        Object

    0x20000000   0x00000014   Data   RW           27    .data               main.o
    0x20000014   0x0000000c   Data   RW         2859    .data               stm32f4xx_hal.o
    0x20000020   0x00000004   Data   RW         3009    .data               system_stm32f4xx.o
    0x20000024   0x00000018   Data   RW         3048    .data               heap_4.o
    0x2000003c   0x0000000c   Data   RW         3120    .data               port.o
    0x20000048   0x0000003c   Data   RW         3499    .data               tasks.o
    0x20000084   0x00000008   Data   RW         4122    .data               delay.o
    0x2000008c   0x00000039   Data   RW         4357    .data               inv_mpu.o
    0x200000c5   0x00000001   PAD
    0x200000c6   0x00000002   Data   RW         5010    .data               testslave.o
    0x200000c8   0x00000002   Data   RW         5011    .data               testslave.o
    0x200000ca   0x00000008   Data   RW         5012    .data               testslave.o
    0x200000d2   0x00000002   PAD
    0x200000d4   0x00000004   Data   RW         5013    .data               testslave.o
    0x200000d8   0x00000001   Data   RW         5015    .data               testslave.o
    0x200000d9   0x00000001   Data   RW         5017    .data               testslave.o
    0x200000da   0x00000002   PAD
    0x200000dc   0x000000fc   Data   RW         5020    .data               testslave.o
    0x200001d8   0x00000004   Data   RW         5021    .data               testslave.o
    0x200001dc   0x00000004   Data   RW         5024    .data               testslave.o
    0x200001e0   0x00000002   Data   RW         5027    .data               testslave.o
    0x200001e2   0x00000001   Data   RW         5030    .data               testslave.o
    0x200001e3   0x00000001   Data   RW         5033    .data               testslave.o
    0x200001e4   0x000000a8   Data   RW         5035    .data               testslave.o
    0x2000028c   0x00000001   Data   RW         5036    .data               testslave.o
    0x2000028d   0x00000003   PAD
    0x20000290   0x000000a8   Data   RW         5038    .data               testslave.o
    0x20000338   0x00000004   Data   RW         5039    .data               testslave.o
    0x2000033c   0x00000001   Data   RW         5041    .data               testslave.o
    0x2000033d   0x00000003   PAD
    0x20000340   0x0000008c   Data   RW         5043    .data               testslave.o
    0x200003cc   0x00000002   Data   RW         5044    .data               testslave.o
    0x200003ce   0x00000001   Data   RW         5047    .data               testslave.o
    0x200003cf   0x00000001   PAD
    0x200003d0   0x0000008c   Data   RW         5049    .data               testslave.o
    0x2000045c   0x00000001   Data   RW         5050    .data               testslave.o
    0x2000045d   0x00000003   PAD
    0x20000460   0x0000000c   Data   RW         5051    .data               testslave.o
    0x2000046c   0x00000070   Data   RW         5053    .data               testslave.o
    0x200004dc   0x00000001   Data   RW         5054    .data               testslave.o
    0x200004dd   0x00000003   PAD
    0x200004e0   0x0000000c   Data   RW         5055    .data               testslave.o
    0x200004ec   0x00000070   Data   RW         5057    .data               testslave.o
    0x2000055c   0x00000001   Data   RW         5058    .data               testslave.o
    0x2000055d   0x00000003   PAD
    0x20000560   0x00000014   Data   RW         5059    .data               testslave.o
    0x20000574   0x000000a8   Data   RW         5061    .data               testslave.o
    0x2000061c   0x00000001   Data   RW         5062    .data               testslave.o
    0x2000061d   0x00000003   PAD
    0x20000620   0x00000014   Data   RW         5063    .data               testslave.o
    0x20000634   0x000000a8   Data   RW         5065    .data               testslave.o
    0x200006dc   0x00000001   Data   RW         5066    .data               testslave.o
    0x200006dd   0x00000003   PAD
    0x200006e0   0x00000014   Data   RW         5067    .data               testslave.o
    0x200006f4   0x000000a8   Data   RW         5069    .data               testslave.o
    0x2000079c   0x00000001   Data   RW         5070    .data               testslave.o
    0x2000079d   0x00000003   PAD
    0x200007a0   0x00000014   Data   RW         5071    .data               testslave.o
    0x200007b4   0x000000a8   Data   RW         5073    .data               testslave.o
    0x2000085c   0x00000001   Data   RW         5074    .data               testslave.o
    0x2000085d   0x00000003   PAD
    0x20000860   0x00000014   Data   RW         5075    .data               testslave.o
    0x20000874   0x000000a8   Data   RW         5077    .data               testslave.o
    0x2000091c   0x00000001   Data   RW         5078    .data               testslave.o
    0x2000091d   0x00000003   PAD
    0x20000920   0x0000008c   Data   RW         5080    .data               testslave.o
    0x200009ac   0x00000001   Data   RW         5081    .data               testslave.o
    0x200009ad   0x00000003   PAD
    0x200009b0   0x000000fc   Data   RW         5083    .data               testslave.o
    0x20000aac   0x00000001   Data   RW         5084    .data               testslave.o
    0x20000aad   0x00000003   PAD
    0x20000ab0   0x0000008c   Data   RW         5086    .data               testslave.o
    0x20000b3c   0x00000001   Data   RW         5087    .data               testslave.o
    0x20000b3d   0x00000003   PAD
    0x20000b40   0x00000004   Data   RW         5088    .data               testslave.o
    0x20000b44   0x00000038   Data   RW         5090    .data               testslave.o
    0x20000b7c   0x00000001   Data   RW         5091    .data               testslave.o
    0x20000b7d   0x00000003   PAD
    0x20000b80   0x00000004   Data   RW         5092    .data               testslave.o
    0x20000b84   0x00000038   Data   RW         5094    .data               testslave.o
    0x20000bbc   0x00000001   Data   RW         5095    .data               testslave.o
    0x20000bbd   0x00000003   PAD
    0x20000bc0   0x00000014   Data   RW         5096    .data               testslave.o
    0x20000bd4   0x000000a8   Data   RW         5098    .data               testslave.o
    0x20000c7c   0x00000001   Data   RW         5099    .data               testslave.o
    0x20000c7d   0x00000003   PAD
    0x20000c80   0x00000008   Data   RW         5100    .data               testslave.o
    0x20000c88   0x00000054   Data   RW         5102    .data               testslave.o
    0x20000cdc   0x00000038   Data   RW         5104    .data               testslave.o
    0x20000d14   0x00000004   Data   RW         5105    .data               testslave.o
    0x20000d18   0x00000004   Data   RW         5106    .data               testslave.o
    0x20000d1c   0x00000038   Data   RW         5108    .data               testslave.o
    0x20000d54   0x00000004   Data   RW         5109    .data               testslave.o
    0x20000d58   0x00000004   Data   RW         5110    .data               testslave.o
    0x20000d5c   0x00000004   Data   RW         5111    .data               testslave.o
    0x20000d60   0x00000004   Data   RW         5112    .data               testslave.o
    0x20000d64   0x00000004   Data   RW         5113    .data               testslave.o
    0x20000d68   0x00000004   Data   RW         5114    .data               testslave.o
    0x20000d6c   0x00000004   Data   RW         5115    .data               testslave.o
    0x20000d70   0x00000004   Data   RW         5116    .data               testslave.o
    0x20000d74   0x000000e0   Data   RW         5118    .data               testslave.o
    0x20000e54   0x0000001c   Data   RW         5119    .data               testslave.o
    0x20000e70   0x00000004   Data   RW         5120    .data               testslave.o
    0x20000e74   0x0000001c   Data   RW         5122    .data               testslave.o
    0x20000e90   0x00000024   Data   RW         5124    .data               testslave.o
    0x20000eb4   0x00000004   Data   RW         5125    .data               testslave.o
    0x20000eb8   0x00000054   Data   RW         5128    .data               testslave.o
    0x20000f0c   0x000003b8   Data   RW         5129    .data               testslave.o
    0x200012c4   0x0000005a   Data   RW         5130    .data               testslave.o
    0x2000131e   0x00000002   Data   RW         5131    .data               testslave.o
    0x20001320   0x00001b98   Data   RW         5132    .data               testslave.o
    0x20002eb8   0x00000004   Data   RW         5133    .data               testslave.o
    0x20002ebc   0x00000004   Data   RW         5134    .data               testslave.o
    0x20002ec0   0x00000008   Data   RW         5209    .data               can.o
    0x20002ec8   0x00000004   Data   RW         5596    .data               objectdictionary.o
    0x20002ecc   0x00000004   Data   RW         5704    .data               pdo.o
    0x20002ed0   0x00000008   Data   RW         5823    .data               sdo.o
    0x20002ed8   0x0000000c   Data   RW         6039    .data               states.o
    0x20002ee4   0x00000008   Data   RW         6149    .data               sync.o
    0x20002eec   0x00000004   Data   RW         6729    .data               mc_w.l(errno.o)
    0x20002ef0   0x000000a4   Zero   RW           24    .bss                main.o
    0x20002f94   0x0000003c   Zero   RW          493    .bss                stm32f4xx_hal_timebase_tim.o
    0x20002fd0   0x00003c00   Zero   RW         3047    .bss                heap_4.o
    0x20006bd0   0x000000f0   Zero   RW         3498    .bss                tasks.o
    0x20006cc0   0x00000010   Zero   RW         4692    .bss                inv_mpu_dmp_motion_driver.o
    0x20006cd0   0x00000020   Zero   RW         4922    .bss                testslave.o
    0x20006cf0   0x00000010   Zero   RW         4923    .bss                testslave.o
    0x20006d00   0x00000014   Zero   RW         4925    .bss                testslave.o
    0x20006d14   0x00000010   Zero   RW         4927    .bss                testslave.o
    0x20006d24   0x00000010   Zero   RW         4928    .bss                testslave.o
    0x20006d34   0x00000010   Zero   RW         4934    .bss                testslave.o
    0x20006d44   0x00000020   Zero   RW         4935    .bss                testslave.o
    0x20006d64   0x00000010   Zero   RW         4936    .bss                testslave.o
    0x20006d74   0x0000000c   Zero   RW         4938    .bss                testslave.o
    0x20006d80   0x0000001c   Zero   RW         5595    .bss                objectdictionary.o
    0x20006d9c   0x00000004   PAD
    0x20006da0   0x00000400   Zero   RW            1    STACK               startup_stm32f405xx.o


==============================================================================

Image component sizes


      Code (inc. data)   RO Data    RW Data    ZI Data      Debug   Object Name

       212         16          0          8          0      15787   can.o
        84          8          0          0          0       1117   canopeninit.o
       110          0          0          0          0      13746   cmsis_os.o
       164         14          0          8          0       1915   delay.o
       110         10          0          0          0       2976   emcy.o
         0          0          0          0          0       7992   event_groups.o
       460         24          0         24      15360       8675   heap_4.o
       564         68          0          0          0       4474   iic.o
      3148        110         90         57          0      22152   inv_mpu.o
      1990        120       3062          0         16      18237   inv_mpu_dmp_motion_driver.o
      1022         50          0          0          0      10692   lifegrd.o
       136          0          0          0          0       3426   list.o
      1132         98        120         20        164     670980   main.o
       390         22          0          0          0       4157   mpu9250.o
        64          0          0          0          0       1780   nmtmaster.o
       188          0          0          0          0       1498   nmtslave.o
       390         24          0          0          0       4344   objacces.o
       756         32          0          4         28      21360   objectdictionary.o
      2512         84          0          4          0      11855   pdo.o
       674         74          0         12          0      10824   port.o
      1204         14          0          0          0      10558   queue.o
      7282        128          0          8          0      33564   sdo.o
        36          8        392          0       1024        816   startup_stm32f405xx.o
      1654         72         64         12          0      21933   states.o
        80         14          0         12          0       3158   stm32f4xx_hal.o
      1620          6          0          0          0      12912   stm32f4xx_hal_can.o
       218         14          0          0          0      30901   stm32f4xx_hal_cortex.o
       450         44          0          0          0       2957   stm32f4xx_hal_gpio.o
       356         36          0          0          0       2790   stm32f4xx_hal_msp.o
      1336         92          0          0          0       6137   stm32f4xx_hal_rcc.o
       984         44          0          0          0       9591   stm32f4xx_hal_tim.o
        84          0          0          0          0       2334   stm32f4xx_hal_tim_ex.o
       116         16          0          0         60       1392   stm32f4xx_hal_timebase_tim.o
      1068          8          0          0          0       4036   stm32f4xx_hal_uart.o
        62         18          0          0          0       4426   stm32f4xx_it.o
       324         32          0          8          0       5779   sync.o
        84         18         24          4          0       1099   system_stm32f4xx.o
      2060        172          0         60        240      21905   tasks.o
        20          4       4395      11717        176      27020   testslave.o
       482          8          0          0          0       4885   timer.o
       348          6          0          0          0       3029   usart.o

    ----------------------------------------------------------------------
     34044       1508       8220      12012      17072    1049209   Object Totals
         0          0         32          0          0          0   (incl. Generated)
        70          0         41         54          4          0   (incl. Padding)

    ----------------------------------------------------------------------

      Code (inc. data)   RO Data    RW Data    ZI Data      Debug   Library Member Name

       864         94         80          0          0        280   asin.o
       744        106        152          0          0        352   atan.o
       496         64          0          0          0        192   atan2.o
       104         16          0          0          0        496   dunder.o
        24          0          0          0          0        124   fabs.o
        48          0          0          0          0        124   fpclassify.o
       248          0          0          0          0        152   poly.o
         0          0          8          0          0          0   qnan.o
       110          0          0          0          0        148   sqrt.o
        86          0          0          0          0          0   __dczerorl2.o
         0          0          0          0          0          0   entry.o
         0          0          0          0          0          0   entry10a.o
         0          0          0          0          0          0   entry11a.o
         8          4          0          0          0          0   entry2.o
         4          0          0          0          0          0   entry5.o
         0          0          0          0          0          0   entry7b.o
         0          0          0          0          0          0   entry8b.o
         8          4          0          0          0          0   entry9a.o
        12          6          0          4          0         68   errno.o
        30          0          0          0          0          0   handlers.o
        36          8          0          0          0         68   init.o
         0          0          0          0          0          0   iusefp.o
        30          0          0          0          0         68   llshl.o
        36          0          0          0          0         68   llsshr.o
        32          0          0          0          0         68   llushr.o
        26          0          0          0          0         80   memcmp.o
        40          0          0          0          0         76   memcpy.o
        36          0          0          0          0        108   memseta.o
        28          0          0          0          0         76   strcmp.o
        98          0          0          0          0         92   uldiv.o
        56          0          0          0          0         88   d2f.o
       334          0          0          0          0        148   dadd.o
       222          0          0          0          0        100   ddiv.o
       186          0          0          0          0        176   depilogue.o
        34          0          0          0          0         76   dflti.o
       228          0          0          0          0         96   dmul.o
       162          0          0          0          0        100   dsqrt.o
        38          0          0          0          0         68   f2d.o
       110          0          0          0          0        168   fepilogue.o

    ----------------------------------------------------------------------
      4524        302        240          4          0       3660   Library Totals
         6          0          0          0          0          0   (incl. Padding)

    ----------------------------------------------------------------------

      Code (inc. data)   RO Data    RW Data    ZI Data      Debug   Library Name

      2638        280        240          0          0       1868   m_wm.l
       510         22          0          4          0        772   mc_w.l
      1370          0          0          0          0       1020   mf_w.l

    ----------------------------------------------------------------------
      4524        302        240          4          0       3660   Library Totals

    ----------------------------------------------------------------------

==============================================================================


      Code (inc. data)   RO Data    RW Data    ZI Data      Debug   

     38568       1810       8460      12016      17072    1022721   Grand Totals
     38568       1810       8460       2216      17072    1022721   ELF Image Totals (compressed)
     38568       1810       8460       2216          0          0   ROM Totals

==============================================================================

    Total RO  Size (Code + RO Data)                47028 (  45.93kB)
    Total RW  Size (RW Data + ZI Data)             29088 (  28.41kB)
    Total ROM Size (Code + RO Data + RW Data)      49244 (  48.09kB)

==============================================================================

